Archive member included to satisfy reference by file (symbol)

/home/scott/Documents/Programs/netbsd-on-linux/system-src/user/libc/build/elf/rtld-libc.a(rtld-check_fds.os)
                              /home/scott/Documents/Programs/netbsd-on-linux/system-src/user/libc/build/elf/dl-allobjs.os (__libc_check_standard_fds)
/home/scott/Documents/Programs/netbsd-on-linux/system-src/user/libc/build/elf/rtld-libc.a(rtld-errno.os)
                              /home/scott/Documents/Programs/netbsd-on-linux/system-src/user/libc/build/elf/dl-allobjs.os (rtld_errno)
/home/scott/Documents/Programs/netbsd-on-linux/system-src/user/libc/build/elf/rtld-libc.a(rtld-closedir.os)
                              /home/scott/Documents/Programs/netbsd-on-linux/system-src/user/libc/build/elf/dl-allobjs.os (__closedir)
/home/scott/Documents/Programs/netbsd-on-linux/system-src/user/libc/build/elf/rtld-libc.a(rtld-rewinddir.os)
                              /home/scott/Documents/Programs/netbsd-on-linux/system-src/user/libc/build/elf/dl-allobjs.os (__rewinddir)
/home/scott/Documents/Programs/netbsd-on-linux/system-src/user/libc/build/elf/rtld-libc.a(rtld-readdir64.os)
                              /home/scott/Documents/Programs/netbsd-on-linux/system-src/user/libc/build/elf/dl-allobjs.os (__readdir64)
/home/scott/Documents/Programs/netbsd-on-linux/system-src/user/libc/build/elf/rtld-libc.a(rtld-fdopendir.os)
                              /home/scott/Documents/Programs/netbsd-on-linux/system-src/user/libc/build/elf/dl-allobjs.os (__fdopendir)
/home/scott/Documents/Programs/netbsd-on-linux/system-src/user/libc/build/elf/rtld-libc.a(rtld-getdents64.os)
                              /home/scott/Documents/Programs/netbsd-on-linux/system-src/user/libc/build/elf/rtld-libc.a(rtld-readdir64.os) (__getdents64)
/home/scott/Documents/Programs/netbsd-on-linux/system-src/user/libc/build/elf/rtld-libc.a(rtld-dl-addr-obj.os)
                              /home/scott/Documents/Programs/netbsd-on-linux/system-src/user/libc/build/elf/dl-allobjs.os (_dl_addr_inside_object)
/home/scott/Documents/Programs/netbsd-on-linux/system-src/user/libc/build/elf/rtld-libc.a(rtld-profil.os)
                              /home/scott/Documents/Programs/netbsd-on-linux/system-src/user/libc/build/elf/dl-allobjs.os (__profil)
/home/scott/Documents/Programs/netbsd-on-linux/system-src/user/libc/build/elf/rtld-libc.a(rtld-prof-freq.os)
                              /home/scott/Documents/Programs/netbsd-on-linux/system-src/user/libc/build/elf/dl-allobjs.os (__profile_frequency)
/home/scott/Documents/Programs/netbsd-on-linux/system-src/user/libc/build/elf/rtld-libc.a(rtld-stat64.os)
                              /home/scott/Documents/Programs/netbsd-on-linux/system-src/user/libc/build/elf/dl-allobjs.os (__GI___stat64)
/home/scott/Documents/Programs/netbsd-on-linux/system-src/user/libc/build/elf/rtld-libc.a(rtld-fstat64.os)
                              /home/scott/Documents/Programs/netbsd-on-linux/system-src/user/libc/build/elf/dl-allobjs.os (__GI___fstat64)
/home/scott/Documents/Programs/netbsd-on-linux/system-src/user/libc/build/elf/rtld-libc.a(rtld-lstat64.os)
                              /home/scott/Documents/Programs/netbsd-on-linux/system-src/user/libc/build/elf/dl-allobjs.os (__GI___lstat64)
/home/scott/Documents/Programs/netbsd-on-linux/system-src/user/libc/build/elf/rtld-libc.a(rtld-fstatat64.os)
                              /home/scott/Documents/Programs/netbsd-on-linux/system-src/user/libc/build/elf/dl-allobjs.os (__GI___fstatat64)
/home/scott/Documents/Programs/netbsd-on-linux/system-src/user/libc/build/elf/rtld-libc.a(rtld-openat64.os)
                              /home/scott/Documents/Programs/netbsd-on-linux/system-src/user/libc/build/elf/dl-allobjs.os (__openat64)
/home/scott/Documents/Programs/netbsd-on-linux/system-src/user/libc/build/elf/rtld-libc.a(rtld-lseek64.os)
                              /home/scott/Documents/Programs/netbsd-on-linux/system-src/user/libc/build/elf/dl-allobjs.os (__lseek)
/home/scott/Documents/Programs/netbsd-on-linux/system-src/user/libc/build/elf/rtld-libc.a(rtld-access.os)
                              /home/scott/Documents/Programs/netbsd-on-linux/system-src/user/libc/build/elf/dl-allobjs.os (__access)
/home/scott/Documents/Programs/netbsd-on-linux/system-src/user/libc/build/elf/rtld-libc.a(rtld-close_nocancel.os)
                              /home/scott/Documents/Programs/netbsd-on-linux/system-src/user/libc/build/elf/dl-allobjs.os (__GI___close_nocancel)
/home/scott/Documents/Programs/netbsd-on-linux/system-src/user/libc/build/elf/rtld-libc.a(rtld-fcntl_nocancel.os)
                              /home/scott/Documents/Programs/netbsd-on-linux/system-src/user/libc/build/elf/dl-allobjs.os (__GI___fcntl64_nocancel)
/home/scott/Documents/Programs/netbsd-on-linux/system-src/user/libc/build/elf/rtld-libc.a(rtld-open64_nocancel.os)
[...]
Memory Configuration

Name             Origin             Length             Attributes
*default*        0x0000000000000000 0xffffffffffffffff

Linker script and memory map

START GROUP
LOAD /home/scott/Documents/Programs/netbsd-on-linux/system-src/user/libc/build/elf/dl-allobjs.os
LOAD /home/scott/Documents/Programs/netbsd-on-linux/system-src/user/libc/build/elf/rtld-libc.a
LOAD /storage/data/Documents/Programs/netbsd-on-linux/bootstrap/tools/bin/../lib/gcc/x86_64-noel-linux-gnu/10.2.0/libgcc.a
END GROUP

.interp
 *(.interp)

.note.gnu.property
                0x0000000000000000       0x30
 .note.gnu.property
                0x0000000000000000       0x30 /home/scott/Documents/Programs/netbsd-on-linux/system-src/user/libc/build/elf/dl-allobjs.os

.note.gnu.build-id
 *(.note.gnu.build-id)

.hash
 *(.hash)

.gnu.hash
 *(.gnu.hash)

.dynsym
 *(.dynsym)

.dynstr
 *(.dynstr)

.gnu.version
 *(.gnu.version)

.gnu.version_d
 *(.gnu.version_d)

.gnu.version_r
 *(.gnu.version_r)

.rela.init
 *(.rela.init)

.rela.text
 *(.rela.text)

.rela.fini
 *(.rela.fini)

.rela.rodata
 *(.rela.rodata)

.rela.data.rel.ro
 *(.rela.data.rel.ro)

.rela.data
 *(.rela.data)

.rela.tdata
 *(.rela.tdata)

.rela.tbss
 *(.rela.tbss)

.rela.ctors
 *(.rela.ctors)

.rela.dtors
 *(.rela.dtors)

.rela.got
 *(.rela.got)

.rela.bss
 *(.rela.bss)

.rela.ldata
 *(.rela.ldata)

.rela.lbss
 *(.rela.lbss)

.rela.lrodata
 *(.rela.lrodata)

.rela.ifunc
 *(.rela.ifunc)

.rela.plt
 *(.rela.plt)

.init
 *(SORT_NONE(.init))

.plt
 *(.plt)

.plt.got
 *(.plt.got)

.plt.sec
 *(.plt.sec)

.text           0x0000000000000000    0x227fe
 *(.text .stub)
 .text          0x0000000000000000    0x1db54 /home/scott/Documents/Programs/netbsd-on-linux/system-src/user/libc/build/elf/dl-allobjs.os
                0x0000000000000000                _start
                0x0000000000000008                _dl_start_user
                0x0000000000001320                handle_preload_list
                0x00000000000064d0                _dl_dst_count
                0x0000000000006580                _dl_dst_substitute
                0x0000000000006c90                _dl_init_paths
                0x0000000000007030                _dl_process_pt_gnu_property
                0x0000000000008690                _dl_map_object
                0x00000000000091d0                _dl_rtld_di_serinfo
                0x000000000000a1a0                _dl_lookup_symbol_x
                0x000000000000b0f0                _dl_setup_hash
                0x000000000000b1a0                _dl_add_to_namespace_list
                0x000000000000b230                _dl_new_object
                0x000000000000b620                _dl_try_allocate_static_tls
                0x000000000000b740                _dl_allocate_static_tls
                0x000000000000b770                _dl_nothread_init_static_tls
                0x000000000000b7c0                _dl_protect_relro
                0x000000000000b820                _dl_reloc_bad_type
                0x000000000000b8f0                _dl_relocate_object
                0x000000000000d330                _dl_map_object_deps
                0x000000000000e3c0                _dl_fixup
                0x000000000000e580                _dl_profile_fixup
                0x000000000000ec50                _dl_call_pltexit
                0x000000000000eec0                _dl_init
                0x000000000000f050                _dl_fini
                0x000000000000f440                _dl_debug_state
                0x000000000000f440                __GI__dl_debug_state
                0x000000000000f450                _dl_debug_initialize
                0x000000000000fbd0                _dl_sysdep_read_whole_file
                0x000000000000fc60                _dl_debug_printf
                0x000000000000fd10                _dl_debug_printf_c
                0x000000000000fdc0                _dl_dprintf
                0x000000000000fe60                _dl_printf
                0x000000000000ff10                _dl_error_printf
                0x000000000000ffc0                _dl_fatal_printf
                0x000000000000ffc0                __GI__dl_fatal_printf
                0x0000000000010070                _dl_name_match_p
                0x00000000000100e0                _dl_higher_prime_number
                0x0000000000010130                _dl_strtoul
                0x00000000000102a0                _dl_check_map_versions
                0x0000000000010a30                _dl_check_all_versions
                0x0000000000010ab0                _dl_start_profile
                0x0000000000011210                __GI__dl_mcount
                0x0000000000011210                _dl_mcount
                0x0000000000011720                _dl_tls_static_surplus_init
                0x00000000000117b0                _dl_next_tls_modid
                0x00000000000118a0                _dl_count_modids
                0x0000000000011910                _dl_determine_tlsoffset
                0x0000000000011ad0                _dl_get_tls_static_info
                0x0000000000011af0                _dl_allocate_tls_storage
                0x0000000000011bd0                __GI__dl_allocate_tls_init
                0x0000000000011bd0                _dl_allocate_tls_init
                0x0000000000011e10                __GI__dl_allocate_tls
                0x0000000000011e10                _dl_allocate_tls
                0x0000000000011e90                _dl_deallocate_tls
                0x0000000000011e90                __GI__dl_deallocate_tls
                0x0000000000011f10                _dl_update_slotinfo
                0x0000000000012170                __GI___tls_get_addr
                0x0000000000012170                ___tls_get_addr
                0x00000000000121b0                _dl_tls_get_addr_soft
                0x0000000000012230                _dl_add_to_slotinfo
                0x0000000000012340                __tls_get_addr_slow
                0x0000000000012370                _dl_get_origin
                0x00000000000124d0                _dl_scope_free
                0x00000000000125b0                _dl_make_stack_executable
                0x00000000000125b0                __GI__dl_make_stack_executable
                0x00000000000128f0                __GI__dl_find_dso_for_object
                0x00000000000128f0                _dl_find_dso_for_object
                0x00000000000129c0                _dl_open
                0x0000000000012d00                _dl_show_scope
                0x0000000000013af0                _dl_close_worker
                0x0000000000014ba0                _dl_close
                0x0000000000014c10                _dl_runtime_profile_avx512
                0x0000000000015090                _dl_runtime_profile_avx
                0x0000000000015510                _dl_runtime_profile_sse
                0x0000000000015710                _dl_runtime_resolve_fxsave
                0x0000000000015790                _dl_runtime_resolve_xsave
                0x0000000000015860                _dl_runtime_resolve_xsavec
                0x0000000000015940                _dl_exception_create
                0x0000000000015940                __GI__dl_exception_create
                0x0000000000015a30                __GI__dl_exception_create_format
                0x0000000000015a30                _dl_exception_create_format
                0x0000000000015ed0                _dl_exception_free
                0x0000000000015ed0                __GI__dl_exception_free
                0x0000000000015f00                _dl_sort_maps
                0x0000000000016270                _dl_lookup_direct
                0x0000000000016440                _dl_call_libc_early_init
                0x00000000000164c0                _dl_write
                0x00000000000164d0                __thread_gscope_wait
                0x00000000000166b0                _dl_cache_libcmp
                0x0000000000016ed0                _dl_load_cache_lookup
                0x0000000000017210                _dl_unload_cache
                0x00000000000172d0                __GI___tunable_set_val
                0x0000000000017510                __GI___tunables_init
                0x00000000000179f0                __GI___tunables_print
                0x0000000000017ae0                __tunable_get_val
                0x0000000000017ae0                __GI___tunable_get_val
                0x0000000000017b50                _dl_make_tlsdesc_dynamic
                0x0000000000017e40                _dl_tlsdesc_resolve_rela_fixup
                0x0000000000018010                _dl_tlsdesc_resolve_hold_fixup
                0x0000000000018050                _dl_unmap
                0x00000000000180d0                _dl_tlsdesc_return
                0x00000000000180e0                _dl_tlsdesc_undefweak
                0x00000000000180f0                _dl_tlsdesc_dynamic
                0x0000000000018190                _dl_tlsdesc_resolve_rela
                0x0000000000018200                _dl_tlsdesc_resolve_hold
                0x0000000000018280                __tls_get_addr
                0x000000000001a000                __x86_cpu_features
                0x000000000001a020                _dl_x86_init_cpu_features
                0x000000000001a040                _dl_x86_get_cpu_features
                0x000000000001a050                _dl_tunable_set_hwcaps
                0x000000000001aad0                _dl_sysdep_start
                0x000000000001af10                _dl_sysdep_start_cleanup
                0x000000000001af20                _dl_show_auxv
                0x000000000001b0c0                _dl_discover_osversion
                0x000000000001b2a0                _dl_next_ld_env_entry
                0x000000000001b2f0                unsetenv
                0x000000000001b510                __rtld_malloc_init_stubs
                0x000000000001b550                __sigjmp_save
                0x000000000001b560                __strerror_r
                0x000000000001b650                __GI___libc_fatal
                0x000000000001b650                __libc_fatal
                0x000000000001b670                __GI___chk_fail
                0x000000000001b670                __chk_fail
                0x000000000001b680                __GI___assert_fail
                0x000000000001b680                __assert_fail
                0x000000000001b740                __rtld_malloc_is_complete
                0x000000000001b9b0                __rtld_malloc_init_real
                0x000000000001baa0                __GI___assert_perror_fail
                0x000000000001baa0                __assert_perror_fail
                0x000000000001bb00                _itoa
                0x000000000001bb60                __strsep
                0x000000000001bb60                strsep
                0x000000000001bb60                __strsep_g
                0x000000000001bc80                _dl_signal_exception
                0x000000000001bcd0                _dl_signal_error
                0x000000000001bd20                _dl_signal_cexception
                0x000000000001bdb0                _dl_signal_cerror
                0x000000000001be30                _dl_catch_exception
                0x000000000001bf10                _dl_catch_error
                0x000000000001bf60                _dl_receive_error
                0x000000000001bfb0                _dl_resolve_conflicts
                0x000000000001c1d0                _dl_important_hwcaps
                0x000000000001cac0                _dl_hwcaps_split
                0x000000000001cb50                _dl_hwcaps_contains
                0x000000000001cbc0                _dl_hwcaps_split_masked
                0x000000000001cc10                _dl_hwcaps_subdirs_active
                0x000000000001cd80                _dl_usage
                0x000000000001cdd0                _dl_version
                0x000000000001cdf0                _dl_help
                0x000000000001d2c0                __brk
                0x000000000001d2c0                brk
                0x000000000001d2f0                sbrk
                0x000000000001d2f0                __sbrk
                0x000000000001d380                __getcwd
                0x000000000001d380                getcwd
                0x000000000001d970                openat64
                0x000000000001d9d0                __alloc_dir
                0x000000000001dac0                __opendir
                0x000000000001dac0                opendir
 *fill*         0x000000000001db54        0xc 
 .text          0x000000000001db60       0xd2 /home/scott/Documents/Programs/netbsd-on-linux/system-src/user/libc/build/elf/rtld-libc.a(rtld-check_fds.os)
                0x000000000001dc00                __libc_check_standard_fds
 .text          0x000000000001dc32        0x0 /home/scott/Documents/Programs/netbsd-on-linux/system-src/user/libc/build/elf/rtld-libc.a(rtld-errno.os)
 *fill*         0x000000000001dc32        0xe 
 .text          0x000000000001dc40       0x26 /home/scott/Documents/Programs/netbsd-on-linux/system-src/user/libc/build/elf/rtld-libc.a(rtld-closedir.os)
                0x000000000001dc40                __closedir
                0x000000000001dc40                closedir
 *fill*         0x000000000001dc66        0xa 
 .text          0x000000000001dc70       0x30 /home/scott/Documents/Programs/netbsd-on-linux/system-src/user/libc/build/elf/rtld-libc.a(rtld-rewinddir.os)
                0x000000000001dc70                rewinddir
                0x000000000001dc70                __rewinddir
 .text          0x000000000001dca0       0x90 /home/scott/Documents/Programs/netbsd-on-linux/system-src/user/libc/build/elf/rtld-libc.a(rtld-readdir64.os)
                0x000000000001dca0                readdir
                0x000000000001dca0                __readdir64
                0x000000000001dca0                __readdir
                0x000000000001dca0                readdir64
 .text          0x000000000001dd30       0x8e /home/scott/Documents/Programs/netbsd-on-linux/system-src/user/libc/build/elf/rtld-libc.a(rtld-fdopendir.os)
                0x000000000001dd30                fdopendir
                0x000000000001dd30                __fdopendir
 *fill*         0x000000000001ddbe        0x2 
 .text          0x000000000001ddc0       0x30 /home/scott/Documents/Programs/netbsd-on-linux/system-src/user/libc/build/elf/rtld-libc.a(rtld-getdents64.os)
                0x000000000001ddc0                __getdents
                0x000000000001ddc0                getdents64
                0x000000000001ddc0                __getdents64
 .text          0x000000000001ddf0       0x7b /home/scott/Documents/Programs/netbsd-on-linux/system-src/user/libc/build/elf/rtld-libc.a(rtld-dl-addr-obj.os)
                0x000000000001ddf0                _dl_addr_inside_object
 *fill*         0x000000000001de6b        0x5 
 .text          0x000000000001de70       0xf7 /home/scott/Documents/Programs/netbsd-on-linux/system-src/user/libc/build/elf/rtld-libc.a(rtld-profil.os)
                0x000000000001dec0                __profil
                0x000000000001dec0                profil
 *fill*         0x000000000001df67        0x9 
 .text          0x000000000001df70        0x7 /home/scott/Documents/Programs/netbsd-on-linux/system-src/user/libc/build/elf/rtld-libc.a(rtld-prof-freq.os)
                0x000000000001df70                __profile_frequency
 *fill*         0x000000000001df77        0x9 
 .text          0x000000000001df80       0x12 /home/scott/Documents/Programs/netbsd-on-linux/system-src/user/libc/build/elf/rtld-libc.a(rtld-stat64.os)
                0x000000000001df80                stat64
                0x000000000001df80                __stat
                0x000000000001df80                __stat64
                0x000000000001df80                stat
                0x000000000001df80                __GI___stat64
 *fill*         0x000000000001df92        0xe 
 .text          0x000000000001dfa0       0x14 /home/scott/Documents/Programs/netbsd-on-linux/system-src/user/libc/build/elf/rtld-libc.a(rtld-fstat64.os)
                0x000000000001dfa0                __GI___fstat64
                0x000000000001dfa0                fstat64
                0x000000000001dfa0                fstat
                0x000000000001dfa0                __fstat64
                0x000000000001dfa0                __fstat
 *fill*         0x000000000001dfb4        0xc 
 .text          0x000000000001dfc0       0x15 /home/scott/Documents/Programs/netbsd-on-linux/system-src/user/libc/build/elf/rtld-libc.a(rtld-lstat64.os)
                0x000000000001dfc0                __lstat64
                0x000000000001dfc0                lstat
                0x000000000001dfc0                lstat64
                0x000000000001dfc0                __GI___lstat64
                0x000000000001dfc0                __lstat
 *fill*         0x000000000001dfd5        0xb 
 .text          0x000000000001dfe0       0x26 /home/scott/Documents/Programs/netbsd-on-linux/system-src/user/libc/build/elf/rtld-libc.a(rtld-fstatat64.os)
                0x000000000001dfe0                fstatat
                0x000000000001dfe0                __fstatat
                0x000000000001dfe0                fstatat64
                0x000000000001dfe0                __fstatat64
                0x000000000001dfe0                __GI___fstatat
                0x000000000001dfe0                __GI___fstatat64
 *fill*         0x000000000001e006        0xa 
 .text          0x000000000001e010       0x66 /home/scott/Documents/Programs/netbsd-on-linux/system-src/user/libc/build/elf/rtld-libc.a(rtld-openat64.os)
                0x000000000001e010                __openat64
                0x000000000001e010                __libc_openat64
                0x000000000001e010                __openat
                0x000000000001e010                openat
 *fill*         0x000000000001e076        0xa 
 .text          0x000000000001e080       0x20 /home/scott/Documents/Programs/netbsd-on-linux/system-src/user/libc/build/elf/rtld-libc.a(rtld-lseek64.os)
                0x000000000001e080                __lseek64
                0x000000000001e080                lseek
                0x000000000001e080                __libc_lseek64
                0x000000000001e080                __lseek
                0x000000000001e080                __libc_lseek
                0x000000000001e080                lseek64
 .text          0x000000000001e0a0       0x1e /home/scott/Documents/Programs/netbsd-on-linux/system-src/user/libc/build/elf/rtld-libc.a(rtld-access.os)
                0x000000000001e0a0                access
                0x000000000001e0a0                __access
 *fill*         0x000000000001e0be        0x2 
 .text          0x000000000001e0c0       0x1e /home/scott/Documents/Programs/netbsd-on-linux/system-src/user/libc/build/elf/rtld-libc.a(rtld-close_nocancel.os)
                0x000000000001e0c0                __GI___close_nocancel
 *fill*         0x000000000001e0de        0x2 
 .text          0x000000000001e0e0       0xce /home/scott/Documents/Programs/netbsd-on-linux/system-src/user/libc/build/elf/rtld-libc.a(rtld-fcntl_nocancel.os)
                0x000000000001e0e0                __fcntl64_nocancel
                0x000000000001e0e0                __GI___fcntl64_nocancel
                0x000000000001e160                __fcntl64_nocancel_adjusted
 *fill*         0x000000000001e1ae        0x2 
 .text          0x000000000001e1b0       0x76 /home/scott/Documents/Programs/netbsd-on-linux/system-src/user/libc/build/elf/rtld-libc.a(rtld-open64_nocancel.os)
                0x000000000001e1b0                __GI___open_nocancel
                0x000000000001e1b0                __open_nocancel
                0x000000000001e1b0                __GI___open64_nocancel
                0x000000000001e1b0                __open64_nocancel
 *fill*         0x000000000001e226        0xa 
 .text          0x000000000001e230       0x20 /home/scott/Documents/Programs/netbsd-on-linux/system-src/user/libc/build/elf/rtld-libc.a(rtld-read_nocancel.os)
                0x000000000001e230                __read_nocancel
                0x000000000001e230                __GI___read_nocancel
 .text          0x000000000001e250       0x28 /home/scott/Documents/Programs/netbsd-on-linux/system-src/user/libc/build/elf/rtld-libc.a(rtld-pread64_nocancel.os)
                0x000000000001e250                __GI___pread64_nocancel
                0x000000000001e250                __pread64_nocancel
 *fill*         0x000000000001e278        0x8 
 .text          0x000000000001e280       0x20 /home/scott/Documents/Programs/netbsd-on-linux/system-src/user/libc/build/elf/rtld-libc.a(rtld-write_nocancel.os)
                0x000000000001e280                __GI___write_nocancel
                0x000000000001e280                __write_nocancel
 .text          0x000000000001e2a0       0xb0 /home/scott/Documents/Programs/netbsd-on-linux/system-src/user/libc/build/elf/rtld-libc.a(rtld-scratch_buffer_set_array_size.os)
                0x000000000001e2a0                __libc_scratch_buffer_set_array_size
 .text          0x000000000001e350       0x91 /home/scott/Documents/Programs/netbsd-on-linux/system-src/user/libc/build/elf/rtld-libc.a(rtld-mmap64.os)
                0x000000000001e350                __mmap
                0x000000000001e350                mmap
                0x000000000001e350                __mmap64
                0x000000000001e350                mmap64
 *fill*         0x000000000001e3e1        0xf 
 .text          0x000000000001e3f0       0x20 /home/scott/Documents/Programs/netbsd-on-linux/system-src/user/libc/build/elf/rtld-libc.a(rtld-munmap.os)
                0x000000000001e3f0                munmap
                0x000000000001e3f0                __GI___munmap
                0x000000000001e3f0                __GI_munmap
                0x000000000001e3f0                __munmap
 .text          0x000000000001e410       0x20 /home/scott/Documents/Programs/netbsd-on-linux/system-src/user/libc/build/elf/rtld-libc.a(rtld-mprotect.os)
                0x000000000001e410                __mprotect
                0x000000000001e410                __GI___mprotect
                0x000000000001e410                __GI_mprotect
                0x000000000001e410                mprotect
 .text          0x000000000001e430       0x59 /home/scott/Documents/Programs/netbsd-on-linux/system-src/user/libc/build/elf/rtld-libc.a(rtld-libc-lowlevellock.os)
                0x000000000001e430                __lll_lock_wait_private
 *fill*         0x000000000001e489        0x7 
 .text          0x000000000001e490       0x20 /home/scott/Documents/Programs/netbsd-on-linux/system-src/user/libc/build/elf/rtld-libc.a(rtld-uname.os)
                0x000000000001e490                uname
                0x000000000001e490                __GI_uname
                0x000000000001e490                __uname
                0x000000000001e490                __GI___uname
 .text          0x000000000001e4b0       0x42 /home/scott/Documents/Programs/netbsd-on-linux/system-src/user/libc/build/elf/rtld-libc.a(rtld-_exit.os)
                0x000000000001e4b0                _Exit
                0x000000000001e4b0                __GI__exit
                0x000000000001e4b0                _exit
 *fill*         0x000000000001e4f2        0xe 
 .text          0x000000000001e500        0x8 /home/scott/Documents/Programs/netbsd-on-linux/system-src/user/libc/build/elf/rtld-libc.a(rtld-getpid.os)
                0x000000000001e500                __getpid
                0x000000000001e500                getpid
                0x000000000001e500                __GI_getpid
                0x000000000001e500                __GI___getpid
 .text          0x000000000001e508        0x0 /home/scott/Documents/Programs/netbsd-on-linux/system-src/user/libc/build/elf/rtld-libc.a(rtld-environ.os)
 *fill*         0x000000000001e508        0x8 
 .text          0x000000000001e510       0x4f /home/scott/Documents/Programs/netbsd-on-linux/system-src/user/libc/build/elf/rtld-libc.a(rtld-setjmp.os)
                0x000000000001e510                __sigsetjmp
                0x000000000001e510                __GI___sigsetjmp
 *fill*         0x000000000001e55f        0x1 
 .text          0x000000000001e560       0x4a /home/scott/Documents/Programs/netbsd-on-linux/system-src/user/libc/build/elf/rtld-libc.a(rtld-__longjmp.os)
                0x000000000001e560                __longjmp
 *fill*         0x000000000001e5aa        0x6 
 .text          0x000000000001e5b0      0x1e8 /home/scott/Documents/Programs/netbsd-on-linux/system-src/user/libc/build/elf/rtld-libc.a(rtld-sigaction.os)
                0x000000000001e5d0                __libc_sigaction
                0x000000000001e770                sigaction
                0x000000000001e770                __sigaction
 *fill*         0x000000000001e798        0x8 
 .text          0x000000000001e7a0       0x4a /home/scott/Documents/Programs/netbsd-on-linux/system-src/user/libc/build/elf/rtld-libc.a(rtld-strdup.os)
                0x000000000001e7a0                __strdup
                0x000000000001e7a0                strdup
 *fill*         0x000000000001e7ea        0x6 
 .text          0x000000000001e7f0     0x1439 /home/scott/Documents/Programs/netbsd-on-linux/system-src/user/libc/build/elf/rtld-libc.a(rtld-strcmp-sse2.os)
                0x000000000001e7f0                strcmp
 *fill*         0x000000000001fc29        0x7 
 .text          0x000000000001fc30     0x1849 /home/scott/Documents/Programs/netbsd-on-linux/system-src/user/libc/build/elf/rtld-libc.a(rtld-strncmp-sse2.os)
                0x000000000001fc30                strncmp
 *fill*         0x0000000000021479        0x7 
 .text          0x0000000000021480      0x323 /home/scott/Documents/Programs/netbsd-on-linux/system-src/user/libc/build/elf/rtld-libc.a(rtld-memchr-sse2.os)
                0x0000000000021480                memchr
                0x0000000000021480                __memchr
 *fill*         0x00000000000217a3        0xd 
 .text          0x00000000000217b0      0x1f9 /home/scott/Documents/Programs/netbsd-on-linux/system-src/user/libc/build/elf/rtld-libc.a(rtld-rawmemchr-sse2.os)
                0x00000000000217b0                __rawmemchr
                0x00000000000217b0                rawmemchr
 *fill*         0x00000000000219a9        0x7 
 .text          0x00000000000219b0      0x400 /home/scott/Documents/Programs/netbsd-on-linux/system-src/user/libc/build/elf/rtld-libc.a(rtld-memcmp-sse2.os)
                0x00000000000219b0                bcmp
                0x00000000000219b0                memcmp
 .text          0x0000000000021db0      0x21a /home/scott/Documents/Programs/netbsd-on-linux/system-src/user/libc/build/elf/rtld-libc.a(rtld-strchr-sse2.os)
                0x0000000000021db0                index
                0x0000000000021db0                strchr
 *fill*         0x0000000000021fca        0x6 
 .text          0x0000000000021fd0      0x19c /home/scott/Documents/Programs/netbsd-on-linux/system-src/user/libc/build/elf/rtld-libc.a(rtld-strlen-sse2.os)
                0x0000000000021fd0                strlen
 *fill*         0x000000000002216c        0x4 
 .text          0x0000000000022170      0x218 /home/scott/Documents/Programs/netbsd-on-linux/system-src/user/libc/build/elf/rtld-libc.a(rtld-strnlen-sse2.os)
                0x0000000000022170                __strnlen
                0x0000000000022170                strnlen
 *fill*         0x0000000000022388        0x8 
 .text          0x0000000000022390       0xdc /home/scott/Documents/Programs/netbsd-on-linux/system-src/user/libc/build/elf/rtld-libc.a(rtld-stpcpy-sse2.os)
                0x0000000000022390                stpcpy
                0x0000000000022390                __stpcpy
 *fill*         0x000000000002246c        0x4 
 .text          0x0000000000022470       0x97 /home/scott/Documents/Programs/netbsd-on-linux/system-src/user/libc/build/elf/rtld-libc.a(rtld-strcspn-sse2.os)
                0x0000000000022470                strcspn
 *fill*         0x0000000000022507        0x9 
 .text          0x0000000000022510      0x1ed /home/scott/Documents/Programs/netbsd-on-linux/system-src/user/libc/build/elf/rtld-libc.a(rtld-memmove-sse2-unaligned-erms.os)
                0x0000000000022510                mempcpy
                0x0000000000022510                __mempcpy
                0x0000000000022520                memmove
                0x0000000000022520                memcpy
 *fill*         0x00000000000226fd        0x3 
 .text          0x0000000000022700       0xda /home/scott/Documents/Programs/netbsd-on-linux/system-src/user/libc/build/elf/rtld-libc.a(rtld-memset-sse2-unaligned-erms.os)
                0x0000000000022700                memset
 *fill*         0x00000000000227da        0x6 
 .text          0x00000000000227e0       0x1e /home/scott/Documents/Programs/netbsd-on-linux/system-src/user/libc/build/elf/rtld-libc.a(rtld-setitimer.os)
                0x00000000000227e0                setitimer
                0x00000000000227e0                __setitimer
 *(.gnu.warning)

.fini
 *(SORT_NONE(.fini))

.rodata         0x0000000000000000     0x13a8
 *(.rodata)
 .rodata        0x0000000000000000     0x1324 /home/scott/Documents/Programs/netbsd-on-linux/system-src/user/libc/build/elf/dl-allobjs.os
 *fill*         0x0000000000001324        0x4 
 .rodata        0x0000000000001328       0x40 /home/scott/Documents/Programs/netbsd-on-linux/system-src/user/libc/build/elf/rtld-libc.a(rtld-strcmp-sse2.os)
 .rodata        0x0000000000001368       0x40 /home/scott/Documents/Programs/netbsd-on-linux/system-src/user/libc/build/elf/rtld-libc.a(rtld-strncmp-sse2.os)

.rodata.str1.1  0x0000000000000000     0x1302
 .rodata.str1.1
                0x0000000000000000     0x12ed /home/scott/Documents/Programs/netbsd-on-linux/system-src/user/libc/build/elf/dl-allobjs.os
 .rodata.str1.1
                0x00000000000012ed       0x14 /home/scott/Documents/Programs/netbsd-on-linux/system-src/user/libc/build/elf/rtld-libc.a(rtld-check_fds.os)
 .rodata.str1.1
                0x0000000000001301        0x1 /home/scott/Documents/Programs/netbsd-on-linux/system-src/user/libc/build/elf/rtld-libc.a(rtld-fstat64.os)

.rodata.str1.8  0x0000000000000000     0x2d1f
 .rodata.str1.8
                0x0000000000000000     0x2ce1 /home/scott/Documents/Programs/netbsd-on-linux/system-src/user/libc/build/elf/dl-allobjs.os
 *fill*         0x0000000000002ce1        0x7 
 .rodata.str1.8
                0x0000000000002ce8       0x37 /home/scott/Documents/Programs/netbsd-on-linux/system-src/user/libc/build/elf/rtld-libc.a(rtld-libc-lowlevellock.os)

.rodata.str1.16
                0x0000000000000000      0x48e
 .rodata.str1.16
                0x0000000000000000      0x48e /home/scott/Documents/Programs/netbsd-on-linux/system-src/user/libc/build/elf/dl-allobjs.os
                0x00000000000003f0                __GI__itoa_lower_digits
                0x00000000000003f0                _itoa_lower_digits
                0x0000000000000470                _dl_hwcaps_subdirs

.rodata.cst16   0x0000000000000000       0x10
 .rodata.cst16  0x0000000000000000       0x10 /home/scott/Documents/Programs/netbsd-on-linux/system-src/user/libc/build/elf/dl-allobjs.os

.rodata.cst4    0x0000000000000000        0x4
 .rodata.cst4   0x0000000000000000        0x4 /home/scott/Documents/Programs/netbsd-on-linux/system-src/user/libc/build/elf/dl-allobjs.os

.rodata.str1.32
                0x0000000000000000       0x3b
 .rodata.str1.32
                0x0000000000000000       0x3b /home/scott/Documents/Programs/netbsd-on-linux/system-src/user/libc/build/elf/dl-allobjs.os

.rodata1
 *(.rodata1)

.eh_frame_hdr
 *(.eh_frame_hdr)

.eh_frame       0x0000000000000000     0x368c
 *(.eh_frame)
 .eh_frame      0x0000000000000000     0x2bc8 /home/scott/Documents/Programs/netbsd-on-linux/system-src/user/libc/build/elf/dl-allobjs.os
                                       0x2c10 (size before relaxing)
 .eh_frame      0x0000000000002bc8       0x68 /home/scott/Documents/Programs/netbsd-on-linux/system-src/user/libc/build/elf/rtld-libc.a(rtld-check_fds.os)
 .eh_frame      0x0000000000002c30       0x38 /home/scott/Documents/Programs/netbsd-on-linux/system-src/user/libc/build/elf/rtld-libc.a(rtld-closedir.os)
 .eh_frame      0x0000000000002c68       0x38 /home/scott/Documents/Programs/netbsd-on-linux/system-src/user/libc/build/elf/rtld-libc.a(rtld-rewinddir.os)
 .eh_frame      0x0000000000002ca0       0x50 /home/scott/Documents/Programs/netbsd-on-linux/system-src/user/libc/build/elf/rtld-libc.a(rtld-readdir64.os)
 .eh_frame      0x0000000000002cf0       0x50 /home/scott/Documents/Programs/netbsd-on-linux/system-src/user/libc/build/elf/rtld-libc.a(rtld-fdopendir.os)
 .eh_frame      0x0000000000002d40       0x30 /home/scott/Documents/Programs/netbsd-on-linux/system-src/user/libc/build/elf/rtld-libc.a(rtld-getdents64.os)
 .eh_frame      0x0000000000002d70       0x30 /home/scott/Documents/Programs/netbsd-on-linux/system-src/user/libc/build/elf/rtld-libc.a(rtld-dl-addr-obj.os)
 .eh_frame      0x0000000000002da0       0x48 /home/scott/Documents/Programs/netbsd-on-linux/system-src/user/libc/build/elf/rtld-libc.a(rtld-profil.os)
 .eh_frame      0x0000000000002de8       0x30 /home/scott/Documents/Programs/netbsd-on-linux/system-src/user/libc/build/elf/rtld-libc.a(rtld-prof-freq.os)
 .eh_frame      0x0000000000002e18       0x30 /home/scott/Documents/Programs/netbsd-on-linux/system-src/user/libc/build/elf/rtld-libc.a(rtld-stat64.os)
 .eh_frame      0x0000000000002e48       0x30 /home/scott/Documents/Programs/netbsd-on-linux/system-src/user/libc/build/elf/rtld-libc.a(rtld-fstat64.os)
 .eh_frame      0x0000000000002e78       0x30 /home/scott/Documents/Programs/netbsd-on-linux/system-src/user/libc/build/elf/rtld-libc.a(rtld-lstat64.os)
 .eh_frame      0x0000000000002ea8       0x30 /home/scott/Documents/Programs/netbsd-on-linux/system-src/user/libc/build/elf/rtld-libc.a(rtld-fstatat64.os)
 .eh_frame      0x0000000000002ed8       0x30 /home/scott/Documents/Programs/netbsd-on-linux/system-src/user/libc/build/elf/rtld-libc.a(rtld-openat64.os)
 .eh_frame      0x0000000000002f08       0x30 /home/scott/Documents/Programs/netbsd-on-linux/system-src/user/libc/build/elf/rtld-libc.a(rtld-lseek64.os)
 .eh_frame      0x0000000000002f38       0x30 /home/scott/Documents/Programs/netbsd-on-linux/system-src/user/libc/build/elf/rtld-libc.a(rtld-access.os)
 .eh_frame      0x0000000000002f68       0x30 /home/scott/Documents/Programs/netbsd-on-linux/system-src/user/libc/build/elf/rtld-libc.a(rtld-close_nocancel.os)
 .eh_frame      0x0000000000002f98       0x40 /home/scott/Documents/Programs/netbsd-on-linux/system-src/user/libc/build/elf/rtld-libc.a(rtld-fcntl_nocancel.os)
 .eh_frame      0x0000000000002fd8       0x30 /home/scott/Documents/Programs/netbsd-on-linux/system-src/user/libc/build/elf/rtld-libc.a(rtld-open64_nocancel.os)
 .eh_frame      0x0000000000003008       0x30 /home/scott/Documents/Programs/netbsd-on-linux/system-src/user/libc/build/elf/rtld-libc.a(rtld-read_nocancel.os)
 .eh_frame      0x0000000000003038       0x30 /home/scott/Documents/Programs/netbsd-on-linux/system-src/user/libc/build/elf/rtld-libc.a(rtld-pread64_nocancel.os)
 .eh_frame      0x0000000000003068       0x30 /home/scott/Documents/Programs/netbsd-on-linux/system-src/user/libc/build/elf/rtld-libc.a(rtld-write_nocancel.os)
 .eh_frame      0x0000000000003098       0x60 /home/scott/Documents/Programs/netbsd-on-linux/system-src/user/libc/build/elf/rtld-libc.a(rtld-scratch_buffer_set_array_size.os)
 .eh_frame      0x00000000000030f8       0x48 /home/scott/Documents/Programs/netbsd-on-linux/system-src/user/libc/build/elf/rtld-libc.a(rtld-mmap64.os)
 .eh_frame      0x0000000000003140       0x30 /home/scott/Documents/Programs/netbsd-on-linux/system-src/user/libc/build/elf/rtld-libc.a(rtld-munmap.os)
 .eh_frame      0x0000000000003170       0x30 /home/scott/Documents/Programs/netbsd-on-linux/system-src/user/libc/build/elf/rtld-libc.a(rtld-mprotect.os)
 .eh_frame      0x00000000000031a0       0x30 /home/scott/Documents/Programs/netbsd-on-linux/system-src/user/libc/build/elf/rtld-libc.a(rtld-libc-lowlevellock.os)
 .eh_frame      0x00000000000031d0       0x30 /home/scott/Documents/Programs/netbsd-on-linux/system-src/user/libc/build/elf/rtld-libc.a(rtld-uname.os)
 .eh_frame      0x0000000000003200       0x30 /home/scott/Documents/Programs/netbsd-on-linux/system-src/user/libc/build/elf/rtld-libc.a(rtld-_exit.os)
 .eh_frame      0x0000000000003230       0x30 /home/scott/Documents/Programs/netbsd-on-linux/system-src/user/libc/build/elf/rtld-libc.a(rtld-getpid.os)
 .eh_frame      0x0000000000003260       0x30 /home/scott/Documents/Programs/netbsd-on-linux/system-src/user/libc/build/elf/rtld-libc.a(rtld-setjmp.os)
 .eh_frame      0x0000000000003290       0x48 /home/scott/Documents/Programs/netbsd-on-linux/system-src/user/libc/build/elf/rtld-libc.a(rtld-__longjmp.os)
 .eh_frame      0x00000000000032d8       0xe0 /home/scott/Documents/Programs/netbsd-on-linux/system-src/user/libc/build/elf/rtld-libc.a(rtld-sigaction.os)
                                         0xe8 (size before relaxing)
 .eh_frame      0x00000000000033b8       0x50 /home/scott/Documents/Programs/netbsd-on-linux/system-src/user/libc/build/elf/rtld-libc.a(rtld-strdup.os)
 .eh_frame      0x0000000000003408       0x30 /home/scott/Documents/Programs/netbsd-on-linux/system-src/user/libc/build/elf/rtld-libc.a(rtld-strcmp-sse2.os)
 .eh_frame      0x0000000000003438       0x30 /home/scott/Documents/Programs/netbsd-on-linux/system-src/user/libc/build/elf/rtld-libc.a(rtld-strncmp-sse2.os)
 .eh_frame      0x0000000000003468       0x30 /home/scott/Documents/Programs/netbsd-on-linux/system-src/user/libc/build/elf/rtld-libc.a(rtld-memchr-sse2.os)
 .eh_frame      0x0000000000003498       0x30 /home/scott/Documents/Programs/netbsd-on-linux/system-src/user/libc/build/elf/rtld-libc.a(rtld-rawmemchr-sse2.os)
 .eh_frame      0x00000000000034c8       0x30 /home/scott/Documents/Programs/netbsd-on-linux/system-src/user/libc/build/elf/rtld-libc.a(rtld-memcmp-sse2.os)
 .eh_frame      0x00000000000034f8       0x30 /home/scott/Documents/Programs/netbsd-on-linux/system-src/user/libc/build/elf/rtld-libc.a(rtld-strchr-sse2.os)
 .eh_frame      0x0000000000003528       0x30 /home/scott/Documents/Programs/netbsd-on-linux/system-src/user/libc/build/elf/rtld-libc.a(rtld-strlen-sse2.os)
 .eh_frame      0x0000000000003558       0x30 /home/scott/Documents/Programs/netbsd-on-linux/system-src/user/libc/build/elf/rtld-libc.a(rtld-strnlen-sse2.os)
 .eh_frame      0x0000000000003588       0x30 /home/scott/Documents/Programs/netbsd-on-linux/system-src/user/libc/build/elf/rtld-libc.a(rtld-stpcpy-sse2.os)
 .eh_frame      0x00000000000035b8       0x38 /home/scott/Documents/Programs/netbsd-on-linux/system-src/user/libc/build/elf/rtld-libc.a(rtld-strcspn-sse2.os)
 .eh_frame      0x00000000000035f0       0x40 /home/scott/Documents/Programs/netbsd-on-linux/system-src/user/libc/build/elf/rtld-libc.a(rtld-memmove-sse2-unaligned-erms.os)
 .eh_frame      0x0000000000003630       0x30 /home/scott/Documents/Programs/netbsd-on-linux/system-src/user/libc/build/elf/rtld-libc.a(rtld-memset-sse2-unaligned-erms.os)
 .eh_frame      0x0000000000003660       0x2c /home/scott/Documents/Programs/netbsd-on-linux/system-src/user/libc/build/elf/rtld-libc.a(rtld-setitimer.os)
                                         0x30 (size before relaxing)

.gcc_except_table
 *(.gcc_except_table)

.gnu_extab
 *(.gnu_extab*)

.exception_ranges
 *(.exception_ranges)

.eh_frame
 *(.eh_frame)

.gnu_extab
 *(.gnu_extab)

.gcc_except_table
 *(.gcc_except_table)

.exception_ranges
 *(.exception_ranges)

.tdata
 *(.tdata)

.tbss
 *(.tbss)

.jcr
 *(.jcr)

.dynamic
 *(.dynamic)

.got
 *(.got)

.got.plt
 *(.got.plt)

.data           0x0000000000000000     0x1038
 *(.data)
 .data          0x0000000000000000     0x1038 /home/scott/Documents/Programs/netbsd-on-linux/system-src/user/libc/build/elf/dl-allobjs.os
                0x0000000000000000                _rtld_global
                0x0000000000000000                _rtld_local
 .data          0x0000000000001038        0x0 /home/scott/Documents/Programs/netbsd-on-linux/system-src/user/libc/build/elf/rtld-libc.a(rtld-check_fds.os)
 .data          0x0000000000001038        0x0 /home/scott/Documents/Programs/netbsd-on-linux/system-src/user/libc/build/elf/rtld-libc.a(rtld-errno.os)
 .data          0x0000000000001038        0x0 /home/scott/Documents/Programs/netbsd-on-linux/system-src/user/libc/build/elf/rtld-libc.a(rtld-closedir.os)
 .data          0x0000000000001038        0x0 /home/scott/Documents/Programs/netbsd-on-linux/system-src/user/libc/build/elf/rtld-libc.a(rtld-rewinddir.os)
 .data          0x0000000000001038        0x0 /home/scott/Documents/Programs/netbsd-on-linux/system-src/user/libc/build/elf/rtld-libc.a(rtld-readdir64.os)
 .data          0x0000000000001038        0x0 /home/scott/Documents/Programs/netbsd-on-linux/system-src/user/libc/build/elf/rtld-libc.a(rtld-fdopendir.os)
 .data          0x0000000000001038        0x0 /home/scott/Documents/Programs/netbsd-on-linux/system-src/user/libc/build/elf/rtld-libc.a(rtld-getdents64.os)
 .data          0x0000000000001038        0x0 /home/scott/Documents/Programs/netbsd-on-linux/system-src/user/libc/build/elf/rtld-libc.a(rtld-dl-addr-obj.os)
 .data          0x0000000000001038        0x0 /home/scott/Documents/Programs/netbsd-on-linux/system-src/user/libc/build/elf/rtld-libc.a(rtld-profil.os)
 .data          0x0000000000001038        0x0 /home/scott/Documents/Programs/netbsd-on-linux/system-src/user/libc/build/elf/rtld-libc.a(rtld-prof-freq.os)
 .data          0x0000000000001038        0x0 /home/scott/Documents/Programs/netbsd-on-linux/system-src/user/libc/build/elf/rtld-libc.a(rtld-stat64.os)
 .data          0x0000000000001038        0x0 /home/scott/Documents/Programs/netbsd-on-linux/system-src/user/libc/build/elf/rtld-libc.a(rtld-fstat64.os)
 .data          0x0000000000001038        0x0 /home/scott/Documents/Programs/netbsd-on-linux/system-src/user/libc/build/elf/rtld-libc.a(rtld-lstat64.os)
 .data          0x0000000000001038        0x0 /home/scott/Documents/Programs/netbsd-on-linux/system-src/user/libc/build/elf/rtld-libc.a(rtld-fstatat64.os)
 .data          0x0000000000001038        0x0 /home/scott/Documents/Programs/netbsd-on-linux/system-src/user/libc/build/elf/rtld-libc.a(rtld-openat64.os)
 .data          0x0000000000001038        0x0 /home/scott/Documents/Programs/netbsd-on-linux/system-src/user/libc/build/elf/rtld-libc.a(rtld-lseek64.os)
 .data          0x0000000000001038        0x0 /home/scott/Documents/Programs/netbsd-on-linux/system-src/user/libc/build/elf/rtld-libc.a(rtld-access.os)
 .data          0x0000000000001038        0x0 /home/scott/Documents/Programs/netbsd-on-linux/system-src/user/libc/build/elf/rtld-libc.a(rtld-close_nocancel.os)
 .data          0x0000000000001038        0x0 /home/scott/Documents/Programs/netbsd-on-linux/system-src/user/libc/build/elf/rtld-libc.a(rtld-fcntl_nocancel.os)
 .data          0x0000000000001038        0x0 /home/scott/Documents/Programs/netbsd-on-linux/system-src/user/libc/build/elf/rtld-libc.a(rtld-open64_nocancel.os)
 .data          0x0000000000001038        0x0 /home/scott/Documents/Programs/netbsd-on-linux/system-src/user/libc/build/elf/rtld-libc.a(rtld-read_nocancel.os)
 .data          0x0000000000001038        0x0 /home/scott/Documents/Programs/netbsd-on-linux/system-src/user/libc/build/elf/rtld-libc.a(rtld-pread64_nocancel.os)
 .data          0x0000000000001038        0x0 /home/scott/Documents/Programs/netbsd-on-linux/system-src/user/libc/build/elf/rtld-libc.a(rtld-write_nocancel.os)
 .data          0x0000000000001038        0x0 /home/scott/Documents/Programs/netbsd-on-linux/system-src/user/libc/build/elf/rtld-libc.a(rtld-scratch_buffer_set_array_size.os)
 .data          0x0000000000001038        0x0 /home/scott/Documents/Programs/netbsd-on-linux/system-src/user/libc/build/elf/rtld-libc.a(rtld-mmap64.os)
 .data          0x0000000000001038        0x0 /home/scott/Documents/Programs/netbsd-on-linux/system-src/user/libc/build/elf/rtld-libc.a(rtld-munmap.os)
 .data          0x0000000000001038        0x0 /home/scott/Documents/Programs/netbsd-on-linux/system-src/user/libc/build/elf/rtld-libc.a(rtld-mprotect.os)
 .data          0x0000000000001038        0x0 /home/scott/Documents/Programs/netbsd-on-linux/system-src/user/libc/build/elf/rtld-libc.a(rtld-libc-lowlevellock.os)
 .data          0x0000000000001038        0x0 /home/scott/Documents/Programs/netbsd-on-linux/system-src/user/libc/build/elf/rtld-libc.a(rtld-uname.os)
 .data          0x0000000000001038        0x0 /home/scott/Documents/Programs/netbsd-on-linux/system-src/user/libc/build/elf/rtld-libc.a(rtld-_exit.os)
 .data          0x0000000000001038        0x0 /home/scott/Documents/Programs/netbsd-on-linux/system-src/user/libc/build/elf/rtld-libc.a(rtld-getpid.os)
 .data          0x0000000000001038        0x0 /home/scott/Documents/Programs/netbsd-on-linux/system-src/user/libc/build/elf/rtld-libc.a(rtld-environ.os)
 .data          0x0000000000001038        0x0 /home/scott/Documents/Programs/netbsd-on-linux/system-src/user/libc/build/elf/rtld-libc.a(rtld-setjmp.os)
 .data          0x0000000000001038        0x0 /home/scott/Documents/Programs/netbsd-on-linux/system-src/user/libc/build/elf/rtld-libc.a(rtld-__longjmp.os)
 .data          0x0000000000001038        0x0 /home/scott/Documents/Programs/netbsd-on-linux/system-src/user/libc/build/elf/rtld-libc.a(rtld-sigaction.os)
 .data          0x0000000000001038        0x0 /home/scott/Documents/Programs/netbsd-on-linux/system-src/user/libc/build/elf/rtld-libc.a(rtld-strdup.os)
 .data          0x0000000000001038        0x0 /home/scott/Documents/Programs/netbsd-on-linux/system-src/user/libc/build/elf/rtld-libc.a(rtld-strcmp-sse2.os)
 .data          0x0000000000001038        0x0 /home/scott/Documents/Programs/netbsd-on-linux/system-src/user/libc/build/elf/rtld-libc.a(rtld-strncmp-sse2.os)
 .data          0x0000000000001038        0x0 /home/scott/Documents/Programs/netbsd-on-linux/system-src/user/libc/build/elf/rtld-libc.a(rtld-memchr-sse2.os)
 .data          0x0000000000001038        0x0 /home/scott/Documents/Programs/netbsd-on-linux/system-src/user/libc/build/elf/rtld-libc.a(rtld-rawmemchr-sse2.os)
 .data          0x0000000000001038        0x0 /home/scott/Documents/Programs/netbsd-on-linux/system-src/user/libc/build/elf/rtld-libc.a(rtld-memcmp-sse2.os)
 .data          0x0000000000001038        0x0 /home/scott/Documents/Programs/netbsd-on-linux/system-src/user/libc/build/elf/rtld-libc.a(rtld-strchr-sse2.os)
 .data          0x0000000000001038        0x0 /home/scott/Documents/Programs/netbsd-on-linux/system-src/user/libc/build/elf/rtld-libc.a(rtld-strlen-sse2.os)
 .data          0x0000000000001038        0x0 /home/scott/Documents/Programs/netbsd-on-linux/system-src/user/libc/build/elf/rtld-libc.a(rtld-strnlen-sse2.os)
 .data          0x0000000000001038        0x0 /home/scott/Documents/Programs/netbsd-on-linux/system-src/user/libc/build/elf/rtld-libc.a(rtld-stpcpy-sse2.os)
 .data          0x0000000000001038        0x0 /home/scott/Documents/Programs/netbsd-on-linux/system-src/user/libc/build/elf/rtld-libc.a(rtld-strcspn-sse2.os)
 .data          0x0000000000001038        0x0 /home/scott/Documents/Programs/netbsd-on-linux/system-src/user/libc/build/elf/rtld-libc.a(rtld-memmove-sse2-unaligned-erms.os)
 .data          0x0000000000001038        0x0 /home/scott/Documents/Programs/netbsd-on-linux/system-src/user/libc/build/elf/rtld-libc.a(rtld-memset-sse2-unaligned-erms.os)
 .data          0x0000000000001038        0x0 /home/scott/Documents/Programs/netbsd-on-linux/system-src/user/libc/build/elf/rtld-libc.a(rtld-setitimer.os)

.data.rel.ro    0x0000000000000000     0x1210
 .data.rel.ro   0x0000000000000000     0x1210 /home/scott/Documents/Programs/netbsd-on-linux/system-src/user/libc/build/elf/dl-allobjs.os
                0x0000000000000090                __pointer_chk_guard_local
                0x0000000000000098                _dl_skip_args
                0x00000000000000a0                __GI__dl_argv
                0x00000000000000a0                _dl_argv
                0x00000000000000a8                _dl_argc
                0x00000000000000c0                _rtld_global_ro
                0x00000000000000c0                _rtld_local_ro
                0x00000000000003f0                __rtld_search_dirs
                0x0000000000000420                __rtld_env_path_list
                0x0000000000000430                __stack_prot
                0x00000000000011d0                __x86_cpu_features_p
                0x00000000000011d8                _dl_random
                0x00000000000011e0                __libc_stack_end
                0x00000000000011e0                __GI___libc_stack_end
                0x00000000000011e8                __GI___libc_enable_secure
                0x00000000000011e8                __libc_enable_secure
                0x00000000000011f0                __rtld_realloc
                0x00000000000011f8                __rtld_malloc
                0x0000000000001200                __rtld_free
                0x0000000000001208                __rtld_calloc

.data1
 *(.data1)

.bss            0x0000000000000000      0x198
 *(.bss)
 .bss           0x0000000000000000      0x168 /home/scott/Documents/Programs/netbsd-on-linux/system-src/user/libc/build/elf/dl-allobjs.os
                0x0000000000000080                _r_debug
                0x0000000000000150                _dl_hwcaps_priorities_length
                0x0000000000000158                _dl_hwcaps_priorities
                0x0000000000000160                __curbrk
 .bss           0x0000000000000168        0x0 /home/scott/Documents/Programs/netbsd-on-linux/system-src/user/libc/build/elf/rtld-libc.a(rtld-check_fds.os)
 .bss           0x0000000000000168        0x4 /home/scott/Documents/Programs/netbsd-on-linux/system-src/user/libc/build/elf/rtld-libc.a(rtld-errno.os)
                0x0000000000000168                rtld_errno
 .bss           0x000000000000016c        0x0 /home/scott/Documents/Programs/netbsd-on-linux/system-src/user/libc/build/elf/rtld-libc.a(rtld-closedir.os)
 .bss           0x000000000000016c        0x0 /home/scott/Documents/Programs/netbsd-on-linux/system-src/user/libc/build/elf/rtld-libc.a(rtld-rewinddir.os)
 .bss           0x000000000000016c        0x0 /home/scott/Documents/Programs/netbsd-on-linux/system-src/user/libc/build/elf/rtld-libc.a(rtld-readdir64.os)
 .bss           0x000000000000016c        0x0 /home/scott/Documents/Programs/netbsd-on-linux/system-src/user/libc/build/elf/rtld-libc.a(rtld-fdopendir.os)
 .bss           0x000000000000016c        0x0 /home/scott/Documents/Programs/netbsd-on-linux/system-src/user/libc/build/elf/rtld-libc.a(rtld-getdents64.os)
 .bss           0x000000000000016c        0x0 /home/scott/Documents/Programs/netbsd-on-linux/system-src/user/libc/build/elf/rtld-libc.a(rtld-dl-addr-obj.os)
 *fill*         0x000000000000016c        0x4 
 .bss           0x0000000000000170       0x20 /home/scott/Documents/Programs/netbsd-on-linux/system-src/user/libc/build/elf/rtld-libc.a(rtld-profil.os)
 .bss           0x0000000000000190        0x0 /home/scott/Documents/Programs/netbsd-on-linux/system-src/user/libc/build/elf/rtld-libc.a(rtld-prof-freq.os)
 .bss           0x0000000000000190        0x0 /home/scott/Documents/Programs/netbsd-on-linux/system-src/user/libc/build/elf/rtld-libc.a(rtld-stat64.os)
 .bss           0x0000000000000190        0x0 /home/scott/Documents/Programs/netbsd-on-linux/system-src/user/libc/build/elf/rtld-libc.a(rtld-fstat64.os)
 .bss           0x0000000000000190        0x0 /home/scott/Documents/Programs/netbsd-on-linux/system-src/user/libc/build/elf/rtld-libc.a(rtld-lstat64.os)
 .bss           0x0000000000000190        0x0 /home/scott/Documents/Programs/netbsd-on-linux/system-src/user/libc/build/elf/rtld-libc.a(rtld-fstatat64.os)
 .bss           0x0000000000000190        0x0 /home/scott/Documents/Programs/netbsd-on-linux/system-src/user/libc/build/elf/rtld-libc.a(rtld-openat64.os)
 .bss           0x0000000000000190        0x0 /home/scott/Documents/Programs/netbsd-on-linux/system-src/user/libc/build/elf/rtld-libc.a(rtld-lseek64.os)
 .bss           0x0000000000000190        0x0 /home/scott/Documents/Programs/netbsd-on-linux/system-src/user/libc/build/elf/rtld-libc.a(rtld-access.os)
 .bss           0x0000000000000190        0x0 /home/scott/Documents/Programs/netbsd-on-linux/system-src/user/libc/build/elf/rtld-libc.a(rtld-close_nocancel.os)
 .bss           0x0000000000000190        0x0 /home/scott/Documents/Programs/netbsd-on-linux/system-src/user/libc/build/elf/rtld-libc.a(rtld-fcntl_nocancel.os)
 .bss           0x0000000000000190        0x0 /home/scott/Documents/Programs/netbsd-on-linux/system-src/user/libc/build/elf/rtld-libc.a(rtld-open64_nocancel.os)
 .bss           0x0000000000000190        0x0 /home/scott/Documents/Programs/netbsd-on-linux/system-src/user/libc/build/elf/rtld-libc.a(rtld-read_nocancel.os)
 .bss           0x0000000000000190        0x0 /home/scott/Documents/Programs/netbsd-on-linux/system-src/user/libc/build/elf/rtld-libc.a(rtld-pread64_nocancel.os)
 .bss           0x0000000000000190        0x0 /home/scott/Documents/Programs/netbsd-on-linux/system-src/user/libc/build/elf/rtld-libc.a(rtld-write_nocancel.os)
 .bss           0x0000000000000190        0x0 /home/scott/Documents/Programs/netbsd-on-linux/system-src/user/libc/build/elf/rtld-libc.a(rtld-scratch_buffer_set_array_size.os)
 .bss           0x0000000000000190        0x0 /home/scott/Documents/Programs/netbsd-on-linux/system-src/user/libc/build/elf/rtld-libc.a(rtld-mmap64.os)
 .bss           0x0000000000000190        0x0 /home/scott/Documents/Programs/netbsd-on-linux/system-src/user/libc/build/elf/rtld-libc.a(rtld-munmap.os)
 .bss           0x0000000000000190        0x0 /home/scott/Documents/Programs/netbsd-on-linux/system-src/user/libc/build/elf/rtld-libc.a(rtld-mprotect.os)
 .bss           0x0000000000000190        0x0 /home/scott/Documents/Programs/netbsd-on-linux/system-src/user/libc/build/elf/rtld-libc.a(rtld-libc-lowlevellock.os)
 .bss           0x0000000000000190        0x0 /home/scott/Documents/Programs/netbsd-on-linux/system-src/user/libc/build/elf/rtld-libc.a(rtld-uname.os)
 .bss           0x0000000000000190        0x0 /home/scott/Documents/Programs/netbsd-on-linux/system-src/user/libc/build/elf/rtld-libc.a(rtld-_exit.os)
 .bss           0x0000000000000190        0x0 /home/scott/Documents/Programs/netbsd-on-linux/system-src/user/libc/build/elf/rtld-libc.a(rtld-getpid.os)
 .bss           0x0000000000000190        0x8 /home/scott/Documents/Programs/netbsd-on-linux/system-src/user/libc/build/elf/rtld-libc.a(rtld-environ.os)
                0x0000000000000190                _environ
                0x0000000000000190                __environ
                0x0000000000000190                environ
 .bss           0x0000000000000198        0x0 /home/scott/Documents/Programs/netbsd-on-linux/system-src/user/libc/build/elf/rtld-libc.a(rtld-setjmp.os)
 .bss           0x0000000000000198        0x0 /home/scott/Documents/Programs/netbsd-on-linux/system-src/user/libc/build/elf/rtld-libc.a(rtld-__longjmp.os)
 .bss           0x0000000000000198        0x0 /home/scott/Documents/Programs/netbsd-on-linux/system-src/user/libc/build/elf/rtld-libc.a(rtld-sigaction.os)
 .bss           0x0000000000000198        0x0 /home/scott/Documents/Programs/netbsd-on-linux/system-src/user/libc/build/elf/rtld-libc.a(rtld-strdup.os)
 .bss           0x0000000000000198        0x0 /home/scott/Documents/Programs/netbsd-on-linux/system-src/user/libc/build/elf/rtld-libc.a(rtld-strcmp-sse2.os)
 .bss           0x0000000000000198        0x0 /home/scott/Documents/Programs/netbsd-on-linux/system-src/user/libc/build/elf/rtld-libc.a(rtld-strncmp-sse2.os)
 .bss           0x0000000000000198        0x0 /home/scott/Documents/Programs/netbsd-on-linux/system-src/user/libc/build/elf/rtld-libc.a(rtld-memchr-sse2.os)
 .bss           0x0000000000000198        0x0 /home/scott/Documents/Programs/netbsd-on-linux/system-src/user/libc/build/elf/rtld-libc.a(rtld-rawmemchr-sse2.os)
 .bss           0x0000000000000198        0x0 /home/scott/Documents/Programs/netbsd-on-linux/system-src/user/libc/build/elf/rtld-libc.a(rtld-memcmp-sse2.os)
 .bss           0x0000000000000198        0x0 /home/scott/Documents/Programs/netbsd-on-linux/system-src/user/libc/build/elf/rtld-libc.a(rtld-strchr-sse2.os)
 .bss           0x0000000000000198        0x0 /home/scott/Documents/Programs/netbsd-on-linux/system-src/user/libc/build/elf/rtld-libc.a(rtld-strlen-sse2.os)
 .bss           0x0000000000000198        0x0 /home/scott/Documents/Programs/netbsd-on-linux/system-src/user/libc/build/elf/rtld-libc.a(rtld-strnlen-sse2.os)
 .bss           0x0000000000000198        0x0 /home/scott/Documents/Programs/netbsd-on-linux/system-src/user/libc/build/elf/rtld-libc.a(rtld-stpcpy-sse2.os)
 .bss           0x0000000000000198        0x0 /home/scott/Documents/Programs/netbsd-on-linux/system-src/user/libc/build/elf/rtld-libc.a(rtld-strcspn-sse2.os)
 .bss           0x0000000000000198        0x0 /home/scott/Documents/Programs/netbsd-on-linux/system-src/user/libc/build/elf/rtld-libc.a(rtld-memmove-sse2-unaligned-erms.os)
 .bss           0x0000000000000198        0x0 /home/scott/Documents/Programs/netbsd-on-linux/system-src/user/libc/build/elf/rtld-libc.a(rtld-memset-sse2-unaligned-erms.os)
 .bss           0x0000000000000198        0x0 /home/scott/Documents/Programs/netbsd-on-linux/system-src/user/libc/build/elf/rtld-libc.a(rtld-setitimer.os)

.lbss
 *(.lbss)

.lrodata
 *(.lrodata)

.ldata
 *(.ldata)

.stab
 *(.stab)

.stabstr
 *(.stabstr)

.stab.excl
 *(.stab.excl)

.stab.exclstr
 *(.stab.exclstr)

.stab.index
 *(.stab.index)

.stab.indexstr
 *(.stab.indexstr)

.comment        0x0000000000000000      0x57e
 *(.comment)
 .comment       0x0000000000000000      0x331 /home/scott/Documents/Programs/netbsd-on-linux/system-src/user/libc/build/elf/dl-allobjs.os
 .comment       0x0000000000000331       0x13 /home/scott/Documents/Programs/netbsd-on-linux/system-src/user/libc/build/elf/rtld-libc.a(rtld-check_fds.os)
 .comment       0x0000000000000344       0x13 /home/scott/Documents/Programs/netbsd-on-linux/system-src/user/libc/build/elf/rtld-libc.a(rtld-errno.os)
 .comment       0x0000000000000357       0x13 /home/scott/Documents/Programs/netbsd-on-linux/system-src/user/libc/build/elf/rtld-libc.a(rtld-closedir.os)
 .comment       0x000000000000036a       0x13 /home/scott/Documents/Programs/netbsd-on-linux/system-src/user/libc/build/elf/rtld-libc.a(rtld-rewinddir.os)
 .comment       0x000000000000037d       0x13 /home/scott/Documents/Programs/netbsd-on-linux/system-src/user/libc/build/elf/rtld-libc.a(rtld-readdir64.os)
 .comment       0x0000000000000390       0x13 /home/scott/Documents/Programs/netbsd-on-linux/system-src/user/libc/build/elf/rtld-libc.a(rtld-fdopendir.os)
 .comment       0x00000000000003a3       0x13 /home/scott/Documents/Programs/netbsd-on-linux/system-src/user/libc/build/elf/rtld-libc.a(rtld-getdents64.os)
 .comment       0x00000000000003b6       0x13 /home/scott/Documents/Programs/netbsd-on-linux/system-src/user/libc/build/elf/rtld-libc.a(rtld-dl-addr-obj.os)
 .comment       0x00000000000003c9       0x13 /home/scott/Documents/Programs/netbsd-on-linux/system-src/user/libc/build/elf/rtld-libc.a(rtld-profil.os)
 .comment       0x00000000000003dc       0x13 /home/scott/Documents/Programs/netbsd-on-linux/system-src/user/libc/build/elf/rtld-libc.a(rtld-prof-freq.os)
 .comment       0x00000000000003ef       0x13 /home/scott/Documents/Programs/netbsd-on-linux/system-src/user/libc/build/elf/rtld-libc.a(rtld-stat64.os)
 .comment       0x0000000000000402       0x13 /home/scott/Documents/Programs/netbsd-on-linux/system-src/user/libc/build/elf/rtld-libc.a(rtld-fstat64.os)
 .comment       0x0000000000000415       0x13 /home/scott/Documents/Programs/netbsd-on-linux/system-src/user/libc/build/elf/rtld-libc.a(rtld-lstat64.os)
 .comment       0x0000000000000428       0x13 /home/scott/Documents/Programs/netbsd-on-linux/system-src/user/libc/build/elf/rtld-libc.a(rtld-fstatat64.os)
 .comment       0x000000000000043b       0x13 /home/scott/Documents/Programs/netbsd-on-linux/system-src/user/libc/build/elf/rtld-libc.a(rtld-openat64.os)
 .comment       0x000000000000044e       0x13 /home/scott/Documents/Programs/netbsd-on-linux/system-src/user/libc/build/elf/rtld-libc.a(rtld-lseek64.os)
 .comment       0x0000000000000461       0x13 /home/scott/Documents/Programs/netbsd-on-linux/system-src/user/libc/build/elf/rtld-libc.a(rtld-access.os)
 .comment       0x0000000000000474       0x13 /home/scott/Documents/Programs/netbsd-on-linux/system-src/user/libc/build/elf/rtld-libc.a(rtld-close_nocancel.os)
 .comment       0x0000000000000487       0x13 /home/scott/Documents/Programs/netbsd-on-linux/system-src/user/libc/build/elf/rtld-libc.a(rtld-fcntl_nocancel.os)
 .comment       0x000000000000049a       0x13 /home/scott/Documents/Programs/netbsd-on-linux/system-src/user/libc/build/elf/rtld-libc.a(rtld-open64_nocancel.os)
 .comment       0x00000000000004ad       0x13 /home/scott/Documents/Programs/netbsd-on-linux/system-src/user/libc/build/elf/rtld-libc.a(rtld-read_nocancel.os)
 .comment       0x00000000000004c0       0x13 /home/scott/Documents/Programs/netbsd-on-linux/system-src/user/libc/build/elf/rtld-libc.a(rtld-pread64_nocancel.os)
 .comment       0x00000000000004d3       0x13 /home/scott/Documents/Programs/netbsd-on-linux/system-src/user/libc/build/elf/rtld-libc.a(rtld-write_nocancel.os)
 .comment       0x00000000000004e6       0x13 /home/scott/Documents/Programs/netbsd-on-linux/system-src/user/libc/build/elf/rtld-libc.a(rtld-scratch_buffer_set_array_size.os)
 .comment       0x00000000000004f9       0x13 /home/scott/Documents/Programs/netbsd-on-linux/system-src/user/libc/build/elf/rtld-libc.a(rtld-mmap64.os)
 .comment       0x000000000000050c       0x13 /home/scott/Documents/Programs/netbsd-on-linux/system-src/user/libc/build/elf/rtld-libc.a(rtld-libc-lowlevellock.os)
 .comment       0x000000000000051f       0x13 /home/scott/Documents/Programs/netbsd-on-linux/system-src/user/libc/build/elf/rtld-libc.a(rtld-_exit.os)
 .comment       0x0000000000000532       0x13 /home/scott/Documents/Programs/netbsd-on-linux/system-src/user/libc/build/elf/rtld-libc.a(rtld-environ.os)
 .comment       0x0000000000000545       0x13 /home/scott/Documents/Programs/netbsd-on-linux/system-src/user/libc/build/elf/rtld-libc.a(rtld-sigaction.os)
 .comment       0x0000000000000558       0x13 /home/scott/Documents/Programs/netbsd-on-linux/system-src/user/libc/build/elf/rtld-libc.a(rtld-strdup.os)
 .comment       0x000000000000056b       0x13 /home/scott/Documents/Programs/netbsd-on-linux/system-src/user/libc/build/elf/rtld-libc.a(rtld-setitimer.os)

.note.GNU-stack
                0x0000000000000000        0x0
 .note.GNU-stack
                0x0000000000000000        0x0 /home/scott/Documents/Programs/netbsd-on-linux/system-src/user/libc/build/elf/dl-allobjs.os
 .note.GNU-stack
                0x0000000000000000        0x0 /home/scott/Documents/Programs/netbsd-on-linux/system-src/user/libc/build/elf/rtld-libc.a(rtld-check_fds.os)
 .note.GNU-stack
                0x0000000000000000        0x0 /home/scott/Documents/Programs/netbsd-on-linux/system-src/user/libc/build/elf/rtld-libc.a(rtld-errno.os)
 .note.GNU-stack
                0x0000000000000000        0x0 /home/scott/Documents/Programs/netbsd-on-linux/system-src/user/libc/build/elf/rtld-libc.a(rtld-closedir.os)
 .note.GNU-stack
                0x0000000000000000        0x0 /home/scott/Documents/Programs/netbsd-on-linux/system-src/user/libc/build/elf/rtld-libc.a(rtld-rewinddir.os)
 .note.GNU-stack
                0x0000000000000000        0x0 /home/scott/Documents/Programs/netbsd-on-linux/system-src/user/libc/build/elf/rtld-libc.a(rtld-readdir64.os)
 .note.GNU-stack
                0x0000000000000000        0x0 /home/scott/Documents/Programs/netbsd-on-linux/system-src/user/libc/build/elf/rtld-libc.a(rtld-fdopendir.os)
 .note.GNU-stack
                0x0000000000000000        0x0 /home/scott/Documents/Programs/netbsd-on-linux/system-src/user/libc/build/elf/rtld-libc.a(rtld-getdents64.os)
 .note.GNU-stack
                0x0000000000000000        0x0 /home/scott/Documents/Programs/netbsd-on-linux/system-src/user/libc/build/elf/rtld-libc.a(rtld-dl-addr-obj.os)
 .note.GNU-stack
                0x0000000000000000        0x0 /home/scott/Documents/Programs/netbsd-on-linux/system-src/user/libc/build/elf/rtld-libc.a(rtld-profil.os)
 .note.GNU-stack
                0x0000000000000000        0x0 /home/scott/Documents/Programs/netbsd-on-linux/system-src/user/libc/build/elf/rtld-libc.a(rtld-prof-freq.os)
 .note.GNU-stack
                0x0000000000000000        0x0 /home/scott/Documents/Programs/netbsd-on-linux/system-src/user/libc/build/elf/rtld-libc.a(rtld-stat64.os)
 .note.GNU-stack
                0x0000000000000000        0x0 /home/scott/Documents/Programs/netbsd-on-linux/system-src/user/libc/build/elf/rtld-libc.a(rtld-fstat64.os)
 .note.GNU-stack
                0x0000000000000000        0x0 /home/scott/Documents/Programs/netbsd-on-linux/system-src/user/libc/build/elf/rtld-libc.a(rtld-lstat64.os)
 .note.GNU-stack
                0x0000000000000000        0x0 /home/scott/Documents/Programs/netbsd-on-linux/system-src/user/libc/build/elf/rtld-libc.a(rtld-fstatat64.os)
 .note.GNU-stack
                0x0000000000000000        0x0 /home/scott/Documents/Programs/netbsd-on-linux/system-src/user/libc/build/elf/rtld-libc.a(rtld-openat64.os)
 .note.GNU-stack
                0x0000000000000000        0x0 /home/scott/Documents/Programs/netbsd-on-linux/system-src/user/libc/build/elf/rtld-libc.a(rtld-lseek64.os)
 .note.GNU-stack
                0x0000000000000000        0x0 /home/scott/Documents/Programs/netbsd-on-linux/system-src/user/libc/build/elf/rtld-libc.a(rtld-access.os)
 .note.GNU-stack
                0x0000000000000000        0x0 /home/scott/Documents/Programs/netbsd-on-linux/system-src/user/libc/build/elf/rtld-libc.a(rtld-close_nocancel.os)
 .note.GNU-stack
                0x0000000000000000        0x0 /home/scott/Documents/Programs/netbsd-on-linux/system-src/user/libc/build/elf/rtld-libc.a(rtld-fcntl_nocancel.os)
 .note.GNU-stack
                0x0000000000000000        0x0 /home/scott/Documents/Programs/netbsd-on-linux/system-src/user/libc/build/elf/rtld-libc.a(rtld-open64_nocancel.os)
 .note.GNU-stack
                0x0000000000000000        0x0 /home/scott/Documents/Programs/netbsd-on-linux/system-src/user/libc/build/elf/rtld-libc.a(rtld-read_nocancel.os)
 .note.GNU-stack
                0x0000000000000000        0x0 /home/scott/Documents/Programs/netbsd-on-linux/system-src/user/libc/build/elf/rtld-libc.a(rtld-pread64_nocancel.os)
 .note.GNU-stack
                0x0000000000000000        0x0 /home/scott/Documents/Programs/netbsd-on-linux/system-src/user/libc/build/elf/rtld-libc.a(rtld-write_nocancel.os)
 .note.GNU-stack
                0x0000000000000000        0x0 /home/scott/Documents/Programs/netbsd-on-linux/system-src/user/libc/build/elf/rtld-libc.a(rtld-scratch_buffer_set_array_size.os)
 .note.GNU-stack
                0x0000000000000000        0x0 /home/scott/Documents/Programs/netbsd-on-linux/system-src/user/libc/build/elf/rtld-libc.a(rtld-mmap64.os)
 .note.GNU-stack
                0x0000000000000000        0x0 /home/scott/Documents/Programs/netbsd-on-linux/system-src/user/libc/build/elf/rtld-libc.a(rtld-munmap.os)
 .note.GNU-stack
                0x0000000000000000        0x0 /home/scott/Documents/Programs/netbsd-on-linux/system-src/user/libc/build/elf/rtld-libc.a(rtld-mprotect.os)
 .note.GNU-stack
                0x0000000000000000        0x0 /home/scott/Documents/Programs/netbsd-on-linux/system-src/user/libc/build/elf/rtld-libc.a(rtld-libc-lowlevellock.os)
 .note.GNU-stack
                0x0000000000000000        0x0 /home/scott/Documents/Programs/netbsd-on-linux/system-src/user/libc/build/elf/rtld-libc.a(rtld-uname.os)
 .note.GNU-stack
                0x0000000000000000        0x0 /home/scott/Documents/Programs/netbsd-on-linux/system-src/user/libc/build/elf/rtld-libc.a(rtld-_exit.os)
 .note.GNU-stack
                0x0000000000000000        0x0 /home/scott/Documents/Programs/netbsd-on-linux/system-src/user/libc/build/elf/rtld-libc.a(rtld-getpid.os)
 .note.GNU-stack
                0x0000000000000000        0x0 /home/scott/Documents/Programs/netbsd-on-linux/system-src/user/libc/build/elf/rtld-libc.a(rtld-environ.os)
 .note.GNU-stack
                0x0000000000000000        0x0 /home/scott/Documents/Programs/netbsd-on-linux/system-src/user/libc/build/elf/rtld-libc.a(rtld-setjmp.os)
 .note.GNU-stack
                0x0000000000000000        0x0 /home/scott/Documents/Programs/netbsd-on-linux/system-src/user/libc/build/elf/rtld-libc.a(rtld-__longjmp.os)
 .note.GNU-stack
                0x0000000000000000        0x0 /home/scott/Documents/Programs/netbsd-on-linux/system-src/user/libc/build/elf/rtld-libc.a(rtld-sigaction.os)
 .note.GNU-stack
                0x0000000000000000        0x0 /home/scott/Documents/Programs/netbsd-on-linux/system-src/user/libc/build/elf/rtld-libc.a(rtld-strdup.os)
 .note.GNU-stack
                0x0000000000000000        0x0 /home/scott/Documents/Programs/netbsd-on-linux/system-src/user/libc/build/elf/rtld-libc.a(rtld-strcmp-sse2.os)
 .note.GNU-stack
                0x0000000000000000        0x0 /home/scott/Documents/Programs/netbsd-on-linux/system-src/user/libc/build/elf/rtld-libc.a(rtld-strncmp-sse2.os)
 .note.GNU-stack
                0x0000000000000000        0x0 /home/scott/Documents/Programs/netbsd-on-linux/system-src/user/libc/build/elf/rtld-libc.a(rtld-memchr-sse2.os)
 .note.GNU-stack
                0x0000000000000000        0x0 /home/scott/Documents/Programs/netbsd-on-linux/system-src/user/libc/build/elf/rtld-libc.a(rtld-rawmemchr-sse2.os)
 .note.GNU-stack
                0x0000000000000000        0x0 /home/scott/Documents/Programs/netbsd-on-linux/system-src/user/libc/build/elf/rtld-libc.a(rtld-memcmp-sse2.os)
 .note.GNU-stack
                0x0000000000000000        0x0 /home/scott/Documents/Programs/netbsd-on-linux/system-src/user/libc/build/elf/rtld-libc.a(rtld-strchr-sse2.os)
 .note.GNU-stack
                0x0000000000000000        0x0 /home/scott/Documents/Programs/netbsd-on-linux/system-src/user/libc/build/elf/rtld-libc.a(rtld-strlen-sse2.os)
 .note.GNU-stack
                0x0000000000000000        0x0 /home/scott/Documents/Programs/netbsd-on-linux/system-src/user/libc/build/elf/rtld-libc.a(rtld-strnlen-sse2.os)
 .note.GNU-stack
                0x0000000000000000        0x0 /home/scott/Documents/Programs/netbsd-on-linux/system-src/user/libc/build/elf/rtld-libc.a(rtld-stpcpy-sse2.os)
 .note.GNU-stack
                0x0000000000000000        0x0 /home/scott/Documents/Programs/netbsd-on-linux/system-src/user/libc/build/elf/rtld-libc.a(rtld-strcspn-sse2.os)
 .note.GNU-stack
                0x0000000000000000        0x0 /home/scott/Documents/Programs/netbsd-on-linux/system-src/user/libc/build/elf/rtld-libc.a(rtld-memmove-sse2-unaligned-erms.os)
 .note.GNU-stack
                0x0000000000000000        0x0 /home/scott/Documents/Programs/netbsd-on-linux/system-src/user/libc/build/elf/rtld-libc.a(rtld-memset-sse2-unaligned-erms.os)
 .note.GNU-stack
                0x0000000000000000        0x0 /home/scott/Documents/Programs/netbsd-on-linux/system-src/user/libc/build/elf/rtld-libc.a(rtld-setitimer.os)

.gnu.build.attributes
 *(.gnu.build.attributes)

.debug
 *(.debug)

.line
 *(.line)

.debug_srcinfo
 *(.debug_srcinfo)

.debug_sfnames
 *(.debug_sfnames)

.debug_aranges  0x0000000000000000     0x11b0
 *(.debug_aranges)
 .debug_aranges
                0x0000000000000000      0x8a0 /home/scott/Documents/Programs/netbsd-on-linux/system-src/user/libc/build/elf/dl-allobjs.os
 .debug_aranges
                0x00000000000008a0       0x30 /home/scott/Documents/Programs/netbsd-on-linux/system-src/user/libc/build/elf/rtld-libc.a(rtld-check_fds.os)
 .debug_aranges
                0x00000000000008d0       0x20 /home/scott/Documents/Programs/netbsd-on-linux/system-src/user/libc/build/elf/rtld-libc.a(rtld-errno.os)
 .debug_aranges
                0x00000000000008f0       0x30 /home/scott/Documents/Programs/netbsd-on-linux/system-src/user/libc/build/elf/rtld-libc.a(rtld-closedir.os)
 .debug_aranges
                0x0000000000000920       0x30 /home/scott/Documents/Programs/netbsd-on-linux/system-src/user/libc/build/elf/rtld-libc.a(rtld-rewinddir.os)
 .debug_aranges
                0x0000000000000950       0x30 /home/scott/Documents/Programs/netbsd-on-linux/system-src/user/libc/build/elf/rtld-libc.a(rtld-readdir64.os)
 .debug_aranges
                0x0000000000000980       0x30 /home/scott/Documents/Programs/netbsd-on-linux/system-src/user/libc/build/elf/rtld-libc.a(rtld-fdopendir.os)
 .debug_aranges
                0x00000000000009b0       0x30 /home/scott/Documents/Programs/netbsd-on-linux/system-src/user/libc/build/elf/rtld-libc.a(rtld-getdents64.os)
 .debug_aranges
                0x00000000000009e0       0x30 /home/scott/Documents/Programs/netbsd-on-linux/system-src/user/libc/build/elf/rtld-libc.a(rtld-dl-addr-obj.os)
 .debug_aranges
                0x0000000000000a10       0x30 /home/scott/Documents/Programs/netbsd-on-linux/system-src/user/libc/build/elf/rtld-libc.a(rtld-profil.os)
 .debug_aranges
                0x0000000000000a40       0x30 /home/scott/Documents/Programs/netbsd-on-linux/system-src/user/libc/build/elf/rtld-libc.a(rtld-prof-freq.os)
 .debug_aranges
                0x0000000000000a70       0x30 /home/scott/Documents/Programs/netbsd-on-linux/system-src/user/libc/build/elf/rtld-libc.a(rtld-stat64.os)
 .debug_aranges
                0x0000000000000aa0       0x30 /home/scott/Documents/Programs/netbsd-on-linux/system-src/user/libc/build/elf/rtld-libc.a(rtld-fstat64.os)
 .debug_aranges
                0x0000000000000ad0       0x30 /home/scott/Documents/Programs/netbsd-on-linux/system-src/user/libc/build/elf/rtld-libc.a(rtld-lstat64.os)
 .debug_aranges
                0x0000000000000b00       0x30 /home/scott/Documents/Programs/netbsd-on-linux/system-src/user/libc/build/elf/rtld-libc.a(rtld-fstatat64.os)
 .debug_aranges
                0x0000000000000b30       0x30 /home/scott/Documents/Programs/netbsd-on-linux/system-src/user/libc/build/elf/rtld-libc.a(rtld-openat64.os)
 .debug_aranges
                0x0000000000000b60       0x30 /home/scott/Documents/Programs/netbsd-on-linux/system-src/user/libc/build/elf/rtld-libc.a(rtld-lseek64.os)
 .debug_aranges
                0x0000000000000b90       0x30 /home/scott/Documents/Programs/netbsd-on-linux/system-src/user/libc/build/elf/rtld-libc.a(rtld-access.os)
 .debug_aranges
                0x0000000000000bc0       0x30 /home/scott/Documents/Programs/netbsd-on-linux/system-src/user/libc/build/elf/rtld-libc.a(rtld-close_nocancel.os)
 .debug_aranges
                0x0000000000000bf0       0x30 /home/scott/Documents/Programs/netbsd-on-linux/system-src/user/libc/build/elf/rtld-libc.a(rtld-fcntl_nocancel.os)
 .debug_aranges
                0x0000000000000c20       0x30 /home/scott/Documents/Programs/netbsd-on-linux/system-src/user/libc/build/elf/rtld-libc.a(rtld-open64_nocancel.os)
 .debug_aranges
                0x0000000000000c50       0x30 /home/scott/Documents/Programs/netbsd-on-linux/system-src/user/libc/build/elf/rtld-libc.a(rtld-read_nocancel.os)
 .debug_aranges
                0x0000000000000c80       0x30 /home/scott/Documents/Programs/netbsd-on-linux/system-src/user/libc/build/elf/rtld-libc.a(rtld-pread64_nocancel.os)
 .debug_aranges
                0x0000000000000cb0       0x30 /home/scott/Documents/Programs/netbsd-on-linux/system-src/user/libc/build/elf/rtld-libc.a(rtld-write_nocancel.os)
 .debug_aranges
                0x0000000000000ce0       0x30 /home/scott/Documents/Programs/netbsd-on-linux/system-src/user/libc/build/elf/rtld-libc.a(rtld-scratch_buffer_set_array_size.os)
 .debug_aranges
                0x0000000000000d10       0x30 /home/scott/Documents/Programs/netbsd-on-linux/system-src/user/libc/build/elf/rtld-libc.a(rtld-mmap64.os)
 .debug_aranges
                0x0000000000000d40       0x30 /home/scott/Documents/Programs/netbsd-on-linux/system-src/user/libc/build/elf/rtld-libc.a(rtld-munmap.os)
 .debug_aranges
                0x0000000000000d70       0x30 /home/scott/Documents/Programs/netbsd-on-linux/system-src/user/libc/build/elf/rtld-libc.a(rtld-mprotect.os)
 .debug_aranges
                0x0000000000000da0       0x30 /home/scott/Documents/Programs/netbsd-on-linux/system-src/user/libc/build/elf/rtld-libc.a(rtld-libc-lowlevellock.os)
 .debug_aranges
                0x0000000000000dd0       0x30 /home/scott/Documents/Programs/netbsd-on-linux/system-src/user/libc/build/elf/rtld-libc.a(rtld-uname.os)
 .debug_aranges
                0x0000000000000e00       0x30 /home/scott/Documents/Programs/netbsd-on-linux/system-src/user/libc/build/elf/rtld-libc.a(rtld-_exit.os)
 .debug_aranges
                0x0000000000000e30       0x30 /home/scott/Documents/Programs/netbsd-on-linux/system-src/user/libc/build/elf/rtld-libc.a(rtld-getpid.os)
 .debug_aranges
                0x0000000000000e60       0x20 /home/scott/Documents/Programs/netbsd-on-linux/system-src/user/libc/build/elf/rtld-libc.a(rtld-environ.os)
 .debug_aranges
                0x0000000000000e80       0x30 /home/scott/Documents/Programs/netbsd-on-linux/system-src/user/libc/build/elf/rtld-libc.a(rtld-setjmp.os)
 .debug_aranges
                0x0000000000000eb0       0x30 /home/scott/Documents/Programs/netbsd-on-linux/system-src/user/libc/build/elf/rtld-libc.a(rtld-__longjmp.os)
 .debug_aranges
                0x0000000000000ee0       0x30 /home/scott/Documents/Programs/netbsd-on-linux/system-src/user/libc/build/elf/rtld-libc.a(rtld-sigaction.os)
 .debug_aranges
                0x0000000000000f10       0x30 /home/scott/Documents/Programs/netbsd-on-linux/system-src/user/libc/build/elf/rtld-libc.a(rtld-strdup.os)
 .debug_aranges
                0x0000000000000f40       0x30 /home/scott/Documents/Programs/netbsd-on-linux/system-src/user/libc/build/elf/rtld-libc.a(rtld-strcmp-sse2.os)
 .debug_aranges
                0x0000000000000f70       0x30 /home/scott/Documents/Programs/netbsd-on-linux/system-src/user/libc/build/elf/rtld-libc.a(rtld-strncmp-sse2.os)
 .debug_aranges
                0x0000000000000fa0       0x30 /home/scott/Documents/Programs/netbsd-on-linux/system-src/user/libc/build/elf/rtld-libc.a(rtld-memchr-sse2.os)
 .debug_aranges
                0x0000000000000fd0       0x30 /home/scott/Documents/Programs/netbsd-on-linux/system-src/user/libc/build/elf/rtld-libc.a(rtld-rawmemchr-sse2.os)
 .debug_aranges
                0x0000000000001000       0x30 /home/scott/Documents/Programs/netbsd-on-linux/system-src/user/libc/build/elf/rtld-libc.a(rtld-memcmp-sse2.os)
 .debug_aranges
                0x0000000000001030       0x30 /home/scott/Documents/Programs/netbsd-on-linux/system-src/user/libc/build/elf/rtld-libc.a(rtld-strchr-sse2.os)
 .debug_aranges
                0x0000000000001060       0x30 /home/scott/Documents/Programs/netbsd-on-linux/system-src/user/libc/build/elf/rtld-libc.a(rtld-strlen-sse2.os)
 .debug_aranges
                0x0000000000001090       0x30 /home/scott/Documents/Programs/netbsd-on-linux/system-src/user/libc/build/elf/rtld-libc.a(rtld-strnlen-sse2.os)
 .debug_aranges
                0x00000000000010c0       0x30 /home/scott/Documents/Programs/netbsd-on-linux/system-src/user/libc/build/elf/rtld-libc.a(rtld-stpcpy-sse2.os)
 .debug_aranges
                0x00000000000010f0       0x30 /home/scott/Documents/Programs/netbsd-on-linux/system-src/user/libc/build/elf/rtld-libc.a(rtld-strcspn-sse2.os)
 .debug_aranges
                0x0000000000001120       0x30 /home/scott/Documents/Programs/netbsd-on-linux/system-src/user/libc/build/elf/rtld-libc.a(rtld-memmove-sse2-unaligned-erms.os)
 .debug_aranges
                0x0000000000001150       0x30 /home/scott/Documents/Programs/netbsd-on-linux/system-src/user/libc/build/elf/rtld-libc.a(rtld-memset-sse2-unaligned-erms.os)
 .debug_aranges
                0x0000000000001180       0x30 /home/scott/Documents/Programs/netbsd-on-linux/system-src/user/libc/build/elf/rtld-libc.a(rtld-setitimer.os)

.debug_pubnames
 *(.debug_pubnames)

.debug_info     0x0000000000000000    0x80aa3
 *(.debug_info)
 .debug_info    0x0000000000000000    0x71ccf /home/scott/Documents/Programs/netbsd-on-linux/system-src/user/libc/build/elf/dl-allobjs.os
 .debug_info    0x0000000000071ccf      0x802 /home/scott/Documents/Programs/netbsd-on-linux/system-src/user/libc/build/elf/rtld-libc.a(rtld-check_fds.os)
 .debug_info    0x00000000000724d1      0x407 /home/scott/Documents/Programs/netbsd-on-linux/system-src/user/libc/build/elf/rtld-libc.a(rtld-errno.os)
 .debug_info    0x00000000000728d8      0x6a9 /home/scott/Documents/Programs/netbsd-on-linux/system-src/user/libc/build/elf/rtld-libc.a(rtld-closedir.os)
 .debug_info    0x0000000000072f81      0x614 /home/scott/Documents/Programs/netbsd-on-linux/system-src/user/libc/build/elf/rtld-libc.a(rtld-rewinddir.os)
 .debug_info    0x0000000000073595      0x725 /home/scott/Documents/Programs/netbsd-on-linux/system-src/user/libc/build/elf/rtld-libc.a(rtld-readdir64.os)
 .debug_info    0x0000000000073cba      0x824 /home/scott/Documents/Programs/netbsd-on-linux/system-src/user/libc/build/elf/rtld-libc.a(rtld-fdopendir.os)
 .debug_info    0x00000000000744de      0x51b /home/scott/Documents/Programs/netbsd-on-linux/system-src/user/libc/build/elf/rtld-libc.a(rtld-getdents64.os)
 .debug_info    0x00000000000749f9      0xe32 /home/scott/Documents/Programs/netbsd-on-linux/system-src/user/libc/build/elf/rtld-libc.a(rtld-dl-addr-obj.os)
 .debug_info    0x000000000007582b      0xb3b /home/scott/Documents/Programs/netbsd-on-linux/system-src/user/libc/build/elf/rtld-libc.a(rtld-profil.os)
 .debug_info    0x0000000000076366     0x1de1 /home/scott/Documents/Programs/netbsd-on-linux/system-src/user/libc/build/elf/rtld-libc.a(rtld-prof-freq.os)
 .debug_info    0x0000000000078147      0x28d /home/scott/Documents/Programs/netbsd-on-linux/system-src/user/libc/build/elf/rtld-libc.a(rtld-stat64.os)
 .debug_info    0x00000000000783d4      0x28a /home/scott/Documents/Programs/netbsd-on-linux/system-src/user/libc/build/elf/rtld-libc.a(rtld-fstat64.os)
 .debug_info    0x000000000007865e      0x28f /home/scott/Documents/Programs/netbsd-on-linux/system-src/user/libc/build/elf/rtld-libc.a(rtld-lstat64.os)
 .debug_info    0x00000000000788ed      0x6bb /home/scott/Documents/Programs/netbsd-on-linux/system-src/user/libc/build/elf/rtld-libc.a(rtld-fstatat64.os)
 .debug_info    0x0000000000078fa8      0x683 /home/scott/Documents/Programs/netbsd-on-linux/system-src/user/libc/build/elf/rtld-libc.a(rtld-openat64.os)
 .debug_info    0x000000000007962b      0x50b /home/scott/Documents/Programs/netbsd-on-linux/system-src/user/libc/build/elf/rtld-libc.a(rtld-lseek64.os)
 .debug_info    0x0000000000079b36      0x4cf /home/scott/Documents/Programs/netbsd-on-linux/system-src/user/libc/build/elf/rtld-libc.a(rtld-access.os)
 .debug_info    0x000000000007a005      0x497 /home/scott/Documents/Programs/netbsd-on-linux/system-src/user/libc/build/elf/rtld-libc.a(rtld-close_nocancel.os)
 .debug_info    0x000000000007a49c      0x916 /home/scott/Documents/Programs/netbsd-on-linux/system-src/user/libc/build/elf/rtld-libc.a(rtld-fcntl_nocancel.os)
 .debug_info    0x000000000007adb2      0x5ce /home/scott/Documents/Programs/netbsd-on-linux/system-src/user/libc/build/elf/rtld-libc.a(rtld-open64_nocancel.os)
 .debug_info    0x000000000007b380      0x51d /home/scott/Documents/Programs/netbsd-on-linux/system-src/user/libc/build/elf/rtld-libc.a(rtld-read_nocancel.os)
 .debug_info    0x000000000007b89d      0x55f /home/scott/Documents/Programs/netbsd-on-linux/system-src/user/libc/build/elf/rtld-libc.a(rtld-pread64_nocancel.os)
 .debug_info    0x000000000007bdfc      0x522 /home/scott/Documents/Programs/netbsd-on-linux/system-src/user/libc/build/elf/rtld-libc.a(rtld-write_nocancel.os)
 .debug_info    0x000000000007c31e      0x3df /home/scott/Documents/Programs/netbsd-on-linux/system-src/user/libc/build/elf/rtld-libc.a(rtld-scratch_buffer_set_array_size.os)
 .debug_info    0x000000000007c6fd     0x21fe /home/scott/Documents/Programs/netbsd-on-linux/system-src/user/libc/build/elf/rtld-libc.a(rtld-mmap64.os)
 .debug_info    0x000000000007e8fb       0x2e /home/scott/Documents/Programs/netbsd-on-linux/system-src/user/libc/build/elf/rtld-libc.a(rtld-munmap.os)
 .debug_info    0x000000000007e929       0x2e /home/scott/Documents/Programs/netbsd-on-linux/system-src/user/libc/build/elf/rtld-libc.a(rtld-mprotect.os)
 .debug_info    0x000000000007e957      0x62d /home/scott/Documents/Programs/netbsd-on-linux/system-src/user/libc/build/elf/rtld-libc.a(rtld-libc-lowlevellock.os)
 .debug_info    0x000000000007ef84       0x2e /home/scott/Documents/Programs/netbsd-on-linux/system-src/user/libc/build/elf/rtld-libc.a(rtld-uname.os)
 .debug_info    0x000000000007efb2      0x4e2 /home/scott/Documents/Programs/netbsd-on-linux/system-src/user/libc/build/elf/rtld-libc.a(rtld-_exit.os)
 .debug_info    0x000000000007f494       0x2e /home/scott/Documents/Programs/netbsd-on-linux/system-src/user/libc/build/elf/rtld-libc.a(rtld-getpid.os)
 .debug_info    0x000000000007f4c2       0xb7 /home/scott/Documents/Programs/netbsd-on-linux/system-src/user/libc/build/elf/rtld-libc.a(rtld-environ.os)
 .debug_info    0x000000000007f579       0x2e /home/scott/Documents/Programs/netbsd-on-linux/system-src/user/libc/build/elf/rtld-libc.a(rtld-setjmp.os)
 .debug_info    0x000000000007f5a7       0x2e /home/scott/Documents/Programs/netbsd-on-linux/system-src/user/libc/build/elf/rtld-libc.a(rtld-__longjmp.os)
 .debug_info    0x000000000007f5d5      0xb36 /home/scott/Documents/Programs/netbsd-on-linux/system-src/user/libc/build/elf/rtld-libc.a(rtld-sigaction.os)
 .debug_info    0x000000000008010b      0x1c4 /home/scott/Documents/Programs/netbsd-on-linux/system-src/user/libc/build/elf/rtld-libc.a(rtld-strdup.os)
 .debug_info    0x00000000000802cf       0x2e /home/scott/Documents/Programs/netbsd-on-linux/system-src/user/libc/build/elf/rtld-libc.a(rtld-strcmp-sse2.os)
 .debug_info    0x00000000000802fd       0x2e /home/scott/Documents/Programs/netbsd-on-linux/system-src/user/libc/build/elf/rtld-libc.a(rtld-strncmp-sse2.os)
 .debug_info    0x000000000008032b       0x2e /home/scott/Documents/Programs/netbsd-on-linux/system-src/user/libc/build/elf/rtld-libc.a(rtld-memchr-sse2.os)
 .debug_info    0x0000000000080359       0x2e /home/scott/Documents/Programs/netbsd-on-linux/system-src/user/libc/build/elf/rtld-libc.a(rtld-rawmemchr-sse2.os)
 .debug_info    0x0000000000080387       0x2e /home/scott/Documents/Programs/netbsd-on-linux/system-src/user/libc/build/elf/rtld-libc.a(rtld-memcmp-sse2.os)
 .debug_info    0x00000000000803b5       0x2e /home/scott/Documents/Programs/netbsd-on-linux/system-src/user/libc/build/elf/rtld-libc.a(rtld-strchr-sse2.os)
 .debug_info    0x00000000000803e3       0x2e /home/scott/Documents/Programs/netbsd-on-linux/system-src/user/libc/build/elf/rtld-libc.a(rtld-strlen-sse2.os)
 .debug_info    0x0000000000080411       0x2e /home/scott/Documents/Programs/netbsd-on-linux/system-src/user/libc/build/elf/rtld-libc.a(rtld-strnlen-sse2.os)
 .debug_info    0x000000000008043f       0x2e /home/scott/Documents/Programs/netbsd-on-linux/system-src/user/libc/build/elf/rtld-libc.a(rtld-stpcpy-sse2.os)
 .debug_info    0x000000000008046d       0x2e /home/scott/Documents/Programs/netbsd-on-linux/system-src/user/libc/build/elf/rtld-libc.a(rtld-strcspn-sse2.os)
 .debug_info    0x000000000008049b       0x2e /home/scott/Documents/Programs/netbsd-on-linux/system-src/user/libc/build/elf/rtld-libc.a(rtld-memmove-sse2-unaligned-erms.os)
 .debug_info    0x00000000000804c9       0x2e /home/scott/Documents/Programs/netbsd-on-linux/system-src/user/libc/build/elf/rtld-libc.a(rtld-memset-sse2-unaligned-erms.os)
 .debug_info    0x00000000000804f7      0x5ac /home/scott/Documents/Programs/netbsd-on-linux/system-src/user/libc/build/elf/rtld-libc.a(rtld-setitimer.os)

.debug_abbrev   0x0000000000000000    0x1078c
 *(.debug_abbrev)
 .debug_abbrev  0x0000000000000000     0xd293 /home/scott/Documents/Programs/netbsd-on-linux/system-src/user/libc/build/elf/dl-allobjs.os
 .debug_abbrev  0x000000000000d293      0x202 /home/scott/Documents/Programs/netbsd-on-linux/system-src/user/libc/build/elf/rtld-libc.a(rtld-check_fds.os)
 .debug_abbrev  0x000000000000d495       0xeb /home/scott/Documents/Programs/netbsd-on-linux/system-src/user/libc/build/elf/rtld-libc.a(rtld-errno.os)
 .debug_abbrev  0x000000000000d580      0x20f /home/scott/Documents/Programs/netbsd-on-linux/system-src/user/libc/build/elf/rtld-libc.a(rtld-closedir.os)
 .debug_abbrev  0x000000000000d78f      0x17b /home/scott/Documents/Programs/netbsd-on-linux/system-src/user/libc/build/elf/rtld-libc.a(rtld-rewinddir.os)
 .debug_abbrev  0x000000000000d90a      0x1d0 /home/scott/Documents/Programs/netbsd-on-linux/system-src/user/libc/build/elf/rtld-libc.a(rtld-readdir64.os)
 .debug_abbrev  0x000000000000dada      0x1c2 /home/scott/Documents/Programs/netbsd-on-linux/system-src/user/libc/build/elf/rtld-libc.a(rtld-fdopendir.os)
 .debug_abbrev  0x000000000000dc9c      0x15d /home/scott/Documents/Programs/netbsd-on-linux/system-src/user/libc/build/elf/rtld-libc.a(rtld-getdents64.os)
 .debug_abbrev  0x000000000000ddf9      0x214 /home/scott/Documents/Programs/netbsd-on-linux/system-src/user/libc/build/elf/rtld-libc.a(rtld-dl-addr-obj.os)
 .debug_abbrev  0x000000000000e00d      0x2bc /home/scott/Documents/Programs/netbsd-on-linux/system-src/user/libc/build/elf/rtld-libc.a(rtld-profil.os)
 .debug_abbrev  0x000000000000e2c9      0x301 /home/scott/Documents/Programs/netbsd-on-linux/system-src/user/libc/build/elf/rtld-libc.a(rtld-prof-freq.os)
 .debug_abbrev  0x000000000000e5ca       0xf2 /home/scott/Documents/Programs/netbsd-on-linux/system-src/user/libc/build/elf/rtld-libc.a(rtld-stat64.os)
 .debug_abbrev  0x000000000000e6bc       0xd7 /home/scott/Documents/Programs/netbsd-on-linux/system-src/user/libc/build/elf/rtld-libc.a(rtld-fstat64.os)
 .debug_abbrev  0x000000000000e793       0xf2 /home/scott/Documents/Programs/netbsd-on-linux/system-src/user/libc/build/elf/rtld-libc.a(rtld-lstat64.os)
 .debug_abbrev  0x000000000000e885      0x176 /home/scott/Documents/Programs/netbsd-on-linux/system-src/user/libc/build/elf/rtld-libc.a(rtld-fstatat64.os)
 .debug_abbrev  0x000000000000e9fb      0x1bd /home/scott/Documents/Programs/netbsd-on-linux/system-src/user/libc/build/elf/rtld-libc.a(rtld-openat64.os)
 .debug_abbrev  0x000000000000ebb8      0x153 /home/scott/Documents/Programs/netbsd-on-linux/system-src/user/libc/build/elf/rtld-libc.a(rtld-lseek64.os)
 .debug_abbrev  0x000000000000ed0b      0x142 /home/scott/Documents/Programs/netbsd-on-linux/system-src/user/libc/build/elf/rtld-libc.a(rtld-access.os)
 .debug_abbrev  0x000000000000ee4d      0x144 /home/scott/Documents/Programs/netbsd-on-linux/system-src/user/libc/build/elf/rtld-libc.a(rtld-close_nocancel.os)
 .debug_abbrev  0x000000000000ef91      0x25c /home/scott/Documents/Programs/netbsd-on-linux/system-src/user/libc/build/elf/rtld-libc.a(rtld-fcntl_nocancel.os)
 .debug_abbrev  0x000000000000f1ed      0x185 /home/scott/Documents/Programs/netbsd-on-linux/system-src/user/libc/build/elf/rtld-libc.a(rtld-open64_nocancel.os)
 .debug_abbrev  0x000000000000f372      0x15c /home/scott/Documents/Programs/netbsd-on-linux/system-src/user/libc/build/elf/rtld-libc.a(rtld-read_nocancel.os)
 .debug_abbrev  0x000000000000f4ce      0x167 /home/scott/Documents/Programs/netbsd-on-linux/system-src/user/libc/build/elf/rtld-libc.a(rtld-pread64_nocancel.os)
 .debug_abbrev  0x000000000000f635      0x15a /home/scott/Documents/Programs/netbsd-on-linux/system-src/user/libc/build/elf/rtld-libc.a(rtld-write_nocancel.os)
 .debug_abbrev  0x000000000000f78f      0x233 /home/scott/Documents/Programs/netbsd-on-linux/system-src/user/libc/build/elf/rtld-libc.a(rtld-scratch_buffer_set_array_size.os)
 .debug_abbrev  0x000000000000f9c2      0x3c2 /home/scott/Documents/Programs/netbsd-on-linux/system-src/user/libc/build/elf/rtld-libc.a(rtld-mmap64.os)
 .debug_abbrev  0x000000000000fd84       0x14 /home/scott/Documents/Programs/netbsd-on-linux/system-src/user/libc/build/elf/rtld-libc.a(rtld-munmap.os)
 .debug_abbrev  0x000000000000fd98       0x14 /home/scott/Documents/Programs/netbsd-on-linux/system-src/user/libc/build/elf/rtld-libc.a(rtld-mprotect.os)
 .debug_abbrev  0x000000000000fdac      0x1e1 /home/scott/Documents/Programs/netbsd-on-linux/system-src/user/libc/build/elf/rtld-libc.a(rtld-libc-lowlevellock.os)
 .debug_abbrev  0x000000000000ff8d       0x14 /home/scott/Documents/Programs/netbsd-on-linux/system-src/user/libc/build/elf/rtld-libc.a(rtld-uname.os)
 .debug_abbrev  0x000000000000ffa1      0x145 /home/scott/Documents/Programs/netbsd-on-linux/system-src/user/libc/build/elf/rtld-libc.a(rtld-_exit.os)
 .debug_abbrev  0x00000000000100e6       0x14 /home/scott/Documents/Programs/netbsd-on-linux/system-src/user/libc/build/elf/rtld-libc.a(rtld-getpid.os)
 .debug_abbrev  0x00000000000100fa       0x6f /home/scott/Documents/Programs/netbsd-on-linux/system-src/user/libc/build/elf/rtld-libc.a(rtld-environ.os)
 .debug_abbrev  0x0000000000010169       0x14 /home/scott/Documents/Programs/netbsd-on-linux/system-src/user/libc/build/elf/rtld-libc.a(rtld-setjmp.os)
 .debug_abbrev  0x000000000001017d       0x14 /home/scott/Documents/Programs/netbsd-on-linux/system-src/user/libc/build/elf/rtld-libc.a(rtld-__longjmp.os)
 .debug_abbrev  0x0000000000010191      0x250 /home/scott/Documents/Programs/netbsd-on-linux/system-src/user/libc/build/elf/rtld-libc.a(rtld-sigaction.os)
 .debug_abbrev  0x00000000000103e1      0x159 /home/scott/Documents/Programs/netbsd-on-linux/system-src/user/libc/build/elf/rtld-libc.a(rtld-strdup.os)
 .debug_abbrev  0x000000000001053a       0x14 /home/scott/Documents/Programs/netbsd-on-linux/system-src/user/libc/build/elf/rtld-libc.a(rtld-strcmp-sse2.os)