Archive member included to satisfy reference by file (symbol)

/home/scott/Documents/Programs/netbsd-on-linux/system-src/user/libc/build/libc_pic.a(check_fds.os)
                              /home/scott/Documents/Programs/netbsd-on-linux/system-src/user/libc/build/elf/dl-allobjs.os (__libc_check_standard_fds)
/home/scott/Documents/Programs/netbsd-on-linux/system-src/user/libc/build/libc_pic.a(errno.os)
                              /home/scott/Documents/Programs/netbsd-on-linux/system-src/user/libc/build/libc_pic.a(check_fds.os) (__libc_errno)
/home/scott/Documents/Programs/netbsd-on-linux/system-src/user/libc/build/libc_pic.a(setjmp.os)
                              /home/scott/Documents/Programs/netbsd-on-linux/system-src/user/libc/build/elf/dl-allobjs.os (__sigsetjmp)
/home/scott/Documents/Programs/netbsd-on-linux/system-src/user/libc/build/libc_pic.a(__longjmp.os)
                              /home/scott/Documents/Programs/netbsd-on-linux/system-src/user/libc/build/elf/dl-allobjs.os (__longjmp)
/home/scott/Documents/Programs/netbsd-on-linux/system-src/user/libc/build/libc_pic.a(libc-lowlevellock.os)
                              /home/scott/Documents/Programs/netbsd-on-linux/system-src/user/libc/build/elf/dl-allobjs.os (__lll_lock_wait_private)
/home/scott/Documents/Programs/netbsd-on-linux/system-src/user/libc/build/libc_pic.a(scratch_buffer_set_array_size.os)
                              /home/scott/Documents/Programs/netbsd-on-linux/system-src/user/libc/build/elf/dl-allobjs.os (__libc_scratch_buffer_set_array_size)
/home/scott/Documents/Programs/netbsd-on-linux/system-src/user/libc/build/libc_pic.a(strchr.os)
                              /home/scott/Documents/Programs/netbsd-on-linux/system-src/user/libc/build/elf/dl-allobjs.os (strchr)
/home/scott/Documents/Programs/netbsd-on-linux/system-src/user/libc/build/libc_pic.a(strcmp.os)
                              /home/scott/Documents/Programs/netbsd-on-linux/system-src/user/libc/build/elf/dl-allobjs.os (strcmp)
/home/scott/Documents/Programs/netbsd-on-linux/system-src/user/libc/build/libc_pic.a(strcspn.os)
                              /home/scott/Documents/Programs/netbsd-on-linux/system-src/user/libc/build/elf/dl-allobjs.os (strcspn)
/home/scott/Documents/Programs/netbsd-on-linux/system-src/user/libc/build/libc_pic.a(strdup.os)
                              /home/scott/Documents/Programs/netbsd-on-linux/system-src/user/libc/build/elf/dl-allobjs.os (__strdup)
/home/scott/Documents/Programs/netbsd-on-linux/system-src/user/libc/build/libc_pic.a(strlen.os)
                              /home/scott/Documents/Programs/netbsd-on-linux/system-src/user/libc/build/elf/dl-allobjs.os (strlen)
/home/scott/Documents/Programs/netbsd-on-linux/system-src/user/libc/build/libc_pic.a(strnlen.os)
                              /home/scott/Documents/Programs/netbsd-on-linux/system-src/user/libc/build/elf/dl-allobjs.os (strnlen)
/home/scott/Documents/Programs/netbsd-on-linux/system-src/user/libc/build/libc_pic.a(strncmp.os)
                              /home/scott/Documents/Programs/netbsd-on-linux/system-src/user/libc/build/elf/dl-allobjs.os (strncmp)
/home/scott/Documents/Programs/netbsd-on-linux/system-src/user/libc/build/libc_pic.a(memchr.os)
                              /home/scott/Documents/Programs/netbsd-on-linux/system-src/user/libc/build/elf/dl-allobjs.os (memchr)
/home/scott/Documents/Programs/netbsd-on-linux/system-src/user/libc/build/libc_pic.a(memcmp.os)
                              /home/scott/Documents/Programs/netbsd-on-linux/system-src/user/libc/build/elf/dl-allobjs.os (memcmp)
/home/scott/Documents/Programs/netbsd-on-linux/system-src/user/libc/build/libc_pic.a(memmove.os)
                              /home/scott/Documents/Programs/netbsd-on-linux/system-src/user/libc/build/elf/dl-allobjs.os (memmove)
/home/scott/Documents/Programs/netbsd-on-linux/system-src/user/libc/build/libc_pic.a(memset.os)
                              /home/scott/Documents/Programs/netbsd-on-linux/system-src/user/libc/build/elf/dl-allobjs.os (memset)
/home/scott/Documents/Programs/netbsd-on-linux/system-src/user/libc/build/libc_pic.a(mempcpy.os)
                              /home/scott/Documents/Programs/netbsd-on-linux/system-src/user/libc/build/elf/dl-allobjs.os (__mempcpy)
/home/scott/Documents/Programs/netbsd-on-linux/system-src/user/libc/build/libc_pic.a(stpcpy.os)
                              /home/scott/Documents/Programs/netbsd-on-linux/system-src/user/libc/build/elf/dl-allobjs.os (__stpcpy)
/home/scott/Documents/Programs/netbsd-on-linux/system-src/user/libc/build/libc_pic.a(memcpy.os)
                              /home/scott/Documents/Programs/netbsd-on-linux/system-src/user/libc/build/libc_pic.a(check_fds.os) (__GI_memcpy)
/home/scott/Documents/Programs/netbsd-on-linux/system-src/user/libc/build/libc_pic.a(rawmemchr.os)
                              /home/scott/Documents/Programs/netbsd-on-linux/system-src/user/libc/build/elf/dl-allobjs.os (rawmemchr)
[...]
Memory Configuration

Name             Origin             Length             Attributes
*default*        0x0000000000000000 0xffffffffffffffff

Linker script and memory map

                0x0000000000000000                calloc = 0x0
                0x0000000000000000                free = 0x0
                0x0000000000000000                malloc = 0x0
                0x0000000000000000                realloc = 0x0
                0x0000000000000000                __stack_chk_fail = 0x0
                0x0000000000000000                __stack_chk_fail_local = 0x0
START GROUP
LOAD /home/scott/Documents/Programs/netbsd-on-linux/system-src/user/libc/build/elf/dl-allobjs.os
LOAD /home/scott/Documents/Programs/netbsd-on-linux/system-src/user/libc/build/libc_pic.a
LOAD /storage/data/Documents/Programs/netbsd-on-linux/bootstrap/tools/bin/../lib/gcc/x86_64-noel-linux-gnu/10.2.0/libgcc.a
END GROUP

.interp
 *(.interp)

.note.gnu.property
                0x0000000000000000       0x30
 .note.gnu.property
                0x0000000000000000       0x30 /home/scott/Documents/Programs/netbsd-on-linux/system-src/user/libc/build/elf/dl-allobjs.os

.note.gnu.build-id
 *(.note.gnu.build-id)

.hash
 *(.hash)

.gnu.hash
 *(.gnu.hash)

.dynsym
 *(.dynsym)

.dynstr
 *(.dynstr)

.gnu.version
 *(.gnu.version)

.gnu.version_d
 *(.gnu.version_d)

.gnu.version_r
 *(.gnu.version_r)

.rela.init
 *(.rela.init)

.rela.text
 *(.rela.text)

.rela.fini
 *(.rela.fini)

.rela.rodata
 *(.rela.rodata)

.rela.data.rel.ro
 *(.rela.data.rel.ro)

.rela.data
 *(.rela.data)

.rela.tdata
 *(.rela.tdata)

.rela.tbss
 *(.rela.tbss)

.rela.ctors
 *(.rela.ctors)

.rela.dtors
 *(.rela.dtors)

.rela.got
 *(.rela.got)

.rela.bss
 *(.rela.bss)

.rela.ldata
 *(.rela.ldata)

.rela.lbss
 *(.rela.lbss)

.rela.lrodata
 *(.rela.lrodata)

.rela.ifunc
 *(.rela.ifunc)

.rela.plt
 *(.rela.plt)

.init
 *(SORT_NONE(.init))

.plt
 *(.plt)

.plt.got
 *(.plt.got)

.plt.sec
 *(.plt.sec)

.text           0x0000000000000000    0x24864
 *(.text .stub)
 .text          0x0000000000000000    0x1db54 /home/scott/Documents/Programs/netbsd-on-linux/system-src/user/libc/build/elf/dl-allobjs.os
                0x0000000000000000                _start
                0x0000000000000008                _dl_start_user
                0x0000000000001320                handle_preload_list
                0x00000000000064d0                _dl_dst_count
                0x0000000000006580                _dl_dst_substitute
                0x0000000000006c90                _dl_init_paths
                0x0000000000007030                _dl_process_pt_gnu_property
                0x0000000000008690                _dl_map_object
                0x00000000000091d0                _dl_rtld_di_serinfo
                0x000000000000a1a0                _dl_lookup_symbol_x
                0x000000000000b0f0                _dl_setup_hash
                0x000000000000b1a0                _dl_add_to_namespace_list
                0x000000000000b230                _dl_new_object
                0x000000000000b620                _dl_try_allocate_static_tls
                0x000000000000b740                _dl_allocate_static_tls
                0x000000000000b770                _dl_nothread_init_static_tls
                0x000000000000b7c0                _dl_protect_relro
                0x000000000000b820                _dl_reloc_bad_type
                0x000000000000b8f0                _dl_relocate_object
                0x000000000000d330                _dl_map_object_deps
                0x000000000000e3c0                _dl_fixup
                0x000000000000e580                _dl_profile_fixup
                0x000000000000ec50                _dl_call_pltexit
                0x000000000000eec0                _dl_init
                0x000000000000f050                _dl_fini
                0x000000000000f440                _dl_debug_state
                0x000000000000f440                __GI__dl_debug_state
                0x000000000000f450                _dl_debug_initialize
                0x000000000000fbd0                _dl_sysdep_read_whole_file
                0x000000000000fc60                _dl_debug_printf
                0x000000000000fd10                _dl_debug_printf_c
                0x000000000000fdc0                _dl_dprintf
                0x000000000000fe60                _dl_printf
                0x000000000000ff10                _dl_error_printf
                0x000000000000ffc0                _dl_fatal_printf
                0x000000000000ffc0                __GI__dl_fatal_printf
                0x0000000000010070                _dl_name_match_p
                0x00000000000100e0                _dl_higher_prime_number
                0x0000000000010130                _dl_strtoul
                0x00000000000102a0                _dl_check_map_versions
                0x0000000000010a30                _dl_check_all_versions
                0x0000000000010ab0                _dl_start_profile
                0x0000000000011210                __GI__dl_mcount
                0x0000000000011210                _dl_mcount
                0x0000000000011720                _dl_tls_static_surplus_init
                0x00000000000117b0                _dl_next_tls_modid
                0x00000000000118a0                _dl_count_modids
                0x0000000000011910                _dl_determine_tlsoffset
                0x0000000000011ad0                _dl_get_tls_static_info
                0x0000000000011af0                _dl_allocate_tls_storage
                0x0000000000011bd0                __GI__dl_allocate_tls_init
                0x0000000000011bd0                _dl_allocate_tls_init
                0x0000000000011e10                __GI__dl_allocate_tls
                0x0000000000011e10                _dl_allocate_tls
                0x0000000000011e90                _dl_deallocate_tls
                0x0000000000011e90                __GI__dl_deallocate_tls
                0x0000000000011f10                _dl_update_slotinfo
                0x0000000000012170                __GI___tls_get_addr
                0x0000000000012170                ___tls_get_addr
                0x00000000000121b0                _dl_tls_get_addr_soft
                0x0000000000012230                _dl_add_to_slotinfo
                0x0000000000012340                __tls_get_addr_slow
                0x0000000000012370                _dl_get_origin
                0x00000000000124d0                _dl_scope_free
                0x00000000000125b0                _dl_make_stack_executable
                0x00000000000125b0                __GI__dl_make_stack_executable
                0x00000000000128f0                __GI__dl_find_dso_for_object
                0x00000000000128f0                _dl_find_dso_for_object
                0x00000000000129c0                _dl_open
                0x0000000000012d00                _dl_show_scope
                0x0000000000013af0                _dl_close_worker
                0x0000000000014ba0                _dl_close
                0x0000000000014c10                _dl_runtime_profile_avx512
                0x0000000000015090                _dl_runtime_profile_avx
                0x0000000000015510                _dl_runtime_profile_sse
                0x0000000000015710                _dl_runtime_resolve_fxsave
                0x0000000000015790                _dl_runtime_resolve_xsave
                0x0000000000015860                _dl_runtime_resolve_xsavec
                0x0000000000015940                _dl_exception_create
                0x0000000000015940                __GI__dl_exception_create
                0x0000000000015a30                __GI__dl_exception_create_format
                0x0000000000015a30                _dl_exception_create_format
                0x0000000000015ed0                _dl_exception_free
                0x0000000000015ed0                __GI__dl_exception_free
                0x0000000000015f00                _dl_sort_maps
                0x0000000000016270                _dl_lookup_direct
                0x0000000000016440                _dl_call_libc_early_init
                0x00000000000164c0                _dl_write
                0x00000000000164d0                __thread_gscope_wait
                0x00000000000166b0                _dl_cache_libcmp
                0x0000000000016ed0                _dl_load_cache_lookup
                0x0000000000017210                _dl_unload_cache
                0x00000000000172d0                __GI___tunable_set_val
                0x0000000000017510                __GI___tunables_init
                0x00000000000179f0                __GI___tunables_print
                0x0000000000017ae0                __tunable_get_val
                0x0000000000017ae0                __GI___tunable_get_val
                0x0000000000017b50                _dl_make_tlsdesc_dynamic
                0x0000000000017e40                _dl_tlsdesc_resolve_rela_fixup
                0x0000000000018010                _dl_tlsdesc_resolve_hold_fixup
                0x0000000000018050                _dl_unmap
                0x00000000000180d0                _dl_tlsdesc_return
                0x00000000000180e0                _dl_tlsdesc_undefweak
                0x00000000000180f0                _dl_tlsdesc_dynamic
                0x0000000000018190                _dl_tlsdesc_resolve_rela
                0x0000000000018200                _dl_tlsdesc_resolve_hold
                0x0000000000018280                __tls_get_addr
                0x000000000001a000                __x86_cpu_features
                0x000000000001a020                _dl_x86_init_cpu_features
                0x000000000001a040                _dl_x86_get_cpu_features
                0x000000000001a050                _dl_tunable_set_hwcaps
                0x000000000001aad0                _dl_sysdep_start
                0x000000000001af10                _dl_sysdep_start_cleanup
                0x000000000001af20                _dl_show_auxv
                0x000000000001b0c0                _dl_discover_osversion
                0x000000000001b2a0                _dl_next_ld_env_entry
                0x000000000001b2f0                unsetenv
                0x000000000001b510                __rtld_malloc_init_stubs
                0x000000000001b550                __sigjmp_save
                0x000000000001b560                __strerror_r
                0x000000000001b650                __GI___libc_fatal
                0x000000000001b650                __libc_fatal
                0x000000000001b670                __GI___chk_fail
                0x000000000001b670                __chk_fail
                0x000000000001b680                __GI___assert_fail
                0x000000000001b680                __assert_fail
                0x000000000001b740                __rtld_malloc_is_complete
                0x000000000001b9b0                __rtld_malloc_init_real
                0x000000000001baa0                __GI___assert_perror_fail
                0x000000000001baa0                __assert_perror_fail
                0x000000000001bb00                _itoa
                0x000000000001bb60                __strsep
                0x000000000001bb60                strsep
                0x000000000001bb60                __strsep_g
                0x000000000001bc80                _dl_signal_exception
                0x000000000001bcd0                _dl_signal_error
                0x000000000001bd20                _dl_signal_cexception
                0x000000000001bdb0                _dl_signal_cerror
                0x000000000001be30                _dl_catch_exception
                0x000000000001bf10                _dl_catch_error
                0x000000000001bf60                _dl_receive_error
                0x000000000001bfb0                _dl_resolve_conflicts
                0x000000000001c1d0                _dl_important_hwcaps
                0x000000000001cac0                _dl_hwcaps_split
                0x000000000001cb50                _dl_hwcaps_contains
                0x000000000001cbc0                _dl_hwcaps_split_masked
                0x000000000001cc10                _dl_hwcaps_subdirs_active
                0x000000000001cd80                _dl_usage
                0x000000000001cdd0                _dl_version
                0x000000000001cdf0                _dl_help
                0x000000000001d2c0                __brk
                0x000000000001d2c0                brk
                0x000000000001d2f0                sbrk
                0x000000000001d2f0                __sbrk
                0x000000000001d380                __getcwd
                0x000000000001d380                getcwd
                0x000000000001d970                openat64
                0x000000000001d9d0                __alloc_dir
                0x000000000001dac0                __opendir
                0x000000000001dac0                opendir
 *fill*         0x000000000001db54        0xc 
 .text          0x000000000001db60       0xe2 /home/scott/Documents/Programs/netbsd-on-linux/system-src/user/libc/build/libc_pic.a(check_fds.os)
                0x000000000001dc10                __libc_check_standard_fds
 .text          0x000000000001dc42        0x0 /home/scott/Documents/Programs/netbsd-on-linux/system-src/user/libc/build/libc_pic.a(errno.os)
 *fill*         0x000000000001dc42        0xe 
 .text          0x000000000001dc50       0x57 /home/scott/Documents/Programs/netbsd-on-linux/system-src/user/libc/build/libc_pic.a(setjmp.os)
                0x000000000001dc50                __sigsetjmp
                0x000000000001dc50                __GI___sigsetjmp
 *fill*         0x000000000001dca7        0x9 
 .text          0x000000000001dcb0       0x50 /home/scott/Documents/Programs/netbsd-on-linux/system-src/user/libc/build/libc_pic.a(__longjmp.os)
                0x000000000001dcb0                __longjmp
 .text          0x000000000001dd00       0x59 /home/scott/Documents/Programs/netbsd-on-linux/system-src/user/libc/build/libc_pic.a(libc-lowlevellock.os)
                0x000000000001dd00                __lll_lock_wait_private
 *fill*         0x000000000001dd59        0x7 
 .text          0x000000000001dd60       0xae /home/scott/Documents/Programs/netbsd-on-linux/system-src/user/libc/build/libc_pic.a(scratch_buffer_set_array_size.os)
                0x000000000001dd60                __libc_scratch_buffer_set_array_size
                0x000000000001dd60                __GI___libc_scratch_buffer_set_array_size
 *fill*         0x000000000001de0e        0x2 
 .text          0x000000000001de10       0x46 /home/scott/Documents/Programs/netbsd-on-linux/system-src/user/libc/build/libc_pic.a(strchr.os)
                0x000000000001de10                __GI_strchr
                0x000000000001de10                index
                0x000000000001de10                strchr
 *fill*         0x000000000001de56        0xa 
 .text          0x000000000001de60       0x55 /home/scott/Documents/Programs/netbsd-on-linux/system-src/user/libc/build/libc_pic.a(strcmp.os)
                0x000000000001de60                __GI_strcmp
                0x000000000001de60                strcmp
 *fill*         0x000000000001deb5        0xb 
 .text          0x000000000001dec0       0x21 /home/scott/Documents/Programs/netbsd-on-linux/system-src/user/libc/build/libc_pic.a(strcspn.os)
                0x000000000001dec0                strcspn
                0x000000000001dec0                __GI_strcspn
 *fill*         0x000000000001dee1        0xf 
 .text          0x000000000001def0       0x3c /home/scott/Documents/Programs/netbsd-on-linux/system-src/user/libc/build/libc_pic.a(strdup.os)
                0x000000000001def0                __GI___strdup
                0x000000000001def0                __strdup
                0x000000000001def0                strdup
 *fill*         0x000000000001df2c        0x4 
 .text          0x000000000001df30       0x31 /home/scott/Documents/Programs/netbsd-on-linux/system-src/user/libc/build/libc_pic.a(strlen.os)
                0x000000000001df30                strlen
                0x000000000001df30                __GI_strlen
 *fill*         0x000000000001df61        0xf 
 .text          0x000000000001df70       0x31 /home/scott/Documents/Programs/netbsd-on-linux/system-src/user/libc/build/libc_pic.a(strnlen.os)
                0x000000000001df70                __strnlen
                0x000000000001df70                strnlen
                0x000000000001df70                __GI___strnlen
                0x000000000001df70                __GI_strnlen
 *fill*         0x000000000001dfa1        0xf 
 .text          0x000000000001dfb0       0x63 /home/scott/Documents/Programs/netbsd-on-linux/system-src/user/libc/build/libc_pic.a(strncmp.os)
                0x000000000001dfb0                __GI_strncmp
                0x000000000001dfb0                strncmp
 *fill*         0x000000000001e013        0xd 
 .text          0x000000000001e020       0x31 /home/scott/Documents/Programs/netbsd-on-linux/system-src/user/libc/build/libc_pic.a(memchr.os)
                0x000000000001e020                __GI_memchr
                0x000000000001e020                memchr
                0x000000000001e020                __memchr
 *fill*         0x000000000001e051        0xf 
 .text          0x000000000001e060       0x65 /home/scott/Documents/Programs/netbsd-on-linux/system-src/user/libc/build/libc_pic.a(memcmp.os)
                0x000000000001e060                bcmp
                0x000000000001e060                __GI_memcmp
                0x000000000001e060                memcmp
 *fill*         0x000000000001e0c5        0xb 
 .text          0x000000000001e0d0       0xb9 /home/scott/Documents/Programs/netbsd-on-linux/system-src/user/libc/build/libc_pic.a(memmove.os)
                0x000000000001e0d0                memmove
                0x000000000001e0d0                __GI_memmove
                0x000000000001e0d0                __libc_memmove
 *fill*         0x000000000001e189        0x7 
 .text          0x000000000001e190       0x8f /home/scott/Documents/Programs/netbsd-on-linux/system-src/user/libc/build/libc_pic.a(memset.os)
                0x000000000001e190                __GI_memset
                0x000000000001e190                memset
 *fill*         0x000000000001e21f        0x1 
 .text          0x000000000001e220       0xb9 /home/scott/Documents/Programs/netbsd-on-linux/system-src/user/libc/build/libc_pic.a(mempcpy.os)
                0x000000000001e220                mempcpy
                0x000000000001e220                __GI_mempcpy
                0x000000000001e220                __mempcpy
                0x000000000001e220                __GI___mempcpy
 *fill*         0x000000000001e2d9        0x7 
 .text          0x000000000001e2e0       0x55 /home/scott/Documents/Programs/netbsd-on-linux/system-src/user/libc/build/libc_pic.a(stpcpy.os)
                0x000000000001e2e0                stpcpy
                0x000000000001e2e0                __GI_stpcpy
                0x000000000001e2e0                __stpcpy
                0x000000000001e2e0                __GI___stpcpy
 *fill*         0x000000000001e335        0xb 
 .text          0x000000000001e340       0xb9 /home/scott/Documents/Programs/netbsd-on-linux/system-src/user/libc/build/libc_pic.a(memcpy.os)
                0x000000000001e340                __GI_memcpy
                0x000000000001e340                __new_memcpy
                0x000000000001e340                memcpy@@GLIBC_2.14
 *fill*         0x000000000001e3f9        0x7 
 .text          0x000000000001e400       0x31 /home/scott/Documents/Programs/netbsd-on-linux/system-src/user/libc/build/libc_pic.a(rawmemchr.os)
                0x000000000001e400                __GI___rawmemchr
                0x000000000001e400                __rawmemchr
                0x000000000001e400                rawmemchr
 *fill*         0x000000000001e431        0xf 
 .text          0x000000000001e440     0x1439 /home/scott/Documents/Programs/netbsd-on-linux/system-src/user/libc/build/libc_pic.a(strcmp-sse2.os)
                0x000000000001e440                __strcmp_sse2
 *fill*         0x000000000001f879        0x7 
 .text          0x000000000001f880      0x2a3 /home/scott/Documents/Programs/netbsd-on-linux/system-src/user/libc/build/libc_pic.a(strcmp-sse2-unaligned.os)
                0x000000000001f880                __strcmp_sse2_unaligned
 .text          0x000000000001fb23        0x0 /home/scott/Documents/Programs/netbsd-on-linux/system-src/user/libc/build/libc_pic.a(strcmp-ssse3.os)
 .text          0x000000000001fb23        0x0 /home/scott/Documents/Programs/netbsd-on-linux/system-src/user/libc/build/libc_pic.a(strcmp-avx2.os)
 *fill*         0x000000000001fb23        0xd 
 .text          0x000000000001fb30     0x1849 /home/scott/Documents/Programs/netbsd-on-linux/system-src/user/libc/build/libc_pic.a(strncmp-sse2.os)
                0x000000000001fb30                __strncmp_sse2
 .text          0x0000000000021379        0x0 /home/scott/Documents/Programs/netbsd-on-linux/system-src/user/libc/build/libc_pic.a(strncmp-ssse3.os)
 .text          0x0000000000021379        0x0 /home/scott/Documents/Programs/netbsd-on-linux/system-src/user/libc/build/libc_pic.a(strncmp-sse4_2.os)
 .text          0x0000000000021379        0x0 /home/scott/Documents/Programs/netbsd-on-linux/system-src/user/libc/build/libc_pic.a(strncmp-avx2.os)
 *fill*         0x0000000000021379        0x7 
 .text          0x0000000000021380      0x323 /home/scott/Documents/Programs/netbsd-on-linux/system-src/user/libc/build/libc_pic.a(memchr-sse2.os)
                0x0000000000021380                __memchr_sse2
 *fill*         0x00000000000216a3        0xd 
 .text          0x00000000000216b0      0x1f9 /home/scott/Documents/Programs/netbsd-on-linux/system-src/user/libc/build/libc_pic.a(rawmemchr-sse2.os)
                0x00000000000216b0                __rawmemchr_sse2
 .text          0x00000000000218a9        0x0 /home/scott/Documents/Programs/netbsd-on-linux/system-src/user/libc/build/libc_pic.a(memchr-avx2.os)
 .text          0x00000000000218a9        0x0 /home/scott/Documents/Programs/netbsd-on-linux/system-src/user/libc/build/libc_pic.a(rawmemchr-avx2.os)
 *fill*         0x00000000000218a9        0x7 
 .text          0x00000000000218b0      0x400 /home/scott/Documents/Programs/netbsd-on-linux/system-src/user/libc/build/libc_pic.a(memcmp-sse2.os)
                0x00000000000218b0                __memcmp_sse2
 .text          0x0000000000021cb0        0x0 /home/scott/Documents/Programs/netbsd-on-linux/system-src/user/libc/build/libc_pic.a(memcmp-avx2-movbe.os)
 .text          0x0000000000021cb0        0x0 /home/scott/Documents/Programs/netbsd-on-linux/system-src/user/libc/build/libc_pic.a(memcmp-sse4.os)
 .text          0x0000000000021cb0        0x0 /home/scott/Documents/Programs/netbsd-on-linux/system-src/user/libc/build/libc_pic.a(memcpy-ssse3.os)
 .text          0x0000000000021cb0        0x0 /home/scott/Documents/Programs/netbsd-on-linux/system-src/user/libc/build/libc_pic.a(memmove-ssse3.os)
 .text          0x0000000000021cb0        0x0 /home/scott/Documents/Programs/netbsd-on-linux/system-src/user/libc/build/libc_pic.a(memcpy-ssse3-back.os)
 .text          0x0000000000021cb0        0x0 /home/scott/Documents/Programs/netbsd-on-linux/system-src/user/libc/build/libc_pic.a(memmove-ssse3-back.os)
 .text          0x0000000000021cb0        0x0 /home/scott/Documents/Programs/netbsd-on-linux/system-src/user/libc/build/libc_pic.a(memmove-avx512-no-vzeroupper.os)
 .text          0x0000000000021cb0      0x21a /home/scott/Documents/Programs/netbsd-on-linux/system-src/user/libc/build/libc_pic.a(strchr-sse2.os)
                0x0000000000021cb0                __strchr_sse2
 .text          0x0000000000021eca        0x0 /home/scott/Documents/Programs/netbsd-on-linux/system-src/user/libc/build/libc_pic.a(strchr-avx2.os)
 *fill*         0x0000000000021eca        0x6 
 .text          0x0000000000021ed0      0x19c /home/scott/Documents/Programs/netbsd-on-linux/system-src/user/libc/build/libc_pic.a(strlen-sse2.os)
                0x0000000000021ed0                __strlen_sse2
                0x0000000000021ed0                __GI___strlen_sse2
 *fill*         0x000000000002206c        0x4 
 .text          0x0000000000022070      0x218 /home/scott/Documents/Programs/netbsd-on-linux/system-src/user/libc/build/libc_pic.a(strnlen-sse2.os)
                0x0000000000022070                __strnlen_sse2
 .text          0x0000000000022288        0x0 /home/scott/Documents/Programs/netbsd-on-linux/system-src/user/libc/build/libc_pic.a(strlen-avx2.os)
 .text          0x0000000000022288        0x0 /home/scott/Documents/Programs/netbsd-on-linux/system-src/user/libc/build/libc_pic.a(strnlen-avx2.os)
 *fill*         0x0000000000022288        0x8 
 .text          0x0000000000022290       0xdc /home/scott/Documents/Programs/netbsd-on-linux/system-src/user/libc/build/libc_pic.a(stpcpy-sse2.os)
                0x0000000000022290                __stpcpy_sse2
 .text          0x000000000002236c        0x0 /home/scott/Documents/Programs/netbsd-on-linux/system-src/user/libc/build/libc_pic.a(stpcpy-ssse3.os)
 *fill*         0x000000000002236c        0x4 
 .text          0x0000000000022370      0x6b0 /home/scott/Documents/Programs/netbsd-on-linux/system-src/user/libc/build/libc_pic.a(stpcpy-sse2-unaligned.os)
                0x0000000000022370                __stpcpy_sse2_unaligned
 .text          0x0000000000022a20        0x0 /home/scott/Documents/Programs/netbsd-on-linux/system-src/user/libc/build/libc_pic.a(stpcpy-avx2.os)
 .text          0x0000000000022a20        0x0 /home/scott/Documents/Programs/netbsd-on-linux/system-src/user/libc/build/libc_pic.a(strchr-sse2-no-bsf.os)
 .text          0x0000000000022a20        0x0 /home/scott/Documents/Programs/netbsd-on-linux/system-src/user/libc/build/libc_pic.a(memcmp-ssse3.os)
 .text          0x0000000000022a20       0x97 /home/scott/Documents/Programs/netbsd-on-linux/system-src/user/libc/build/libc_pic.a(strcspn-sse2.os)
                0x0000000000022a20                __strcspn_sse2
 .text          0x0000000000022ab7        0x0 /home/scott/Documents/Programs/netbsd-on-linux/system-src/user/libc/build/libc_pic.a(strcspn-c.os)
 .text          0x0000000000022ab7        0x0 /home/scott/Documents/Programs/netbsd-on-linux/system-src/user/libc/build/libc_pic.a(varshift.os)
 .text          0x0000000000022ab7        0x0 /home/scott/Documents/Programs/netbsd-on-linux/system-src/user/libc/build/libc_pic.a(memset-avx512-no-vzeroupper.os)
 *fill*         0x0000000000022ab7        0x9 
 .text          0x0000000000022ac0      0x3e9 /home/scott/Documents/Programs/netbsd-on-linux/system-src/user/libc/build/libc_pic.a(memmove-sse2-unaligned-erms.os)
                0x0000000000022ac0                __mempcpy_chk_sse2_unaligned
                0x0000000000022ad0                __mempcpy_sse2_unaligned
                0x0000000000022ae0                __memcpy_chk_sse2_unaligned
                0x0000000000022ae0                __memmove_chk_sse2_unaligned
                0x0000000000022af0                __memmove_sse2_unaligned
                0x0000000000022af0                __memcpy_sse2_unaligned
                0x0000000000022af0                memcpy@GLIBC_2.2.5
                0x0000000000022b20                __mempcpy_chk_erms
                0x0000000000022b30                __mempcpy_erms
                0x0000000000022b40                __memcpy_chk_erms
                0x0000000000022b40                __memmove_chk_erms
                0x0000000000022b50                __memmove_erms
                0x0000000000022b50                __memcpy_erms
                0x0000000000022b80                __mempcpy_chk_sse2_unaligned_erms
                0x0000000000022b90                __mempcpy_sse2_unaligned_erms
                0x0000000000022ba0                __memmove_chk_sse2_unaligned_erms
                0x0000000000022ba0                __memcpy_chk_sse2_unaligned_erms
                0x0000000000022bb0                __memmove_sse2_unaligned_erms
                0x0000000000022bb0                __memcpy_sse2_unaligned_erms
 .text          0x0000000000022ea9        0x0 /home/scott/Documents/Programs/netbsd-on-linux/system-src/user/libc/build/libc_pic.a(memmove-avx-unaligned-erms.os)
 .text          0x0000000000022ea9        0x0 /home/scott/Documents/Programs/netbsd-on-linux/system-src/user/libc/build/libc_pic.a(memmove-avx512-unaligned-erms.os)
 *fill*         0x0000000000022ea9        0x7 
 .text          0x0000000000022eb0      0x1b3 /home/scott/Documents/Programs/netbsd-on-linux/system-src/user/libc/build/libc_pic.a(memset-sse2-unaligned-erms.os)
                0x0000000000022eb0                __bzero
                0x0000000000022eb0                bzero
                0x0000000000022ec0                __wmemset_chk_sse2_unaligned
                0x0000000000022ed0                __wmemset_sse2_unaligned
                0x0000000000022ef0                __memset_chk_sse2_unaligned
                0x0000000000022f00                __memset_sse2_unaligned
                0x0000000000022f40                __memset_chk_erms
                0x0000000000022f50                __memset_erms
                0x0000000000022f70                __memset_chk_sse2_unaligned_erms
                0x0000000000022f80                __memset_sse2_unaligned_erms
 .text          0x0000000000023063        0x0 /home/scott/Documents/Programs/netbsd-on-linux/system-src/user/libc/build/libc_pic.a(memset-avx2-unaligned-erms.os)
 .text          0x0000000000023063        0x0 /home/scott/Documents/Programs/netbsd-on-linux/system-src/user/libc/build/libc_pic.a(memset-avx512-unaligned-erms.os)
 *fill*         0x0000000000023063        0xd 
 .text          0x0000000000023070      0x18f /home/scott/Documents/Programs/netbsd-on-linux/system-src/user/libc/build/libc_pic.a(cacheinfo.os)
                0x0000000000023070                __x86_cacheinfo
                0x0000000000023120                __cache_sysconf
 *fill*         0x00000000000231ff        0x1 
 .text          0x0000000000023200       0x29 /home/scott/Documents/Programs/netbsd-on-linux/system-src/user/libc/build/libc_pic.a(closedir.os)
                0x0000000000023200                __closedir
                0x0000000000023200                closedir
 *fill*         0x0000000000023229        0x7 
 .text          0x0000000000023230       0xa3 /home/scott/Documents/Programs/netbsd-on-linux/system-src/user/libc/build/libc_pic.a(rewinddir.os)
                0x0000000000023230                rewinddir
                0x0000000000023230                __rewinddir
                0x0000000000023230                __GI___rewinddir
 *fill*         0x00000000000232d3        0xd 
 .text          0x00000000000232e0      0x10c /home/scott/Documents/Programs/netbsd-on-linux/system-src/user/libc/build/libc_pic.a(readdir64.os)
                0x00000000000232e0                readdir
                0x00000000000232e0                __readdir64
                0x00000000000232e0                __readdir
                0x00000000000232e0                __GI___readdir64
                0x00000000000232e0                readdir64
 *fill*         0x00000000000233ec        0x4 
 .text          0x00000000000233f0       0x92 /home/scott/Documents/Programs/netbsd-on-linux/system-src/user/libc/build/libc_pic.a(fdopendir.os)
                0x00000000000233f0                fdopendir
                0x00000000000233f0                __fdopendir
 *fill*         0x0000000000023482        0xe 
 .text          0x0000000000023490       0x21 /home/scott/Documents/Programs/netbsd-on-linux/system-src/user/libc/build/libc_pic.a(uname.os)
                0x0000000000023490                uname
                0x0000000000023490                __GI_uname
                0x0000000000023490                __uname
                0x0000000000023490                __GI___uname
 *fill*         0x00000000000234b1        0xf 
 .text          0x00000000000234c0       0x48 /home/scott/Documents/Programs/netbsd-on-linux/system-src/user/libc/build/libc_pic.a(_exit.os)
                0x00000000000234c0                _Exit
                0x00000000000234c0                __GI__exit
                0x00000000000234c0                _exit
 *fill*         0x0000000000023508        0x8 
 .text          0x0000000000023510        0x8 /home/scott/Documents/Programs/netbsd-on-linux/system-src/user/libc/build/libc_pic.a(getpid.os)
                0x0000000000023510                __getpid
                0x0000000000023510                getpid
                0x0000000000023510                __GI_getpid
                0x0000000000023510                __GI___getpid
 .text          0x0000000000023518        0x0 /home/scott/Documents/Programs/netbsd-on-linux/system-src/user/libc/build/libc_pic.a(environ.os)
 *fill*         0x0000000000023518        0x8 
 .text          0x0000000000023520       0x12 /home/scott/Documents/Programs/netbsd-on-linux/system-src/user/libc/build/libc_pic.a(stat64.os)
                0x0000000000023520                stat64
                0x0000000000023520                __stat
                0x0000000000023520                __stat64
                0x0000000000023520                stat
                0x0000000000023520                __GI___stat64
 *fill*         0x0000000000023532        0xe 
 .text          0x0000000000023540       0x14 /home/scott/Documents/Programs/netbsd-on-linux/system-src/user/libc/build/libc_pic.a(fstat64.os)
                0x0000000000023540                __GI___fstat64
                0x0000000000023540                fstat64
                0x0000000000023540                fstat
                0x0000000000023540                __fstat64
                0x0000000000023540                __fstat
 *fill*         0x0000000000023554        0xc 
 .text          0x0000000000023560       0x15 /home/scott/Documents/Programs/netbsd-on-linux/system-src/user/libc/build/libc_pic.a(lstat64.os)
                0x0000000000023560                __lstat64
                0x0000000000023560                lstat
                0x0000000000023560                lstat64
                0x0000000000023560                __GI___lstat64
                0x0000000000023560                __lstat
 *fill*         0x0000000000023575        0xb 
 .text          0x0000000000023580       0x2a /home/scott/Documents/Programs/netbsd-on-linux/system-src/user/libc/build/libc_pic.a(fstatat64.os)
                0x0000000000023580                fstatat
                0x0000000000023580                __fstatat
                0x0000000000023580                fstatat64
                0x0000000000023580                __fstatat64
                0x0000000000023580                __GI___fstatat
                0x0000000000023580                __GI___fstatat64
 *fill*         0x00000000000235aa        0x6 
 .text          0x00000000000235b0       0xf3 /home/scott/Documents/Programs/netbsd-on-linux/system-src/user/libc/build/libc_pic.a(openat64.os)
                0x00000000000235b0                __openat64
                0x00000000000235b0                __GI___openat
                0x00000000000235b0                __GI___openat64
                0x00000000000235b0                __libc_openat64
                0x00000000000235b0                __openat
                0x00000000000235b0                openat
 *fill*         0x00000000000236a3        0xd 
 .text          0x00000000000236b0       0x24 /home/scott/Documents/Programs/netbsd-on-linux/system-src/user/libc/build/libc_pic.a(lseek64.os)
                0x00000000000236b0                __compat_llseek
                0x00000000000236b0                __GI___lseek
                0x00000000000236b0                __lseek64
                0x00000000000236b0                lseek
                0x00000000000236b0                __libc_lseek64
                0x00000000000236b0                llseek@GLIBC_2.2.5
                0x00000000000236b0                __lseek
                0x00000000000236b0                __libc_lseek
                0x00000000000236b0                lseek64
 *fill*         0x00000000000236d4        0xc 
 .text          0x00000000000236e0       0x22 /home/scott/Documents/Programs/netbsd-on-linux/system-src/user/libc/build/libc_pic.a(access.os)
                0x00000000000236e0                __GI___access
                0x00000000000236e0                access
                0x00000000000236e0                __access
 *fill*         0x0000000000023702        0xe 
 .text          0x0000000000023710       0x22 /home/scott/Documents/Programs/netbsd-on-linux/system-src/user/libc/build/libc_pic.a(close_nocancel.os)
                0x0000000000023710                __GI___close_nocancel
                0x0000000000023710                __close_nocancel
 *fill*         0x0000000000023732        0xe 
 .text          0x0000000000023740       0xd6 /home/scott/Documents/Programs/netbsd-on-linux/system-src/user/libc/build/libc_pic.a(fcntl_nocancel.os)
                0x0000000000023740                __fcntl64_nocancel
                0x0000000000023740                __GI___fcntl64_nocancel
                0x00000000000237c0                __fcntl64_nocancel_adjusted
 *fill*         0x0000000000023816        0xa 
 .text          0x0000000000023820       0x7a /home/scott/Documents/Programs/netbsd-on-linux/system-src/user/libc/build/libc_pic.a(open64_nocancel.os)
                0x0000000000023820                __GI___open_nocancel
                0x0000000000023820                __open_nocancel
                0x0000000000023820                __GI___open64_nocancel
                0x0000000000023820                __open64_nocancel
 *fill*         0x000000000002389a        0x6 
 .text          0x00000000000238a0       0x24 /home/scott/Documents/Programs/netbsd-on-linux/system-src/user/libc/build/libc_pic.a(read_nocancel.os)
                0x00000000000238a0                __read_nocancel
                0x00000000000238a0                __GI___read_nocancel
 *fill*         0x00000000000238c4        0xc 
 .text          0x00000000000238d0       0x2c /home/scott/Documents/Programs/netbsd-on-linux/system-src/user/libc/build/libc_pic.a(pread64_nocancel.os)
                0x00000000000238d0                __GI___pread64_nocancel
                0x00000000000238d0                __pread64_nocancel
 *fill*         0x00000000000238fc        0x4 
 .text          0x0000000000023900       0x24 /home/scott/Documents/Programs/netbsd-on-linux/system-src/user/libc/build/libc_pic.a(write_nocancel.os)
                0x0000000000023900                __GI___write_nocancel
                0x0000000000023900                __write_nocancel
 *fill*         0x0000000000023924        0xc 
 .text          0x0000000000023930       0xa5 /home/scott/Documents/Programs/netbsd-on-linux/system-src/user/libc/build/libc_pic.a(mmap64.os)
                0x0000000000023930                __GI___mmap
                0x0000000000023930                __mmap
                0x0000000000023930                mmap
                0x0000000000023930                __GI___mmap64
                0x0000000000023930                __mmap64
                0x0000000000023930                mmap64
 *fill*         0x00000000000239d5        0xb 
 .text          0x00000000000239e0       0x21 /home/scott/Documents/Programs/netbsd-on-linux/system-src/user/libc/build/libc_pic.a(munmap.os)
                0x00000000000239e0                munmap
                0x00000000000239e0                __GI___munmap
                0x00000000000239e0                __GI_munmap
                0x00000000000239e0                __munmap
 *fill*         0x0000000000023a01        0xf 
 .text          0x0000000000023a10       0x21 /home/scott/Documents/Programs/netbsd-on-linux/system-src/user/libc/build/libc_pic.a(mprotect.os)
                0x0000000000023a10                __mprotect
                0x0000000000023a10                __GI___mprotect
                0x0000000000023a10                __GI_mprotect
                0x0000000000023a10                mprotect
 *fill*         0x0000000000023a31        0xf 
 .text          0x0000000000023a40      0x1bf /home/scott/Documents/Programs/netbsd-on-linux/system-src/user/libc/build/libc_pic.a(profil.os)
                0x0000000000023a90                __profil
                0x0000000000023a90                profil
 *fill*         0x0000000000023bff        0x1 
 .text          0x0000000000023c00        0xb /home/scott/Documents/Programs/netbsd-on-linux/system-src/user/libc/build/libc_pic.a(prof-freq.os)
                0x0000000000023c00                __GI___profile_frequency
                0x0000000000023c00                __profile_frequency
 *fill*         0x0000000000023c0b        0x5 
 .text          0x0000000000023c10       0x7b /home/scott/Documents/Programs/netbsd-on-linux/system-src/user/libc/build/libc_pic.a(dl-addr-obj.os)
                0x0000000000023c10                _dl_addr_inside_object
 *fill*         0x0000000000023c8b        0x5 
 .text          0x0000000000023c90      0x1ec /home/scott/Documents/Programs/netbsd-on-linux/system-src/user/libc/build/libc_pic.a(sigaction.os)
                0x0000000000023cb0                __libc_sigaction
                0x0000000000023cb0                __GI___libc_sigaction
                0x0000000000023e50                sigaction
                0x0000000000023e50                __GI___sigaction
                0x0000000000023e50                __sigaction
 *fill*         0x0000000000023e7c        0x4 
 .text          0x0000000000023e80      0x125 /home/scott/Documents/Programs/netbsd-on-linux/system-src/user/libc/build/libc_pic.a(libc-cancellation.os)
                0x0000000000023e80                __libc_enable_asynccancel
                0x0000000000023f00                __libc_disable_asynccancel
 *fill*         0x0000000000023fa5        0xb 
 .text          0x0000000000023fb0       0x22 /home/scott/Documents/Programs/netbsd-on-linux/system-src/user/libc/build/libc_pic.a(setitimer.os)
                0x0000000000023fb0                setitimer
                0x0000000000023fb0                __setitimer
 *fill*         0x0000000000023fd2        0xe 
 .text          0x0000000000023fe0       0x34 /home/scott/Documents/Programs/netbsd-on-linux/system-src/user/libc/build/libc_pic.a(getdents64.os)
                0x0000000000023fe0                __getdents
                0x0000000000023fe0                __GI___getdents64
                0x0000000000023fe0                getdents64
                0x0000000000023fe0                __getdents64
 *fill*         0x0000000000024014        0xc 
 .text          0x0000000000024020      0x203 /home/scott/Documents/Programs/netbsd-on-linux/system-src/user/libc/build/libc_pic.a(forward.os)
                0x0000000000024020                pthread_cond_broadcast@@GLIBC_2.3.2
                0x0000000000024020                __pthread_cond_broadcast
                0x0000000000024050                pthread_cond_signal@@GLIBC_2.3.2
                0x0000000000024050                __pthread_cond_signal
                0x0000000000024080                pthread_cond_wait@@GLIBC_2.3.2
                0x0000000000024080                __pthread_cond_wait
                0x00000000000240b0                pthread_cond_timedwait@@GLIBC_2.3.2
                0x00000000000240b0                __pthread_cond_timedwait
                0x00000000000240e0                pthread_exit
                0x00000000000240e0                __pthread_exit
                0x0000000000024110                pthread_mutex_destroy
                0x0000000000024140                pthread_mutex_init
                0x0000000000024170                pthread_mutex_lock
                0x00000000000241a0                pthread_mutex_unlock
                0x00000000000241d0                __pthread_setcancelstate
                0x00000000000241d0                pthread_setcancelstate
                0x0000000000024200                pthread_setcanceltype
 *fill*         0x0000000000024223        0xd 
 .text          0x0000000000024230      0x29a /home/scott/Documents/Programs/netbsd-on-linux/system-src/user/libc/build/libc_pic.a(exit.os)
                0x0000000000024230                __run_exit_handlers
                0x00000000000244b0                __GI_exit
                0x00000000000244b0                exit
 *fill*         0x00000000000244ca        0x6 
 .text          0x00000000000244d0      0x25c /home/scott/Documents/Programs/netbsd-on-linux/system-src/user/libc/build/libc_pic.a(cxa_atexit.os)
                0x00000000000244d0                __new_exitfn
                0x00000000000245f0                __internal_atexit
                0x0000000000024720                __cxa_atexit
                0x0000000000024720                __GI___cxa_atexit
 *fill*         0x000000000002472c        0x4 
 .text          0x0000000000024730      0x134 /home/scott/Documents/Programs/netbsd-on-linux/system-src/user/libc/build/libc_pic.a(cxa_thread_atexit_impl.os)
                0x0000000000024730                __cxa_thread_atexit_impl
                0x0000000000024800                __GI___call_tls_dtors
                0x0000000000024800                __call_tls_dtors
 *(.gnu.warning)

.text.ssse3     0x0000000000000000     0xed43
 .text.ssse3    0x0000000000000000     0x1259 /home/scott/Documents/Programs/netbsd-on-linux/system-src/user/libc/build/libc_pic.a(strcmp-ssse3.os)
                0x0000000000000000                __GI___strcmp_ssse3
                0x0000000000000000                __strcmp_ssse3
 *fill*         0x0000000000001259        0x7 
 .text.ssse3    0x0000000000001260     0x1759 /home/scott/Documents/Programs/netbsd-on-linux/system-src/user/libc/build/libc_pic.a(strncmp-ssse3.os)
                0x0000000000001260                __strncmp_ssse3
 *fill*         0x00000000000029b9        0x7 
 .text.ssse3    0x00000000000029c0     0x29e6 /home/scott/Documents/Programs/netbsd-on-linux/system-src/user/libc/build/libc_pic.a(memcpy-ssse3.os)
                0x00000000000029c0                __mempcpy_chk_ssse3
                0x00000000000029d0                __mempcpy_ssse3
                0x00000000000029e0                __memcpy_chk_ssse3
                0x00000000000029f0                __memcpy_ssse3
 *fill*         0x00000000000053a6        0xa 
 .text.ssse3    0x00000000000053b0     0x2b77 /home/scott/Documents/Programs/netbsd-on-linux/system-src/user/libc/build/libc_pic.a(memmove-ssse3.os)
                0x00000000000053b0                __memmove_chk_ssse3
                0x00000000000053c0                __memmove_ssse3
 *fill*         0x0000000000007f27        0x9 
 .text.ssse3    0x0000000000007f30     0x2ae6 /home/scott/Documents/Programs/netbsd-on-linux/system-src/user/libc/build/libc_pic.a(memcpy-ssse3-back.os)
                0x0000000000007f30                __mempcpy_chk_ssse3_back
                0x0000000000007f40                __mempcpy_ssse3_back
                0x0000000000007f50                __memcpy_chk_ssse3_back
                0x0000000000007f60                __memcpy_ssse3_back
 *fill*         0x000000000000aa16        0xa 
 .text.ssse3    0x000000000000aa20     0x2b16 /home/scott/Documents/Programs/netbsd-on-linux/system-src/user/libc/build/libc_pic.a(memmove-ssse3-back.os)
                0x000000000000aa20                __memmove_chk_ssse3_back
                0x000000000000aa30                __memmove_ssse3_back
 *fill*         0x000000000000d536        0xa 
 .text.ssse3    0x000000000000d540     0x1803 /home/scott/Documents/Programs/netbsd-on-linux/system-src/user/libc/build/libc_pic.a(stpcpy-ssse3.os)
                0x000000000000d540                __stpcpy_ssse3

.text.avx       0x0000000000000000     0x220b
 .text.avx      0x0000000000000000      0x43f /home/scott/Documents/Programs/netbsd-on-linux/system-src/user/libc/build/libc_pic.a(strcmp-avx2.os)
                0x0000000000000000                __strcmp_avx2
 *fill*         0x000000000000043f        0x1 
 .text.avx      0x0000000000000440      0x518 /home/scott/Documents/Programs/netbsd-on-linux/system-src/user/libc/build/libc_pic.a(strncmp-avx2.os)
                0x0000000000000440                __strncmp_avx2
 *fill*         0x0000000000000958        0x8 
 .text.avx      0x0000000000000960      0x2cd /home/scott/Documents/Programs/netbsd-on-linux/system-src/user/libc/build/libc_pic.a(memchr-avx2.os)
                0x0000000000000960                __memchr_avx2
 *fill*         0x0000000000000c2d        0x3 
 .text.avx      0x0000000000000c30      0x13d /home/scott/Documents/Programs/netbsd-on-linux/system-src/user/libc/build/libc_pic.a(rawmemchr-avx2.os)
                0x0000000000000c30                __rawmemchr_avx2
 *fill*         0x0000000000000d6d        0x3 
 .text.avx      0x0000000000000d70      0x3d4 /home/scott/Documents/Programs/netbsd-on-linux/system-src/user/libc/build/libc_pic.a(memcmp-avx2-movbe.os)
                0x0000000000000d70                __memcmp_avx2_movbe
 *fill*         0x0000000000001144        0xc 
 .text.avx      0x0000000000001150      0x224 /home/scott/Documents/Programs/netbsd-on-linux/system-src/user/libc/build/libc_pic.a(strchr-avx2.os)
                0x0000000000001150                __strchr_avx2
 *fill*         0x0000000000001374        0xc 
 .text.avx      0x0000000000001380      0x18e /home/scott/Documents/Programs/netbsd-on-linux/system-src/user/libc/build/libc_pic.a(strlen-avx2.os)
                0x0000000000001380                __strlen_avx2
 *fill*         0x000000000000150e        0x2 
 .text.avx      0x0000000000001510      0x31e /home/scott/Documents/Programs/netbsd-on-linux/system-src/user/libc/build/libc_pic.a(strnlen-avx2.os)
                0x0000000000001510                __strnlen_avx2
 *fill*         0x000000000000182e        0x2 
 .text.avx      0x0000000000001830      0x3ac /home/scott/Documents/Programs/netbsd-on-linux/system-src/user/libc/build/libc_pic.a(stpcpy-avx2.os)
                0x0000000000001830                __stpcpy_avx2
 *fill*         0x0000000000001bdc        0x4 
 .text.avx      0x0000000000001be0      0x477 /home/scott/Documents/Programs/netbsd-on-linux/system-src/user/libc/build/libc_pic.a(memmove-avx-unaligned-erms.os)
                0x0000000000001be0                __mempcpy_chk_avx_unaligned
                0x0000000000001bf0                __mempcpy_avx_unaligned
                0x0000000000001c00                __memcpy_chk_avx_unaligned
                0x0000000000001c00                __memmove_chk_avx_unaligned
                0x0000000000001c10                __memcpy_avx_unaligned
                0x0000000000001c10                __memmove_avx_unaligned
                0x0000000000001c40                __mempcpy_chk_avx_unaligned_erms
                0x0000000000001c50                __mempcpy_avx_unaligned_erms
                0x0000000000001c60                __memmove_chk_avx_unaligned_erms
                0x0000000000001c60                __memcpy_chk_avx_unaligned_erms
                0x0000000000001c70                __memcpy_avx_unaligned_erms
                0x0000000000001c70                __memmove_avx_unaligned_erms
 *fill*         0x0000000000002057        0x9 
 .text.avx      0x0000000000002060      0x1ab /home/scott/Documents/Programs/netbsd-on-linux/system-src/user/libc/build/libc_pic.a(memset-avx2-unaligned-erms.os)
                0x0000000000002060                __wmemset_chk_avx2_unaligned
                0x0000000000002070                __wmemset_avx2_unaligned
                0x0000000000002090                __memset_chk_avx2_unaligned
                0x00000000000020a0                __memset_avx2_unaligned
                0x00000000000020d0                __memset_avx2_erms
                0x00000000000020f0                __memset_chk_avx2_unaligned_erms
                0x0000000000002100                __memset_avx2_unaligned_erms

.text.sse4.2    0x0000000000000000     0x110f
 .text.sse4.2   0x0000000000000000      0xfd9 /home/scott/Documents/Programs/netbsd-on-linux/system-src/user/libc/build/libc_pic.a(strncmp-sse4_2.os)
                0x0000000000000000                __strncmp_sse42
 *fill*         0x0000000000000fd9        0x7 
 .text.sse4.2   0x0000000000000fe0      0x12f /home/scott/Documents/Programs/netbsd-on-linux/system-src/user/libc/build/libc_pic.a(strcspn-c.os)
                0x0000000000000fe0                __strcspn_sse42

.text.sse4.1    0x0000000000000000     0x163e
 .text.sse4.1   0x0000000000000000     0x163e /home/scott/Documents/Programs/netbsd-on-linux/system-src/user/libc/build/libc_pic.a(memcmp-sse4.os)
                0x0000000000000000                __memcmp_sse4_1

.text.avx512    0x0000000000000000     0x1191
 .text.avx512   0x0000000000000000      0x76b /home/scott/Documents/Programs/netbsd-on-linux/system-src/user/libc/build/libc_pic.a(memmove-avx512-no-vzeroupper.os)
                0x0000000000000000                __mempcpy_chk_avx512_no_vzeroupper
                0x0000000000000010                __mempcpy_avx512_no_vzeroupper
                0x0000000000000020                __memcpy_chk_avx512_no_vzeroupper
                0x0000000000000020                __memmove_chk_avx512_no_vzeroupper
                0x0000000000000030                __memcpy_avx512_no_vzeroupper
                0x0000000000000030                __memmove_avx512_no_vzeroupper
 *fill*         0x000000000000076b        0x5 
 .text.avx512   0x0000000000000770      0x280 /home/scott/Documents/Programs/netbsd-on-linux/system-src/user/libc/build/libc_pic.a(memset-avx512-no-vzeroupper.os)
                0x0000000000000770                __memset_chk_avx512_no_vzeroupper
                0x0000000000000780                __memset_avx512_no_vzeroupper
 .text.avx512   0x00000000000009f0      0x593 /home/scott/Documents/Programs/netbsd-on-linux/system-src/user/libc/build/libc_pic.a(memmove-avx512-unaligned-erms.os)
                0x00000000000009f0                __mempcpy_chk_avx512_unaligned
                0x0000000000000a00                __mempcpy_avx512_unaligned
                0x0000000000000a10                __memcpy_chk_avx512_unaligned
                0x0000000000000a10                __memmove_chk_avx512_unaligned
                0x0000000000000a20                __memmove_avx512_unaligned
                0x0000000000000a20                __memcpy_avx512_unaligned
                0x0000000000000a60                __mempcpy_chk_avx512_unaligned_erms
                0x0000000000000a70                __mempcpy_avx512_unaligned_erms
                0x0000000000000a80                __memcpy_chk_avx512_unaligned_erms
                0x0000000000000a80                __memmove_chk_avx512_unaligned_erms
                0x0000000000000a90                __memmove_avx512_unaligned_erms
                0x0000000000000a90                __memcpy_avx512_unaligned_erms
 *fill*         0x0000000000000f83        0xd 
 .text.avx512   0x0000000000000f90      0x201 /home/scott/Documents/Programs/netbsd-on-linux/system-src/user/libc/build/libc_pic.a(memset-avx512-unaligned-erms.os)
                0x0000000000000f90                __wmemset_chk_avx512_unaligned
                0x0000000000000fa0                __wmemset_avx512_unaligned
                0x0000000000000fc0                __memset_chk_avx512_unaligned
                0x0000000000000fd0                __memset_avx512_unaligned
                0x0000000000001010                __memset_avx512_erms
                0x0000000000001030                __memset_chk_avx512_unaligned_erms
                0x0000000000001040                __memset_avx512_unaligned_erms

.text.atom      0x0000000000000000     0x1a83
 .text.atom     0x0000000000000000      0x315 /home/scott/Documents/Programs/netbsd-on-linux/system-src/user/libc/build/libc_pic.a(strchr-sse2-no-bsf.os)
                0x0000000000000000                __strchr_sse2_no_bsf
 *fill*         0x0000000000000315        0xb 
 .text.atom     0x0000000000000320     0x1763 /home/scott/Documents/Programs/netbsd-on-linux/system-src/user/libc/build/libc_pic.a(memcmp-ssse3.os)
                0x0000000000000320                __memcmp_ssse3

.text.compat    0x0000000000000000       0xff
 .text.compat   0x0000000000000000       0xff /home/scott/Documents/Programs/netbsd-on-linux/system-src/user/libc/build/libc_pic.a(forward.os)
                0x0000000000000000                pthread_cond_broadcast@GLIBC_2.2.5
                0x0000000000000000                __pthread_cond_broadcast_2_0
                0x0000000000000030                __pthread_cond_signal_2_0
                0x0000000000000030                pthread_cond_signal@GLIBC_2.2.5
                0x0000000000000060                pthread_cond_wait@GLIBC_2.2.5
                0x0000000000000060                __pthread_cond_wait_2_0
                0x0000000000000090                pthread_cond_timedwait@GLIBC_2.2.5
                0x0000000000000090                __pthread_cond_timedwait_2_0
                0x00000000000000c0                __pthread_unwind

.fini
 *(SORT_NONE(.fini))

.rodata         0x0000000000000000     0x1504
 *(.rodata)
 .rodata        0x0000000000000000     0x1324 /home/scott/Documents/Programs/netbsd-on-linux/system-src/user/libc/build/elf/dl-allobjs.os
 *fill*         0x0000000000001324        0x4 
 .rodata        0x0000000000001328       0x40 /home/scott/Documents/Programs/netbsd-on-linux/system-src/user/libc/build/libc_pic.a(strcmp-sse2.os)
 .rodata        0x0000000000001368       0x40 /home/scott/Documents/Programs/netbsd-on-linux/system-src/user/libc/build/libc_pic.a(strcmp-ssse3.os)
 .rodata        0x00000000000013a8       0x40 /home/scott/Documents/Programs/netbsd-on-linux/system-src/user/libc/build/libc_pic.a(strncmp-sse2.os)
 .rodata        0x00000000000013e8       0x40 /home/scott/Documents/Programs/netbsd-on-linux/system-src/user/libc/build/libc_pic.a(strncmp-ssse3.os)
 .rodata        0x0000000000001428       0x80 /home/scott/Documents/Programs/netbsd-on-linux/system-src/user/libc/build/libc_pic.a(stpcpy-sse2-unaligned.os)
 *fill*         0x00000000000014a8        0x8 
 .rodata        0x00000000000014b0       0x1f /home/scott/Documents/Programs/netbsd-on-linux/system-src/user/libc/build/libc_pic.a(varshift.os)
                0x00000000000014b0                ___m128i_shift_right
 *fill*         0x00000000000014cf        0x1 
 .rodata        0x00000000000014d0       0x34 /home/scott/Documents/Programs/netbsd-on-linux/system-src/user/libc/build/libc_pic.a(cacheinfo.os)

.rodata.str1.1  0x0000000000000000     0x1326
 .rodata.str1.1
                0x0000000000000000     0x12ed /home/scott/Documents/Programs/netbsd-on-linux/system-src/user/libc/build/elf/dl-allobjs.os
 .rodata.str1.1
                0x00000000000012ed       0x14 /home/scott/Documents/Programs/netbsd-on-linux/system-src/user/libc/build/libc_pic.a(check_fds.os)
 .rodata.str1.1
                0x0000000000001301        0x1 /home/scott/Documents/Programs/netbsd-on-linux/system-src/user/libc/build/libc_pic.a(fstat64.os)
 .rodata.str1.1
                0x0000000000001302       0x24 /home/scott/Documents/Programs/netbsd-on-linux/system-src/user/libc/build/libc_pic.a(cxa_atexit.os)

.rodata.str1.8  0x0000000000000000     0x2d65
 .rodata.str1.8
                0x0000000000000000     0x2ce1 /home/scott/Documents/Programs/netbsd-on-linux/system-src/user/libc/build/elf/dl-allobjs.os
 *fill*         0x0000000000002ce1        0x7 
 .rodata.str1.8
                0x0000000000002ce8       0x37 /home/scott/Documents/Programs/netbsd-on-linux/system-src/user/libc/build/libc_pic.a(libc-lowlevellock.os)
 *fill*         0x0000000000002d1f        0x1 
 .rodata.str1.8
                0x0000000000002d20       0x37 /home/scott/Documents/Programs/netbsd-on-linux/system-src/user/libc/build/libc_pic.a(libc-cancellation.os)
 *fill*         0x0000000000002d57        0x1 
 .rodata.str1.8
                0x0000000000002d58        0xd /home/scott/Documents/Programs/netbsd-on-linux/system-src/user/libc/build/libc_pic.a(cxa_atexit.os)

.rodata.str1.16
                0x0000000000000000      0x4a2
 .rodata.str1.16
                0x0000000000000000      0x48e /home/scott/Documents/Programs/netbsd-on-linux/system-src/user/libc/build/elf/dl-allobjs.os
                0x00000000000003f0                __GI__itoa_lower_digits
                0x00000000000003f0                _itoa_lower_digits
                0x0000000000000470                _dl_hwcaps_subdirs
 *fill*         0x000000000000048e        0x2 
 .rodata.str1.16
                0x0000000000000490       0x12 /home/scott/Documents/Programs/netbsd-on-linux/system-src/user/libc/build/libc_pic.a(cxa_atexit.os)

.rodata.cst16   0x0000000000000000       0x10
 .rodata.cst16  0x0000000000000000       0x10 /home/scott/Documents/Programs/netbsd-on-linux/system-src/user/libc/build/elf/dl-allobjs.os

.rodata.cst4    0x0000000000000000        0x4
 .rodata.cst4   0x0000000000000000        0x4 /home/scott/Documents/Programs/netbsd-on-linux/system-src/user/libc/build/elf/dl-allobjs.os

.rodata.str1.32
                0x0000000000000000       0x3b
 .rodata.str1.32
                0x0000000000000000       0x3b /home/scott/Documents/Programs/netbsd-on-linux/system-src/user/libc/build/elf/dl-allobjs.os

.rodata.sse4.2  0x0000000000000000       0x40
 .rodata.sse4.2
                0x0000000000000000       0x40 /home/scott/Documents/Programs/netbsd-on-linux/system-src/user/libc/build/libc_pic.a(strncmp-sse4_2.os)

.rodata.sse4.1  0x0000000000000000      0x140
 .rodata.sse4.1
                0x0000000000000000      0x140 /home/scott/Documents/Programs/netbsd-on-linux/system-src/user/libc/build/libc_pic.a(memcmp-sse4.os)

.rodata.ssse3   0x0000000000000000      0xd80
 .rodata.ssse3  0x0000000000000000      0x1c0 /home/scott/Documents/Programs/netbsd-on-linux/system-src/user/libc/build/libc_pic.a(memcpy-ssse3.os)
 .rodata.ssse3  0x00000000000001c0      0x1c0 /home/scott/Documents/Programs/netbsd-on-linux/system-src/user/libc/build/libc_pic.a(memmove-ssse3.os)
 .rodata.ssse3  0x0000000000000380      0x500 /home/scott/Documents/Programs/netbsd-on-linux/system-src/user/libc/build/libc_pic.a(memcpy-ssse3-back.os)
 .rodata.ssse3  0x0000000000000880      0x500 /home/scott/Documents/Programs/netbsd-on-linux/system-src/user/libc/build/libc_pic.a(memmove-ssse3-back.os)

.rodata1
 *(.rodata1)

.eh_frame_hdr
 *(.eh_frame_hdr)

.eh_frame       0x0000000000000000     0x46b4
 *(.eh_frame)
 .eh_frame      0x0000000000000000     0x2bc8 /home/scott/Documents/Programs/netbsd-on-linux/system-src/user/libc/build/elf/dl-allobjs.os
                                       0x2c10 (size before relaxing)
 .eh_frame      0x0000000000002bc8       0x68 /home/scott/Documents/Programs/netbsd-on-linux/system-src/user/libc/build/libc_pic.a(check_fds.os)
 .eh_frame      0x0000000000002c30       0x30 /home/scott/Documents/Programs/netbsd-on-linux/system-src/user/libc/build/libc_pic.a(setjmp.os)
 .eh_frame      0x0000000000002c60       0x48 /home/scott/Documents/Programs/netbsd-on-linux/system-src/user/libc/build/libc_pic.a(__longjmp.os)
 .eh_frame      0x0000000000002ca8       0x30 /home/scott/Documents/Programs/netbsd-on-linux/system-src/user/libc/build/libc_pic.a(libc-lowlevellock.os)
 .eh_frame      0x0000000000002cd8       0x58 /home/scott/Documents/Programs/netbsd-on-linux/system-src/user/libc/build/libc_pic.a(scratch_buffer_set_array_size.os)
 .eh_frame      0x0000000000002d30       0x30 /home/scott/Documents/Programs/netbsd-on-linux/system-src/user/libc/build/libc_pic.a(strchr.os)
 .eh_frame      0x0000000000002d60       0x30 /home/scott/Documents/Programs/netbsd-on-linux/system-src/user/libc/build/libc_pic.a(strcmp.os)
 .eh_frame      0x0000000000002d90       0x30 /home/scott/Documents/Programs/netbsd-on-linux/system-src/user/libc/build/libc_pic.a(strcspn.os)
 .eh_frame      0x0000000000002dc0       0x50 /home/scott/Documents/Programs/netbsd-on-linux/system-src/user/libc/build/libc_pic.a(strdup.os)
 .eh_frame      0x0000000000002e10       0x30 /home/scott/Documents/Programs/netbsd-on-linux/system-src/user/libc/build/libc_pic.a(strlen.os)
 .eh_frame      0x0000000000002e40       0x30 /home/scott/Documents/Programs/netbsd-on-linux/system-src/user/libc/build/libc_pic.a(strnlen.os)
 .eh_frame      0x0000000000002e70       0x30 /home/scott/Documents/Programs/netbsd-on-linux/system-src/user/libc/build/libc_pic.a(strncmp.os)
 .eh_frame      0x0000000000002ea0       0x30 /home/scott/Documents/Programs/netbsd-on-linux/system-src/user/libc/build/libc_pic.a(memchr.os)
 .eh_frame      0x0000000000002ed0       0x30 /home/scott/Documents/Programs/netbsd-on-linux/system-src/user/libc/build/libc_pic.a(memcmp.os)
 .eh_frame      0x0000000000002f00       0x30 /home/scott/Documents/Programs/netbsd-on-linux/system-src/user/libc/build/libc_pic.a(memmove.os)
 .eh_frame      0x0000000000002f30       0x30 /home/scott/Documents/Programs/netbsd-on-linux/system-src/user/libc/build/libc_pic.a(memset.os)
 .eh_frame      0x0000000000002f60       0x30 /home/scott/Documents/Programs/netbsd-on-linux/system-src/user/libc/build/libc_pic.a(mempcpy.os)
 .eh_frame      0x0000000000002f90       0x30 /home/scott/Documents/Programs/netbsd-on-linux/system-src/user/libc/build/libc_pic.a(stpcpy.os)
 .eh_frame      0x0000000000002fc0       0x30 /home/scott/Documents/Programs/netbsd-on-linux/system-src/user/libc/build/libc_pic.a(memcpy.os)
 .eh_frame      0x0000000000002ff0       0x30 /home/scott/Documents/Programs/netbsd-on-linux/system-src/user/libc/build/libc_pic.a(rawmemchr.os)
 .eh_frame      0x0000000000003020       0x30 /home/scott/Documents/Programs/netbsd-on-linux/system-src/user/libc/build/libc_pic.a(strcmp-sse2.os)
 .eh_frame      0x0000000000003050       0x30 /home/scott/Documents/Programs/netbsd-on-linux/system-src/user/libc/build/libc_pic.a(strcmp-sse2-unaligned.os)
 .eh_frame      0x0000000000003080       0x30 /home/scott/Documents/Programs/netbsd-on-linux/system-src/user/libc/build/libc_pic.a(strcmp-ssse3.os)
 .eh_frame      0x00000000000030b0       0x30 /home/scott/Documents/Programs/netbsd-on-linux/system-src/user/libc/build/libc_pic.a(strcmp-avx2.os)
 .eh_frame      0x00000000000030e0       0x30 /home/scott/Documents/Programs/netbsd-on-linux/system-src/user/libc/build/libc_pic.a(strncmp-sse2.os)
 .eh_frame      0x0000000000003110       0x30 /home/scott/Documents/Programs/netbsd-on-linux/system-src/user/libc/build/libc_pic.a(strncmp-ssse3.os)
 .eh_frame      0x0000000000003140       0x30 /home/scott/Documents/Programs/netbsd-on-linux/system-src/user/libc/build/libc_pic.a(strncmp-sse4_2.os)
 .eh_frame      0x0000000000003170       0x30 /home/scott/Documents/Programs/netbsd-on-linux/system-src/user/libc/build/libc_pic.a(strncmp-avx2.os)
 .eh_frame      0x00000000000031a0       0x30 /home/scott/Documents/Programs/netbsd-on-linux/system-src/user/libc/build/libc_pic.a(memchr-sse2.os)
 .eh_frame      0x00000000000031d0       0x30 /home/scott/Documents/Programs/netbsd-on-linux/system-src/user/libc/build/libc_pic.a(rawmemchr-sse2.os)
 .eh_frame      0x0000000000003200       0x30 /home/scott/Documents/Programs/netbsd-on-linux/system-src/user/libc/build/libc_pic.a(memchr-avx2.os)
 .eh_frame      0x0000000000003230       0x30 /home/scott/Documents/Programs/netbsd-on-linux/system-src/user/libc/build/libc_pic.a(rawmemchr-avx2.os)
 .eh_frame      0x0000000000003260       0x30 /home/scott/Documents/Programs/netbsd-on-linux/system-src/user/libc/build/libc_pic.a(memcmp-sse2.os)
 .eh_frame      0x0000000000003290       0x30 /home/scott/Documents/Programs/netbsd-on-linux/system-src/user/libc/build/libc_pic.a(memcmp-avx2-movbe.os)
 .eh_frame      0x00000000000032c0       0x30 /home/scott/Documents/Programs/netbsd-on-linux/system-src/user/libc/build/libc_pic.a(memcmp-sse4.os)
 .eh_frame      0x00000000000032f0       0x68 /home/scott/Documents/Programs/netbsd-on-linux/system-src/user/libc/build/libc_pic.a(memcpy-ssse3.os)
 .eh_frame      0x0000000000003358       0x40 /home/scott/Documents/Programs/netbsd-on-linux/system-src/user/libc/build/libc_pic.a(memmove-ssse3.os)
 .eh_frame      0x0000000000003398       0x68 /home/scott/Documents/Programs/netbsd-on-linux/system-src/user/libc/build/libc_pic.a(memcpy-ssse3-back.os)
 .eh_frame      0x0000000000003400       0x40 /home/scott/Documents/Programs/netbsd-on-linux/system-src/user/libc/build/libc_pic.a(memmove-ssse3-back.os)
 .eh_frame      0x0000000000003440       0x68 /home/scott/Documents/Programs/netbsd-on-linux/system-src/user/libc/build/libc_pic.a(memmove-avx512-no-vzeroupper.os)
 .eh_frame      0x00000000000034a8       0x30 /home/scott/Documents/Programs/netbsd-on-linux/system-src/user/libc/build/libc_pic.a(strchr-sse2.os)
 .eh_frame      0x00000000000034d8       0x30 /home/scott/Documents/Programs/netbsd-on-linux/system-src/user/libc/build/libc_pic.a(strchr-avx2.os)
 .eh_frame      0x0000000000003508       0x30 /home/scott/Documents/Programs/netbsd-on-linux/system-src/user/libc/build/libc_pic.a(strlen-sse2.os)
 .eh_frame      0x0000000000003538       0x30 /home/scott/Documents/Programs/netbsd-on-linux/system-src/user/libc/build/libc_pic.a(strnlen-sse2.os)
 .eh_frame      0x0000000000003568       0x30 /home/scott/Documents/Programs/netbsd-on-linux/system-src/user/libc/build/libc_pic.a(strlen-avx2.os)
 .eh_frame      0x0000000000003598       0x30 /home/scott/Documents/Programs/netbsd-on-linux/system-src/user/libc/build/libc_pic.a(strnlen-avx2.os)
 .eh_frame      0x00000000000035c8       0x30 /home/scott/Documents/Programs/netbsd-on-linux/system-src/user/libc/build/libc_pic.a(stpcpy-sse2.os)
 .eh_frame      0x00000000000035f8       0x30 /home/scott/Documents/Programs/netbsd-on-linux/system-src/user/libc/build/libc_pic.a(stpcpy-ssse3.os)
 .eh_frame      0x0000000000003628       0x30 /home/scott/Documents/Programs/netbsd-on-linux/system-src/user/libc/build/libc_pic.a(stpcpy-sse2-unaligned.os)
 .eh_frame      0x0000000000003658       0x30 /home/scott/Documents/Programs/netbsd-on-linux/system-src/user/libc/build/libc_pic.a(stpcpy-avx2.os)
 .eh_frame      0x0000000000003688       0x30 /home/scott/Documents/Programs/netbsd-on-linux/system-src/user/libc/build/libc_pic.a(strchr-sse2-no-bsf.os)
 .eh_frame      0x00000000000036b8       0x30 /home/scott/Documents/Programs/netbsd-on-linux/system-src/user/libc/build/libc_pic.a(memcmp-ssse3.os)
 .eh_frame      0x00000000000036e8       0x38 /home/scott/Documents/Programs/netbsd-on-linux/system-src/user/libc/build/libc_pic.a(strcspn-sse2.os)
 .eh_frame      0x0000000000003720       0x30 /home/scott/Documents/Programs/netbsd-on-linux/system-src/user/libc/build/libc_pic.a(strcspn-c.os)
 .eh_frame      0x0000000000003750       0x40 /home/scott/Documents/Programs/netbsd-on-linux/system-src/user/libc/build/libc_pic.a(memset-avx512-no-vzeroupper.os)
 .eh_frame      0x0000000000003790      0x108 /home/scott/Documents/Programs/netbsd-on-linux/system-src/user/libc/build/libc_pic.a(memmove-sse2-unaligned-erms.os)
 .eh_frame      0x0000000000003898       0xb8 /home/scott/Documents/Programs/netbsd-on-linux/system-src/user/libc/build/libc_pic.a(memmove-avx-unaligned-erms.os)
 .eh_frame      0x0000000000003950       0xb8 /home/scott/Documents/Programs/netbsd-on-linux/system-src/user/libc/build/libc_pic.a(memmove-avx512-unaligned-erms.os)
 .eh_frame      0x0000000000003a08       0xd0 /home/scott/Documents/Programs/netbsd-on-linux/system-src/user/libc/build/libc_pic.a(memset-sse2-unaligned-erms.os)
 .eh_frame      0x0000000000003ad8       0xa8 /home/scott/Documents/Programs/netbsd-on-linux/system-src/user/libc/build/libc_pic.a(memset-avx2-unaligned-erms.os)
 .eh_frame      0x0000000000003b80       0xa8 /home/scott/Documents/Programs/netbsd-on-linux/system-src/user/libc/build/libc_pic.a(memset-avx512-unaligned-erms.os)
 .eh_frame      0x0000000000003c28       0x40 /home/scott/Documents/Programs/netbsd-on-linux/system-src/user/libc/build/libc_pic.a(cacheinfo.os)
 .eh_frame      0x0000000000003c68       0x38 /home/scott/Documents/Programs/netbsd-on-linux/system-src/user/libc/build/libc_pic.a(closedir.os)
 .eh_frame      0x0000000000003ca0       0x48 /home/scott/Documents/Programs/netbsd-on-linux/system-src/user/libc/build/libc_pic.a(rewinddir.os)
 .eh_frame      0x0000000000003ce8       0x58 /home/scott/Documents/Programs/netbsd-on-linux/system-src/user/libc/build/libc_pic.a(readdir64.os)
 .eh_frame      0x0000000000003d40       0x50 /home/scott/Documents/Programs/netbsd-on-linux/system-src/user/libc/build/libc_pic.a(fdopendir.os)
 .eh_frame      0x0000000000003d90       0x30 /home/scott/Documents/Programs/netbsd-on-linux/system-src/user/libc/build/libc_pic.a(uname.os)
 .eh_frame      0x0000000000003dc0       0x30 /home/scott/Documents/Programs/netbsd-on-linux/system-src/user/libc/build/libc_pic.a(_exit.os)
 .eh_frame      0x0000000000003df0       0x30 /home/scott/Documents/Programs/netbsd-on-linux/system-src/user/libc/build/libc_pic.a(getpid.os)
 .eh_frame      0x0000000000003e20       0x30 /home/scott/Documents/Programs/netbsd-on-linux/system-src/user/libc/build/libc_pic.a(stat64.os)
 .eh_frame      0x0000000000003e50       0x30 /home/scott/Documents/Programs/netbsd-on-linux/system-src/user/libc/build/libc_pic.a(fstat64.os)
 .eh_frame      0x0000000000003e80       0x30 /home/scott/Documents/Programs/netbsd-on-linux/system-src/user/libc/build/libc_pic.a(lstat64.os)
 .eh_frame      0x0000000000003eb0       0x30 /home/scott/Documents/Programs/netbsd-on-linux/system-src/user/libc/build/libc_pic.a(fstatat64.os)
 .eh_frame      0x0000000000003ee0       0x40 /home/scott/Documents/Programs/netbsd-on-linux/system-src/user/libc/build/libc_pic.a(openat64.os)
 .eh_frame      0x0000000000003f20       0x30 /home/scott/Documents/Programs/netbsd-on-linux/system-src/user/libc/build/libc_pic.a(lseek64.os)
 .eh_frame      0x0000000000003f50       0x30 /home/scott/Documents/Programs/netbsd-on-linux/system-src/user/libc/build/libc_pic.a(access.os)
 .eh_frame      0x0000000000003f80       0x30 /home/scott/Documents/Programs/netbsd-on-linux/system-src/user/libc/build/libc_pic.a(close_nocancel.os)
 .eh_frame      0x0000000000003fb0       0x40 /home/scott/Documents/Programs/netbsd-on-linux/system-src/user/libc/build/libc_pic.a(fcntl_nocancel.os)
 .eh_frame      0x0000000000003ff0       0x30 /home/scott/Documents/Programs/netbsd-on-linux/system-src/user/libc/build/libc_pic.a(open64_nocancel.os)
 .eh_frame      0x0000000000004020       0x30 /home/scott/Documents/Programs/netbsd-on-linux/system-src/user/libc/build/libc_pic.a(read_nocancel.os)
 .eh_frame      0x0000000000004050       0x30 /home/scott/Documents/Programs/netbsd-on-linux/system-src/user/libc/build/libc_pic.a(pread64_nocancel.os)
 .eh_frame      0x0000000000004080       0x30 /home/scott/Documents/Programs/netbsd-on-linux/system-src/user/libc/build/libc_pic.a(write_nocancel.os)
 .eh_frame      0x00000000000040b0       0x48 /home/scott/Documents/Programs/netbsd-on-linux/system-src/user/libc/build/libc_pic.a(mmap64.os)
 .eh_frame      0x00000000000040f8       0x30 /home/scott/Documents/Programs/netbsd-on-linux/system-src/user/libc/build/libc_pic.a(munmap.os)
 .eh_frame      0x0000000000004128       0x30 /home/scott/Documents/Programs/netbsd-on-linux/system-src/user/libc/build/libc_pic.a(mprotect.os)
 .eh_frame      0x0000000000004158       0x80 /home/scott/Documents/Programs/netbsd-on-linux/system-src/user/libc/build/libc_pic.a(profil.os)
 .eh_frame      0x00000000000041d8       0x30 /home/scott/Documents/Programs/netbsd-on-linux/system-src/user/libc/build/libc_pic.a(prof-freq.os)
 .eh_frame      0x0000000000004208       0x30 /home/scott/Documents/Programs/netbsd-on-linux/system-src/user/libc/build/libc_pic.a(dl-addr-obj.os)
 .eh_frame      0x0000000000004238       0xe0 /home/scott/Documents/Programs/netbsd-on-linux/system-src/user/libc/build/libc_pic.a(sigaction.os)
                                         0xe8 (size before relaxing)
 .eh_frame      0x0000000000004318       0x58 /home/scott/Documents/Programs/netbsd-on-linux/system-src/user/libc/build/libc_pic.a(libc-cancellation.os)
 .eh_frame      0x0000000000004370       0x30 /home/scott/Documents/Programs/netbsd-on-linux/system-src/user/libc/build/libc_pic.a(setitimer.os)
 .eh_frame      0x00000000000043a0       0x30 /home/scott/Documents/Programs/netbsd-on-linux/system-src/user/libc/build/libc_pic.a(getdents64.os)
 .eh_frame      0x00000000000043d0      0x158 /home/scott/Documents/Programs/netbsd-on-linux/system-src/user/libc/build/libc_pic.a(forward.os)
 .eh_frame      0x0000000000004528       0x60 /home/scott/Documents/Programs/netbsd-on-linux/system-src/user/libc/build/libc_pic.a(exit.os)
 .eh_frame      0x0000000000004588       0xb0 /home/scott/Documents/Programs/netbsd-on-linux/system-src/user/libc/build/libc_pic.a(cxa_atexit.os)
 .eh_frame      0x0000000000004638       0x7c /home/scott/Documents/Programs/netbsd-on-linux/system-src/user/libc/build/libc_pic.a(cxa_thread_atexit_impl.os)
                                         0x80 (size before relaxing)

.gcc_except_table
 *(.gcc_except_table)

.gnu_extab
 *(.gnu_extab*)

.exception_ranges
 *(.exception_ranges)

.eh_frame
 *(.eh_frame)

.gnu_extab
 *(.gnu_extab)

.gcc_except_table
 *(.gcc_except_table)

.exception_ranges
 *(.exception_ranges)

.tdata
 *(.tdata)

.tbss           0x0000000000000000       0x18
 *(.tbss)
 .tbss          0x0000000000000000        0x4 /home/scott/Documents/Programs/netbsd-on-linux/system-src/user/libc/build/libc_pic.a(errno.os)
                0x0000000000000000                errno
                0x0000000000000000                __libc_errno
 *fill*         0x0000000000000004        0x4 
 .tbss          0x0000000000000008       0x10 /home/scott/Documents/Programs/netbsd-on-linux/system-src/user/libc/build/libc_pic.a(cxa_thread_atexit_impl.os)

.jcr
 *(.jcr)

.dynamic
 *(.dynamic)

.got
 *(.got)

.got.plt
 *(.got.plt)

.data           0x0000000000000000     0x1088
 *(.data)
 .data          0x0000000000000000     0x1038 /home/scott/Documents/Programs/netbsd-on-linux/system-src/user/libc/build/elf/dl-allobjs.os
                0x0000000000000000                _rtld_global
                0x0000000000000000                _rtld_local
 .data          0x0000000000001038        0x0 /home/scott/Documents/Programs/netbsd-on-linux/system-src/user/libc/build/libc_pic.a(check_fds.os)
 .data          0x0000000000001038        0x0 /home/scott/Documents/Programs/netbsd-on-linux/system-src/user/libc/build/libc_pic.a(errno.os)
 .data          0x0000000000001038        0x0 /home/scott/Documents/Programs/netbsd-on-linux/system-src/user/libc/build/libc_pic.a(setjmp.os)
 .data          0x0000000000001038        0x0 /home/scott/Documents/Programs/netbsd-on-linux/system-src/user/libc/build/libc_pic.a(__longjmp.os)
 .data          0x0000000000001038        0x0 /home/scott/Documents/Programs/netbsd-on-linux/system-src/user/libc/build/libc_pic.a(libc-lowlevellock.os)
 .data          0x0000000000001038        0x0 /home/scott/Documents/Programs/netbsd-on-linux/system-src/user/libc/build/libc_pic.a(scratch_buffer_set_array_size.os)
 .data          0x0000000000001038        0x0 /home/scott/Documents/Programs/netbsd-on-linux/system-src/user/libc/build/libc_pic.a(strchr.os)
 .data          0x0000000000001038        0x0 /home/scott/Documents/Programs/netbsd-on-linux/system-src/user/libc/build/libc_pic.a(strcmp.os)
 .data          0x0000000000001038        0x0 /home/scott/Documents/Programs/netbsd-on-linux/system-src/user/libc/build/libc_pic.a(strcspn.os)
 .data          0x0000000000001038        0x0 /home/scott/Documents/Programs/netbsd-on-linux/system-src/user/libc/build/libc_pic.a(strdup.os)
 .data          0x0000000000001038        0x0 /home/scott/Documents/Programs/netbsd-on-linux/system-src/user/libc/build/libc_pic.a(strlen.os)
 .data          0x0000000000001038        0x0 /home/scott/Documents/Programs/netbsd-on-linux/system-src/user/libc/build/libc_pic.a(strnlen.os)
 .data          0x0000000000001038        0x0 /home/scott/Documents/Programs/netbsd-on-linux/system-src/user/libc/build/libc_pic.a(strncmp.os)
 .data          0x0000000000001038        0x0 /home/scott/Documents/Programs/netbsd-on-linux/system-src/user/libc/build/libc_pic.a(memchr.os)
 .data          0x0000000000001038        0x0 /home/scott/Documents/Programs/netbsd-on-linux/system-src/user/libc/build/libc_pic.a(memcmp.os)
 .data          0x0000000000001038        0x0 /home/scott/Documents/Programs/netbsd-on-linux/system-src/user/libc/build/libc_pic.a(memmove.os)
 .data          0x0000000000001038        0x0 /home/scott/Documents/Programs/netbsd-on-linux/system-src/user/libc/build/libc_pic.a(memset.os)
 .data          0x0000000000001038        0x0 /home/scott/Documents/Programs/netbsd-on-linux/system-src/user/libc/build/libc_pic.a(mempcpy.os)
 .data          0x0000000000001038        0x0 /home/scott/Documents/Programs/netbsd-on-linux/system-src/user/libc/build/libc_pic.a(stpcpy.os)
 .data          0x0000000000001038        0x0 /home/scott/Documents/Programs/netbsd-on-linux/system-src/user/libc/build/libc_pic.a(memcpy.os)
 .data          0x0000000000001038        0x0 /home/scott/Documents/Programs/netbsd-on-linux/system-src/user/libc/build/libc_pic.a(rawmemchr.os)
 .data          0x0000000000001038        0x0 /home/scott/Documents/Programs/netbsd-on-linux/system-src/user/libc/build/libc_pic.a(strcmp-sse2.os)
 .data          0x0000000000001038        0x0 /home/scott/Documents/Programs/netbsd-on-linux/system-src/user/libc/build/libc_pic.a(strcmp-sse2-unaligned.os)
 .data          0x0000000000001038        0x0 /home/scott/Documents/Programs/netbsd-on-linux/system-src/user/libc/build/libc_pic.a(strcmp-ssse3.os)
 .data          0x0000000000001038        0x0 /home/scott/Documents/Programs/netbsd-on-linux/system-src/user/libc/build/libc_pic.a(strcmp-avx2.os)
 .data          0x0000000000001038        0x0 /home/scott/Documents/Programs/netbsd-on-linux/system-src/user/libc/build/libc_pic.a(strncmp-sse2.os)
 .data          0x0000000000001038        0x0 /home/scott/Documents/Programs/netbsd-on-linux/system-src/user/libc/build/libc_pic.a(strncmp-ssse3.os)
 .data          0x0000000000001038        0x0 /home/scott/Documents/Programs/netbsd-on-linux/system-src/user/libc/build/libc_pic.a(strncmp-sse4_2.os)
 .data          0x0000000000001038        0x0 /home/scott/Documents/Programs/netbsd-on-linux/system-src/user/libc/build/libc_pic.a(strncmp-avx2.os)
 .data          0x0000000000001038        0x0 /home/scott/Documents/Programs/netbsd-on-linux/system-src/user/libc/build/libc_pic.a(memchr-sse2.os)
 .data          0x0000000000001038        0x0 /home/scott/Documents/Programs/netbsd-on-linux/system-src/user/libc/build/libc_pic.a(rawmemchr-sse2.os)
 .data          0x0000000000001038        0x0 /home/scott/Documents/Programs/netbsd-on-linux/system-src/user/libc/build/libc_pic.a(memchr-avx2.os)
 .data          0x0000000000001038        0x0 /home/scott/Documents/Programs/netbsd-on-linux/system-src/user/libc/build/libc_pic.a(rawmemchr-avx2.os)
 .data          0x0000000000001038        0x0 /home/scott/Documents/Programs/netbsd-on-linux/system-src/user/libc/build/libc_pic.a(memcmp-sse2.os)
 .data          0x0000000000001038        0x0 /home/scott/Documents/Programs/netbsd-on-linux/system-src/user/libc/build/libc_pic.a(memcmp-avx2-movbe.os)
 .data          0x0000000000001038        0x0 /home/scott/Documents/Programs/netbsd-on-linux/system-src/user/libc/build/libc_pic.a(memcmp-sse4.os)
 .data          0x0000000000001038        0x0 /home/scott/Documents/Programs/netbsd-on-linux/system-src/user/libc/build/libc_pic.a(memcpy-ssse3.os)
 .data          0x0000000000001038        0x0 /home/scott/Documents/Programs/netbsd-on-linux/system-src/user/libc/build/libc_pic.a(memmove-ssse3.os)
 .data          0x0000000000001038        0x0 /home/scott/Documents/Programs/netbsd-on-linux/system-src/user/libc/build/libc_pic.a(memcpy-ssse3-back.os)
 .data          0x0000000000001038        0x0 /home/scott/Documents/Programs/netbsd-on-linux/system-src/user/libc/build/libc_pic.a(memmove-ssse3-back.os)
 .data          0x0000000000001038        0x0 /home/scott/Documents/Programs/netbsd-on-linux/system-src/user/libc/build/libc_pic.a(memmove-avx512-no-vzeroupper.os)
 .data          0x0000000000001038        0x0 /home/scott/Documents/Programs/netbsd-on-linux/system-src/user/libc/build/libc_pic.a(strchr-sse2.os)
 .data          0x0000000000001038        0x0 /home/scott/Documents/Programs/netbsd-on-linux/system-src/user/libc/build/libc_pic.a(strchr-avx2.os)
 .data          0x0000000000001038        0x0 /home/scott/Documents/Programs/netbsd-on-linux/system-src/user/libc/build/libc_pic.a(strlen-sse2.os)
 .data          0x0000000000001038        0x0 /home/scott/Documents/Programs/netbsd-on-linux/system-src/user/libc/build/libc_pic.a(strnlen-sse2.os)
 .data          0x0000000000001038        0x0 /home/scott/Documents/Programs/netbsd-on-linux/system-src/user/libc/build/libc_pic.a(strlen-avx2.os)
 .data          0x0000000000001038        0x0 /home/scott/Documents/Programs/netbsd-on-linux/system-src/user/libc/build/libc_pic.a(strnlen-avx2.os)
 .data          0x0000000000001038        0x0 /home/scott/Documents/Programs/netbsd-on-linux/system-src/user/libc/build/libc_pic.a(stpcpy-sse2.os)
 .data          0x0000000000001038        0x0 /home/scott/Documents/Programs/netbsd-on-linux/system-src/user/libc/build/libc_pic.a(stpcpy-ssse3.os)
 .data          0x0000000000001038        0x0 /home/scott/Documents/Programs/netbsd-on-linux/system-src/user/libc/build/libc_pic.a(stpcpy-sse2-unaligned.os)
 .data          0x0000000000001038        0x0 /home/scott/Documents/Programs/netbsd-on-linux/system-src/user/libc/build/libc_pic.a(stpcpy-avx2.os)
 .data          0x0000000000001038        0x0 /home/scott/Documents/Programs/netbsd-on-linux/system-src/user/libc/build/libc_pic.a(strchr-sse2-no-bsf.os)
 .data          0x0000000000001038        0x0 /home/scott/Documents/Programs/netbsd-on-linux/system-src/user/libc/build/libc_pic.a(memcmp-ssse3.os)
 .data          0x0000000000001038        0x0 /home/scott/Documents/Programs/netbsd-on-linux/system-src/user/libc/build/libc_pic.a(strcspn-sse2.os)
 .data          0x0000000000001038        0x0 /home/scott/Documents/Programs/netbsd-on-linux/system-src/user/libc/build/libc_pic.a(strcspn-c.os)
 .data          0x0000000000001038        0x0 /home/scott/Documents/Programs/netbsd-on-linux/system-src/user/libc/build/libc_pic.a(varshift.os)
 .data          0x0000000000001038        0x0 /home/scott/Documents/Programs/netbsd-on-linux/system-src/user/libc/build/libc_pic.a(memset-avx512-no-vzeroupper.os)
 .data          0x0000000000001038        0x0 /home/scott/Documents/Programs/netbsd-on-linux/system-src/user/libc/build/libc_pic.a(memmove-sse2-unaligned-erms.os)
 .data          0x0000000000001038        0x0 /home/scott/Documents/Programs/netbsd-on-linux/system-src/user/libc/build/libc_pic.a(memmove-avx-unaligned-erms.os)
 .data          0x0000000000001038        0x0 /home/scott/Documents/Programs/netbsd-on-linux/system-src/user/libc/build/libc_pic.a(memmove-avx512-unaligned-erms.os)
 .data          0x0000000000001038        0x0 /home/scott/Documents/Programs/netbsd-on-linux/system-src/user/libc/build/libc_pic.a(memset-sse2-unaligned-erms.os)
 .data          0x0000000000001038        0x0 /home/scott/Documents/Programs/netbsd-on-linux/system-src/user/libc/build/libc_pic.a(memset-avx2-unaligned-erms.os)
 .data          0x0000000000001038        0x0 /home/scott/Documents/Programs/netbsd-on-linux/system-src/user/libc/build/libc_pic.a(memset-avx512-unaligned-erms.os)
 .data          0x0000000000001038       0x50 /home/scott/Documents/Programs/netbsd-on-linux/system-src/user/libc/build/libc_pic.a(cacheinfo.os)
                0x0000000000001038                __x86_rep_stosb_threshold
                0x0000000000001040                __x86_rep_movsb_threshold
                0x0000000000001048                __x86_raw_shared_cache_size
                0x0000000000001050                __x86_raw_shared_cache_size_half
                0x0000000000001058                __x86_shared_cache_size
                0x0000000000001060                __x86_shared_cache_size_half
                0x0000000000001068                __x86_raw_data_cache_size
                0x0000000000001070                __x86_raw_data_cache_size_half
                0x0000000000001078                __x86_data_cache_size
                0x0000000000001080                __x86_data_cache_size_half
 .data          0x0000000000001088        0x0 /home/scott/Documents/Programs/netbsd-on-linux/system-src/user/libc/build/libc_pic.a(closedir.os)
 .data          0x0000000000001088        0x0 /home/scott/Documents/Programs/netbsd-on-linux/system-src/user/libc/build/libc_pic.a(rewinddir.os)
 .data          0x0000000000001088        0x0 /home/scott/Documents/Programs/netbsd-on-linux/system-src/user/libc/build/libc_pic.a(readdir64.os)
 .data          0x0000000000001088        0x0 /home/scott/Documents/Programs/netbsd-on-linux/system-src/user/libc/build/libc_pic.a(fdopendir.os)
 .data          0x0000000000001088        0x0 /home/scott/Documents/Programs/netbsd-on-linux/system-src/user/libc/build/libc_pic.a(uname.os)
 .data          0x0000000000001088        0x0 /home/scott/Documents/Programs/netbsd-on-linux/system-src/user/libc/build/libc_pic.a(_exit.os)
 .data          0x0000000000001088        0x0 /home/scott/Documents/Programs/netbsd-on-linux/system-src/user/libc/build/libc_pic.a(getpid.os)
 .data          0x0000000000001088        0x0 /home/scott/Documents/Programs/netbsd-on-linux/system-src/user/libc/build/libc_pic.a(environ.os)
 .data          0x0000000000001088        0x0 /home/scott/Documents/Programs/netbsd-on-linux/system-src/user/libc/build/libc_pic.a(stat64.os)
 .data          0x0000000000001088        0x0 /home/scott/Documents/Programs/netbsd-on-linux/system-src/user/libc/build/libc_pic.a(fstat64.os)
 .data          0x0000000000001088        0x0 /home/scott/Documents/Programs/netbsd-on-linux/system-src/user/libc/build/libc_pic.a(lstat64.os)
 .data          0x0000000000001088        0x0 /home/scott/Documents/Programs/netbsd-on-linux/system-src/user/libc/build/libc_pic.a(fstatat64.os)
 .data          0x0000000000001088        0x0 /home/scott/Documents/Programs/netbsd-on-linux/system-src/user/libc/build/libc_pic.a(openat64.os)
 .data          0x0000000000001088        0x0 /home/scott/Documents/Programs/netbsd-on-linux/system-src/user/libc/build/libc_pic.a(lseek64.os)
 .data          0x0000000000001088        0x0 /home/scott/Documents/Programs/netbsd-on-linux/system-src/user/libc/build/libc_pic.a(access.os)
 .data          0x0000000000001088        0x0 /home/scott/Documents/Programs/netbsd-on-linux/system-src/user/libc/build/libc_pic.a(close_nocancel.os)
 .data          0x0000000000001088        0x0 /home/scott/Documents/Programs/netbsd-on-linux/system-src/user/libc/build/libc_pic.a(fcntl_nocancel.os)
 .data          0x0000000000001088        0x0 /home/scott/Documents/Programs/netbsd-on-linux/system-src/user/libc/build/libc_pic.a(open64_nocancel.os)
 .data          0x0000000000001088        0x0 /home/scott/Documents/Programs/netbsd-on-linux/system-src/user/libc/build/libc_pic.a(read_nocancel.os)
 .data          0x0000000000001088        0x0 /home/scott/Documents/Programs/netbsd-on-linux/system-src/user/libc/build/libc_pic.a(pread64_nocancel.os)
 .data          0x0000000000001088        0x0 /home/scott/Documents/Programs/netbsd-on-linux/system-src/user/libc/build/libc_pic.a(write_nocancel.os)
 .data          0x0000000000001088        0x0 /home/scott/Documents/Programs/netbsd-on-linux/system-src/user/libc/build/libc_pic.a(mmap64.os)
 .data          0x0000000000001088        0x0 /home/scott/Documents/Programs/netbsd-on-linux/system-src/user/libc/build/libc_pic.a(munmap.os)
 .data          0x0000000000001088        0x0 /home/scott/Documents/Programs/netbsd-on-linux/system-src/user/libc/build/libc_pic.a(mprotect.os)
 .data          0x0000000000001088        0x0 /home/scott/Documents/Programs/netbsd-on-linux/system-src/user/libc/build/libc_pic.a(profil.os)
 .data          0x0000000000001088        0x0 /home/scott/Documents/Programs/netbsd-on-linux/system-src/user/libc/build/libc_pic.a(prof-freq.os)
 .data          0x0000000000001088        0x0 /home/scott/Documents/Programs/netbsd-on-linux/system-src/user/libc/build/libc_pic.a(dl-addr-obj.os)
 .data          0x0000000000001088        0x0 /home/scott/Documents/Programs/netbsd-on-linux/system-src/user/libc/build/libc_pic.a(sigaction.os)
 .data          0x0000000000001088        0x0 /home/scott/Documents/Programs/netbsd-on-linux/system-src/user/libc/build/libc_pic.a(libc-cancellation.os)
 .data          0x0000000000001088        0x0 /home/scott/Documents/Programs/netbsd-on-linux/system-src/user/libc/build/libc_pic.a(setitimer.os)
 .data          0x0000000000001088        0x0 /home/scott/Documents/Programs/netbsd-on-linux/system-src/user/libc/build/libc_pic.a(getdents64.os)
 .data          0x0000000000001088        0x0 /home/scott/Documents/Programs/netbsd-on-linux/system-src/user/libc/build/libc_pic.a(forward.os)
 .data          0x0000000000001088        0x0 /home/scott/Documents/Programs/netbsd-on-linux/system-src/user/libc/build/libc_pic.a(exit.os)
 .data          0x0000000000001088        0x0 /home/scott/Documents/Programs/netbsd-on-linux/system-src/user/libc/build/libc_pic.a(cxa_atexit.os)
 .data          0x0000000000001088        0x0 /home/scott/Documents/Programs/netbsd-on-linux/system-src/user/libc/build/libc_pic.a(cxa_thread_atexit_impl.os)

.data.rel.ro    0x0000000000000000     0x1218
 .data.rel.ro   0x0000000000000000     0x1210 /home/scott/Documents/Programs/netbsd-on-linux/system-src/user/libc/build/elf/dl-allobjs.os
                0x0000000000000090                __pointer_chk_guard_local
                0x0000000000000098                _dl_skip_args
                0x00000000000000a0                __GI__dl_argv
                0x00000000000000a0                _dl_argv
                0x00000000000000a8                _dl_argc
                0x00000000000000c0                _rtld_global_ro